
> medresearch-ai@6.0.0-beta test
> node --test

🧪 MedResearch AI - Agent Validation Test

============================================================

📁 Testing Main Agents
------------------------------------------------------------
❌ Error reading directory: ENOENT: no such file or directory, scandir 'C:\Users\Admin\Documents\AI-Projects\OpenAgents-main\Project\MedResearch-AI\tests\.opencode\agent\medresearch'

📁 Testing Sub-Agents
------------------------------------------------------------
❌ Error reading directory: ENOENT: no such file or directory, scandir 'C:\Users\Admin\Documents\AI-Projects\OpenAgents-main\Project\MedResearch-AI\tests\.opencode\agent\subagents\medresearch'

============================================================
📋 Test Summary
============================================================

✅ Passed: 0/0 tests
❌ Failed: 0/0 tests

📊 Pass Rate: NaN%

🎉 All tests passed! Agents are properly formatted.

Next steps:
  1. Test agents with OpenCode CLI
  2. Create context files
  3. Create university profiles
  4. Commit to git

✔ tests\test-agents.js (178.73ms)
╔════════════════════════════════════════════════════════════╗
║   AMSTAR-2 Quality Assessment - Test Suite                ║
║   Systematic Review Quality Appraisal                     ║
║   Version: 6.0.0-beta                                      ║
╚════════════════════════════════════════════════════════════╝

=== Test 1: High Quality Review ===
2025-12-07 01:47:42 [[32minfo[39m]: Assessing systematic review quality using AMSTAR-2 {
  "service": "medresearch-ai",
  "version": "4.1.0",
  "study_id": "SR001",
  "design": "systematic_review"
}
2025-12-07 01:47:42 [[32minfo[39m]: AMSTAR-2 assessment complete {
  "service": "medresearch-ai",
  "version": "4.1.0",
  "study_id": "SR001",
  "overall_rating": "high",
  "confidence": 0.6571428571428571
}
  ✓ Overall rating: high
  ✓ Domains assessed: 7
  ✓ Confidence: 65.7%
  ✓ Requires review: false
✅ Test 1 passed: High quality review

=== Test 2: Moderate Quality Review ===
2025-12-07 01:47:42 [[32minfo[39m]: Assessing systematic review quality using AMSTAR-2 {
  "service": "medresearch-ai",
  "version": "4.1.0",
  "study_id": "SR002",
  "design": "systematic_review"
}
2025-12-07 01:47:42 [[32minfo[39m]: AMSTAR-2 assessment complete {
  "service": "medresearch-ai",
  "version": "4.1.0",
  "study_id": "SR002",
  "overall_rating": "moderate",
  "confidence": 0.6
}
  ✓ Overall rating: moderate
  ✓ Poor domains: 1
  ✓ Rationale: One critical weakness identified
✅ Test 2 passed: Moderate quality review

=== Test 3: Low Quality Review ===
2025-12-07 01:47:42 [[32minfo[39m]: Assessing systematic review quality using AMSTAR-2 {
  "service": "medresearch-ai",
  "version": "4.1.0",
  "study_id": "SR003",
  "design": "systematic_review"
}
2025-12-07 01:47:42 [[32minfo[39m]: AMSTAR-2 assessment complete {
  "service": "medresearch-ai",
  "version": "4.1.0",
  "study_id": "SR003",
  "overall_rating": "critically_low",
  "confidence": 0.5285714285714285
}
  ✓ Overall rating: critically_low
  ✓ Poor domains: 4
✅ Test 3 passed: Low quality review

=== Test 4: Critically Low Quality Review ===
2025-12-07 01:47:42 [[32minfo[39m]: Assessing systematic review quality using AMSTAR-2 {
  "service": "medresearch-ai",
  "version": "4.1.0",
  "study_id": "SR004",
  "design": "systematic_review"
}
2025-12-07 01:47:42 [[32minfo[39m]: AMSTAR-2 assessment complete {
  "service": "medresearch-ai",
  "version": "4.1.0",
  "study_id": "SR004",
  "overall_rating": "critically_low",
  "confidence": 0.42857142857142855
}
  ✓ Overall rating: critically_low
  ✓ Poor domains: 6
  ✓ Requires review: true
✅ Test 4 passed: Critically low quality review

=== Test 5: Protocol Registration Detection ===
2025-12-07 01:47:42 [[32minfo[39m]: Assessing systematic review quality using AMSTAR-2 {
  "service": "medresearch-ai",
  "version": "4.1.0",
  "study_id": "SR005",
  "design": "systematic_review"
}
2025-12-07 01:47:42 [[32minfo[39m]: AMSTAR-2 assessment complete {
  "service": "medresearch-ai",
  "version": "4.1.0",
  "study_id": "SR005",
  "overall_rating": "critically_low",
  "confidence": 0.42857142857142855
}
2025-12-07 01:47:42 [[32minfo[39m]: Assessing systematic review quality using AMSTAR-2 {
  "service": "medresearch-ai",
  "version": "4.1.0",
  "study_id": "SR006",
  "design": "systematic_review"
}
2025-12-07 01:47:42 [[32minfo[39m]: AMSTAR-2 assessment complete {
  "service": "medresearch-ai",
  "version": "4.1.0",
  "study_id": "SR006",
  "overall_rating": "critically_low",
  "confidence": 0.3714285714285714
}
  ✓ With protocol: good
  ✓ Without protocol: poor
✅ Test 5 passed: Protocol detection

=== Test 6: Comprehensive Search Detection ===
2025-12-07 01:47:42 [[32minfo[39m]: Assessing systematic review quality using AMSTAR-2 {
  "service": "medresearch-ai",
  "version": "4.1.0",
  "study_id": "SR007",
  "design": "systematic_review"
}
2025-12-07 01:47:42 [[32minfo[39m]: AMSTAR-2 assessment complete {
  "service": "medresearch-ai",
  "version": "4.1.0",
  "study_id": "SR007",
  "overall_rating": "critically_low",
  "confidence": 0.4714285714285714
}
2025-12-07 01:47:42 [[32minfo[39m]: Assessing systematic review quality using AMSTAR-2 {
  "service": "medresearch-ai",
  "version": "4.1.0",
  "study_id": "SR008",
  "design": "systematic_review"
}
2025-12-07 01:47:42 [[32minfo[39m]: AMSTAR-2 assessment complete {
  "service": "medresearch-ai",
  "version": "4.1.0",
  "study_id": "SR008",
  "overall_rating": "critically_low",
  "confidence": 0.41428571428571426
}
  ✓ Comprehensive search: good
  ✓ Limited search: poor
✅ Test 6 passed: Search detection

=== Test 7: Duplicate Processes Detection ===
2025-12-07 01:47:42 [[32minfo[39m]: Assessing systematic review quality using AMSTAR-2 {
  "service": "medresearch-ai",
  "version": "4.1.0",
  "study_id": "SR009",
  "design": "systematic_review"
}
2025-12-07 01:47:42 [[32minfo[39m]: AMSTAR-2 assessment complete {
  "service": "medresearch-ai",
  "version": "4.1.0",
  "study_id": "SR009",
  "overall_rating": "critically_low",
  "confidence": 0.48571428571428565
}
2025-12-07 01:47:42 [[32minfo[39m]: Assessing systematic review quality using AMSTAR-2 {
  "service": "medresearch-ai",
  "version": "4.1.0",
  "study_id": "SR010",
  "design": "systematic_review"
}
2025-12-07 01:47:42 [[32minfo[39m]: AMSTAR-2 assessment complete {
  "service": "medresearch-ai",
  "version": "4.1.0",
  "study_id": "SR010",
  "overall_rating": "critically_low",
  "confidence": 0.42857142857142855
}
  ✓ With duplicate selection: good
  ✓ With duplicate extraction: good
✅ Test 7 passed: Duplicate processes detection

=== Test 8: Publication Bias Assessment ===
2025-12-07 01:47:42 [[32minfo[39m]: Assessing systematic review quality using AMSTAR-2 {
  "service": "medresearch-ai",
  "version": "4.1.0",
  "study_id": "SR011",
  "design": "systematic_review"
}
2025-12-07 01:47:42 [[32minfo[39m]: AMSTAR-2 assessment complete {
  "service": "medresearch-ai",
  "version": "4.1.0",
  "study_id": "SR011",
  "overall_rating": "critically_low",
  "confidence": 0.41428571428571426
}
2025-12-07 01:47:42 [[32minfo[39m]: Assessing systematic review quality using AMSTAR-2 {
  "service": "medresearch-ai",
  "version": "4.1.0",
  "study_id": "SR012",
  "design": "systematic_review"
}
2025-12-07 01:47:42 [[32minfo[39m]: AMSTAR-2 assessment complete {
  "service": "medresearch-ai",
  "version": "4.1.0",
  "study_id": "SR012",
  "overall_rating": "critically_low",
  "confidence": 0.34285714285714286
}
  ✓ With bias assessment: good
  ✓ Without bias assessment: poor
✅ Test 8 passed: Publication bias assessment

============================================================
TEST SUMMARY
============================================================
Total tests: 8
Passed: 8 ✅
Failed: 0 ❌
Success rate: 100.0%
============================================================
✔ tests\test-amstar2.js (348.097ms)
2025-12-07 01:47:42 [[32minfo[39m]: Cache service initialized {
  "service": "medresearch-ai",
  "version": "4.1.0",
  "stdTTL": 300,
  "checkperiod": 60,
  "useClones": false,
  "maxKeys": 1000
}
🧪 Citation Verification Tool - Test Suite

============================================================

🚀 Starting Citation Verification Tool Tests...


📋 Test 1: Verify Valid PMIDs
------------------------------------------------------------
2025-12-07 01:47:42 [[32minfo[39m]: Starting batch citation verification for 2 citations
2025-12-07 01:47:42 [[32minfo[39m]: Verifying PMID: 33782619
2025-12-07 01:47:43 [[32minfo[39m]: PMID 33782619 verified: Initial report of decreased SARS-CoV-2 viral load after inoculation with the BNT162b2 vaccine.
2025-12-07 01:47:43 [[32minfo[39m]: Verified 1/2: 33782619 - verified
2025-12-07 01:47:43 [[32minfo[39m]: Verifying PMID: 32109013
2025-12-07 01:47:43 [[32minfo[39m]: PMID 32109013 verified: Clinical Characteristics of Coronavirus Disease 2019 in China.
2025-12-07 01:47:43 [[32minfo[39m]: Verified 2/2: 32109013 - verified
2025-12-07 01:47:43 [[32minfo[39m]: Verification report generated (691 characters)
2025-12-07 01:47:43 [[32minfo[39m]: Batch verification complete: 2/2 verified (100.0%)
✅ Total citations: 2
✅ Verified: 2
✅ Verification rate: 100.0%
✅ Processing time: 1135ms

   PMID 33782619:
   Title: Initial report of decreased SARS-CoV-2 viral load after inoc...
   Journal: Nature medicine
   Year: 2021

   PMID 32109013:
   Title: Clinical Characteristics of Coronavirus Disease 2019 in Chin...
   Journal: The New England journal of medicine
   Year: 2020

✅ TEST PASSED: All PMIDs verified successfully

📋 Test 2: Verify Valid DOIs
------------------------------------------------------------
2025-12-07 01:47:43 [[32minfo[39m]: Starting batch citation verification for 1 citations
2025-12-07 01:47:43 [[32minfo[39m]: Verifying DOI: 10.1056/NEJMoa2034577
2025-12-07 01:47:44 [[32minfo[39m]: DOI 10.1056/NEJMoa2034577 verified: Safety and Efficacy of the BNT162b2 mRNA Covid-19 Vaccine
2025-12-07 01:47:44 [[32minfo[39m]: Verified 1/1: 10.1056/NEJMoa2034577 - verified
2025-12-07 01:47:44 [[32minfo[39m]: Verification report generated (597 characters)
2025-12-07 01:47:44 [[32minfo[39m]: Batch verification complete: 1/1 verified (100.0%)
✅ Total citations: 1
✅ Verified: 1
✅ Verification rate: 100.0%

   DOI 10.1056/NEJMoa2034577:
   Title: Safety and Efficacy of the BNT162b2 mRNA Covid-19 Vaccine...
   Journal: New England Journal of Medicine
   Year: 2020

✅ TEST PASSED: DOI verified successfully

📋 Test 3: Handle Invalid PMIDs
------------------------------------------------------------
2025-12-07 01:47:44 [[32minfo[39m]: Starting batch citation verification for 2 citations
2025-12-07 01:47:44 [[32minfo[39m]: Verifying PMID: 99999999
2025-12-07 01:47:44 [[32minfo[39m]: Verified 1/2: 99999999 - not_found
2025-12-07 01:47:45 [[32minfo[39m]: Verifying PMID: 1234
2025-12-07 01:47:45 [[32minfo[39m]: Verified 2/2: 1234 - error
2025-12-07 01:47:45 [[32minfo[39m]: Verification report generated (630 characters)
2025-12-07 01:47:45 [[32minfo[39m]: Batch verification complete: 0/2 verified (0.0%)
✅ Total citations: 2
✅ Unverified: 1
✅ Errors: 1

   99999999: not_found - PMID not found in PubMed: cannot get document summary

   1234: error - Invalid PMID format (must be 7-8 digits)

✅ TEST PASSED: Invalid PMIDs handled correctly

📋 Test 4: Mixed Citations (PMIDs and DOIs)
------------------------------------------------------------
2025-12-07 01:47:45 [[32minfo[39m]: Starting batch citation verification for 3 citations
2025-12-07 01:47:45 [[32minfo[39m]: Verified 1/3: 33782619 - verified
2025-12-07 01:47:45 [[32minfo[39m]: Verified 2/3: 10.1056/NEJMoa2034577 - verified
2025-12-07 01:47:46 [[32minfo[39m]: Verified 3/3: 99999999 - not_found
2025-12-07 01:47:46 [[32minfo[39m]: Verification report generated (849 characters)
2025-12-07 01:47:46 [[32minfo[39m]: Batch verification complete: 2/3 verified (66.7%)
✅ Total citations: 3
✅ Verified: 2
✅ Unverified: 1
✅ Verification rate: 66.7%

✅ TEST PASSED: Mixed citations handled correctly

📋 Test 5: Performance Test (10 citations)
------------------------------------------------------------
2025-12-07 01:47:46 [[32minfo[39m]: Starting batch citation verification for 10 citations
2025-12-07 01:47:46 [[32minfo[39m]: Verified 1/10: 33782619 - verified
2025-12-07 01:47:46 [[32minfo[39m]: Verified 2/10: 32109013 - verified
2025-12-07 01:47:46 [[32minfo[39m]: Verifying PMID: 33301246
2025-12-07 01:47:46 [[32minfo[39m]: PMID 33301246 verified: Safety and Efficacy of the BNT162b2 mRNA Covid-19 Vaccine.
2025-12-07 01:47:46 [[32minfo[39m]: Verified 3/10: 33301246 - verified
2025-12-07 01:47:47 [[32minfo[39m]: Verifying PMID: 33378609
2025-12-07 01:47:47 [[32minfo[39m]: PMID 33378609 verified: Efficacy and Safety of the mRNA-1273 SARS-CoV-2 Vaccine.
2025-12-07 01:47:47 [[32minfo[39m]: Verified 4/10: 33378609 - verified
2025-12-07 01:47:47 [[32minfo[39m]: Verifying PMID: 33301245
2025-12-07 01:47:48 [[32minfo[39m]: PMID 33301245 verified: SARS-CoV-2 Vaccination - An Ounce (Actually, Much Less) of Prevention.
2025-12-07 01:47:48 [[32minfo[39m]: Verified 5/10: 33301245 - verified
2025-12-07 01:47:48 [[32minfo[39m]: Verified 6/10: 10.1056/NEJMoa2034577 - verified
2025-12-07 01:47:48 [[32minfo[39m]: Verifying DOI: 10.1016/S0140-6736(20)32661-1
2025-12-07 01:47:49 [[32minfo[39m]: DOI 10.1016/S0140-6736(20)32661-1 verified: Safety and efficacy of the ChAdOx1 nCoV-19 vaccine (AZD1222) against SARS-CoV-2: an interim analysis of four randomised controlled trials in Brazil, South Africa, and the UK
2025-12-07 01:47:49 [[32minfo[39m]: Verified 7/10: 10.1016/S0140-6736(20)32661-1 - verified
2025-12-07 01:47:49 [[32minfo[39m]: Verified 8/10: 99999999 - not_found
2025-12-07 01:47:50 [[32minfo[39m]: Verifying PMID: 99999998
2025-12-07 01:47:50 [[32minfo[39m]: Verified 9/10: 99999998 - not_found
2025-12-07 01:47:50 [[32minfo[39m]: Verifying PMID: 99999997
2025-12-07 01:47:51 [[32minfo[39m]: Verified 10/10: 99999997 - not_found
2025-12-07 01:47:51 [[32minfo[39m]: Verification report generated (1603 characters)
2025-12-07 01:47:51 [[32minfo[39m]: Batch verification complete: 7/10 verified (70.0%)
✅ Total citations: 10
✅ Verified: 7
✅ Processing time: 4984ms
✅ Average time per citation: 498ms

✅ TEST PASSED: Performance within acceptable limits

============================================================
📊 TEST SUMMARY
============================================================
✅ Valid PMIDs
✅ Valid DOIs
✅ Invalid PMIDs
✅ Mixed Citations
✅ Performance

============================================================
TOTAL: 5/5 tests passed (100%)
============================================================

🎉 ALL TESTS PASSED! Citation Verification Tool is working correctly.

✔ tests\test-citation-verification.js (8572.9025ms)
╔════════════════════════════════════════════════════════════╗
║   Cochrane Library Integration - Test Suite               ║
║   Version: 6.0.0-beta                                      ║
╚════════════════════════════════════════════════════════════╝

=== Test 1: Basic Cochrane Library Search ===
2025-12-07 01:47:42 [[32minfo[39m]: Searching Cochrane Library {
  "service": "medresearch-ai",
  "version": "6.0.0-beta",
  "query": "depression",
  "database": "all"
}
2025-12-07 01:47:42 [[32minfo[39m]: Cochrane Library search complete {
  "service": "medresearch-ai",
  "version": "6.0.0-beta",
  "count": 2,
  "retrieved": 2
}
  ✓ Query: depression
  ✓ Count: 2
  ✓ Retrieved: 2
  ✓ First result: Exercise for depression...
✅ Test 1 passed: Basic search works

=== Test 2: Database Filter ===
2025-12-07 01:47:42 [[32minfo[39m]: Searching Cochrane Library {
  "service": "medresearch-ai",
  "version": "6.0.0-beta",
  "query": "anxiety",
  "database": "cochrane_reviews"
}
2025-12-07 01:47:42 [[32minfo[39m]: Cochrane Library search complete {
  "service": "medresearch-ai",
  "version": "6.0.0-beta",
  "count": 2,
  "retrieved": 2
}
  ✓ Database: cochrane_reviews
  ✓ Results: 2
✅ Test 2 passed: Database filter works

=== Test 3: Year Range Filter ===
2025-12-07 01:47:42 [[32minfo[39m]: Searching Cochrane Library {
  "service": "medresearch-ai",
  "version": "6.0.0-beta",
  "query": "exercise",
  "database": "all"
}
2025-12-07 01:47:42 [[32minfo[39m]: Cochrane Library search complete {
  "service": "medresearch-ai",
  "version": "6.0.0-beta",
  "count": 2,
  "retrieved": 2
}
  ✓ Year range: 2010-2020
  ✓ Filters applied: year >= 2010, year <= 2020
✅ Test 3 passed: Year range filter works

=== Test 4: Review Type Filter ===
2025-12-07 01:47:42 [[32minfo[39m]: Searching Cochrane Library {
  "service": "medresearch-ai",
  "version": "6.0.0-beta",
  "query": "therapy",
  "database": "all"
}
2025-12-07 01:47:42 [[32minfo[39m]: Cochrane Library search complete {
  "service": "medresearch-ai",
  "version": "6.0.0-beta",
  "count": 2,
  "retrieved": 2
}
  ✓ Review type: intervention
  ✓ Results: 2
✅ Test 4 passed: Review type filter works

=== Test 5: Get Review Details ===
2025-12-07 01:47:42 [[32minfo[39m]: Retrieving Cochrane review details {
  "service": "medresearch-ai",
  "version": "6.0.0-beta",
  "review_id": "CD001234"
}
2025-12-07 01:47:42 [[32minfo[39m]: Cochrane review details retrieved {
  "service": "medresearch-ai",
  "version": "6.0.0-beta",
  "review_id": "CD001234",
  "title": "Exercise for depression"
}
  ✓ Review ID: CD001234
  ✓ Title: Exercise for depression...
  ✓ Included studies: 35
  ✓ Participants: 1356
  ✓ Has meta-analysis: true
✅ Test 5 passed: Review details retrieval works

=== Test 6: PICO Extraction from Review ===
  ✓ Population: Adults with depression
  ✓ Intervention: Exercise therapy
  ✓ Comparison: No treatment or usual care
  ✓ Outcomes: Depression symptoms, Quality of life, Adverse events
✅ Test 6 passed: PICO extraction works

=== Test 7: Citation Export ===
  ✓ Plain: Cooney GM, Dwan K, Greig CA, et al. Exercise for depression. Cochrane Database S...
  ✓ BibTeX: Generated successfully
  ✓ RIS: Generated successfully
  ✓ EndNote: Generated successfully
✅ Test 7 passed: Citation export works

============================================================
TEST SUMMARY
============================================================
Total tests: 7
Passed: 7 ✅
Failed: 0 ❌
Success rate: 100.0%
============================================================

🎉 All tests passed! Cochrane Library integration is working correctly.

✔ tests\test-cochrane-library.js (376.3188ms)
╔════════════════════════════════════════════════════════════╗
║   NLP Data Extraction Tool - Comprehensive Test Suite     ║
║   Version: 6.0.0-beta                                      ║
╚════════════════════════════════════════════════════════════╝

=== Test 1: Complete RCT with Full PICO ===
2025-12-07 01:47:42 [[32minfo[39m]: Extracting data using NLP {
  "service": "medresearch-ai",
  "version": "4.1.0",
  "study_id": "RCT-001",
  "design": "randomized_controlled_trial"
}
2025-12-07 01:47:42 [[32minfo[39m]: Data extraction complete {
  "service": "medresearch-ai",
  "version": "4.1.0",
  "study_id": "RCT-001",
  "confidence": 0.74,
  "requires_review": false
}
✅ Test 1 passed: Complete RCT extraction

=== Test 2: Incomplete Study (Manual Review Required) ===
2025-12-07 01:47:42 [[32minfo[39m]: Extracting data using NLP {
  "service": "medresearch-ai",
  "version": "4.1.0",
  "study_id": "INCOMPLETE-001",
  "design": "randomized_controlled_trial"
}
2025-12-07 01:47:42 [[32minfo[39m]: Data extraction complete {
  "service": "medresearch-ai",
  "version": "4.1.0",
  "study_id": "INCOMPLETE-001",
  "confidence": 0.36,
  "requires_review": true
}
✅ Test 2 passed: Incomplete study flagged for review

=== Test 3: Cohort Study ===
2025-12-07 01:47:42 [[32minfo[39m]: Extracting data using NLP {
  "service": "medresearch-ai",
  "version": "4.1.0",
  "study_id": "COHORT-001",
  "design": "prospective_cohort"
}
2025-12-07 01:47:42 [[32minfo[39m]: Data extraction complete {
  "service": "medresearch-ai",
  "version": "4.1.0",
  "study_id": "COHORT-001",
  "confidence": 0.76,
  "requires_review": false
}
✅ Test 3 passed: Cohort study extraction

=== Test 4: Surgical Intervention Detection ===
2025-12-07 01:47:42 [[32minfo[39m]: Extracting data using NLP {
  "service": "medresearch-ai",
  "version": "4.1.0",
  "study_id": "SURGERY-001",
  "design": "randomized_controlled_trial"
}
2025-12-07 01:47:42 [[32minfo[39m]: Data extraction complete {
  "service": "medresearch-ai",
  "version": "4.1.0",
  "study_id": "SURGERY-001",
  "confidence": 0.6399999999999999,
  "requires_review": false
}
✅ Test 4 passed: Surgical intervention detected

=== Test 5: Behavioral Intervention Detection ===
2025-12-07 01:47:42 [[32minfo[39m]: Extracting data using NLP {
  "service": "medresearch-ai",
  "version": "4.1.0",
  "study_id": "BEHAVIORAL-001",
  "design": "randomized_controlled_trial"
}
2025-12-07 01:47:42 [[32minfo[39m]: Data extraction complete {
  "service": "medresearch-ai",
  "version": "4.1.0",
  "study_id": "BEHAVIORAL-001",
  "confidence": 0.6399999999999999,
  "requires_review": false
}
✅ Test 5 passed: Behavioral intervention detected

=== Test 6: Multiple Outcomes Extraction ===
2025-12-07 01:47:42 [[32minfo[39m]: Extracting data using NLP {
  "service": "medresearch-ai",
  "version": "4.1.0",
  "study_id": "MULTI-OUTCOME-001",
  "design": "randomized_controlled_trial"
}
2025-12-07 01:47:42 [[32minfo[39m]: Data extraction complete {
  "service": "medresearch-ai",
  "version": "4.1.0",
  "study_id": "MULTI-OUTCOME-001",
  "confidence": 0.52,
  "requires_review": true
}
✅ Test 6 passed: Multiple outcomes extracted

=== Test 7: Gender-Specific Study ===
2025-12-07 01:47:42 [[32minfo[39m]: Extracting data using NLP {
  "service": "medresearch-ai",
  "version": "4.1.0",
  "study_id": "GENDER-001",
  "design": "randomized_controlled_trial"
}
2025-12-07 01:47:42 [[32minfo[39m]: Data extraction complete {
  "service": "medresearch-ai",
  "version": "4.1.0",
  "study_id": "GENDER-001",
  "confidence": 0.48,
  "requires_review": true
}
✅ Test 7 passed: Gender-specific study detected

=== Test 8: Non-Significant Results ===
2025-12-07 01:47:42 [[32minfo[39m]: Extracting data using NLP {
  "service": "medresearch-ai",
  "version": "4.1.0",
  "study_id": "NON-SIG-001",
  "design": "randomized_controlled_trial"
}
2025-12-07 01:47:42 [[32minfo[39m]: Data extraction complete {
  "service": "medresearch-ai",
  "version": "4.1.0",
  "study_id": "NON-SIG-001",
  "confidence": 0.5599999999999999,
  "requires_review": true
}
   Note: No outcomes extracted (conservative behavior)
✅ Test 8 passed: Non-significant results correctly identified

============================================================
TEST SUMMARY
============================================================
Total tests: 8
Passed: 8 ✅
Failed: 0 ❌
Success rate: 100.0%
============================================================
✔ tests\test-data-extraction-nlp.js (396.7667ms)
2025-12-07 01:47:42 [[32minfo[39m]: Cache service initialized {
  "service": "medresearch-ai",
  "version": "4.1.0",
  "stdTTL": 300,
  "checkperiod": 60,
  "useClones": false,
  "maxKeys": 1000
}
╔════════════════════════════════════════════════════════════════╗
║  MedResearch AI - Database Integration Test Suite             ║
║  Version 4.0.0                                                 ║
╚════════════════════════════════════════════════════════════════╝

📅 Test Date: 07/12/2025, 1:47:42 am
🔍 Sample Query: "diabetes AND exercise"
📊 Max Results per Test: 10

════════════════════════════════════════════════════════════════

🧪 Testing: 1. PubMed Search...
2025-12-07 01:47:42 [[32minfo[39m]: PubMed search started {
  "service": "medresearch-ai",
  "version": "4.1.0",
  "query": "diabetes AND exercise",
  "max_results": 10
}
2025-12-07 01:47:44 [[32minfo[39m]: PubMed search completed {
  "service": "medresearch-ai",
  "version": "4.1.0",
  "query": "diabetes AND exercise",
  "count": 43204,
  "retrieved": 10,
  "duration": 1666,
  "cached": true
}
✅ PASSED: 1. PubMed Search

🧪 Testing: 2. PubMed API Key...
2025-12-07 01:47:44 [[32minfo[39m]: PubMed search cache hit {
  "service": "medresearch-ai",
  "version": "4.1.0",
  "query": "diabetes AND exercise",
  "cacheKey": "pubmed:filters:[object Object]|max_results:10|query:diabetes AND exercise|sort:relevance"
}
✅ PASSED: 2. PubMed API Key

🧪 Testing: 3. Europe PMC Search...
2025-12-07 01:47:44 [[32minfo[39m]: Europe PMC search started {
  "service": "medresearch-ai",
  "version": "4.1.0",
  "query": "diabetes AND exercise",
  "max_results": 10
}
2025-12-07 01:47:45 [[32minfo[39m]: Europe PMC search completed {
  "service": "medresearch-ai",
  "version": "4.1.0",
  "query": "diabetes AND exercise",
  "count": 307516,
  "retrieved": 10,
  "duration": 466,
  "cached": true
}
✅ PASSED: 3. Europe PMC Search

🧪 Testing: 4. Semantic Scholar Search...
✅ PASSED: 4. Semantic Scholar Search

🧪 Testing: 5. Semantic Scholar Get Paper...
✅ PASSED: 5. Semantic Scholar Get Paper

🧪 Testing: 6. The Lens Search...
❌ FAILED: 6. The Lens Search
   Error: No results returned

🧪 Testing: 7. Unpaywall Open Access...
✅ PASSED: 7. Unpaywall Open Access

🧪 Testing: 8. Rate Limiting...
   Testing Semantic Scholar rate limit (1 req/s)...
✅ PASSED: 8. Rate Limiting

🧪 Testing: 9. API Key Validation...
✅ PASSED: 9. API Key Validation

🧪 Testing: 10. Cross-Database Deduplication...
   Searching across multiple databases...
2025-12-07 01:47:55 [[32minfo[39m]: PubMed search started {
  "service": "medresearch-ai",
  "version": "4.1.0",
  "query": "COVID-19 vaccine",
  "max_results": 5
}
2025-12-07 01:47:56 [[32minfo[39m]: PubMed search completed {
  "service": "medresearch-ai",
  "version": "4.1.0",
  "query": "COVID-19 vaccine",
  "count": 58253,
  "retrieved": 5,
  "duration": 994,
  "cached": true
}
2025-12-07 01:47:56 [[32minfo[39m]: Europe PMC search started {
  "service": "medresearch-ai",
  "version": "4.1.0",
  "query": "COVID-19 vaccine",
  "max_results": 5
}
2025-12-07 01:47:56 [[32minfo[39m]: Europe PMC search completed {
  "service": "medresearch-ai",
  "version": "4.1.0",
  "query": "COVID-19 vaccine",
  "count": 181592,
  "retrieved": 5,
  "duration": 355,
  "cached": true
}
✅ PASSED: 10. Cross-Database Deduplication

════════════════════════════════════════════════════════════════
📊 TEST SUMMARY
════════════════════════════════════════════════════════════════
Total Tests:  10
✅ Passed:     9 (90.0%)
❌ Failed:     1 (10.0%)
⏭️  Skipped:    0

════════════════════════════════════════════════════════════════
❌ FAILED TESTS
════════════════════════════════════════════════════════════════

6. The Lens Search:
  Error: No results returned

════════════════════════════════════════════════════════════════
📚 DATABASE COVERAGE
════════════════════════════════════════════════════════════════
✅ PubMed               PASSED
✅ Europe PMC           PASSED
✅ Semantic Scholar     PASSED
❌ The Lens             FAILED
✅ Unpaywall            PASSED

════════════════════════════════════════════════════════════════
🎯 OVERALL STATUS
════════════════════════════════════════════════════════════════
⚠️  1 test(s) failed. Please check the errors above.

════════════════════════════════════════════════════════════════
✖ tests\test-databases.js (14004.9995ms)
╔════════════════════════════════════════════════════════════╗
║   Duplicate Detection Tool - Comprehensive Test Suite     ║
║   Version: 6.0.0-beta                                      ║
╚════════════════════════════════════════════════════════════╝

=== Test 1: Exact DOI Match ===
✅ Test 1 passed: Exact DOI match detected

=== Test 2: Exact PMID Match ===
✅ Test 2 passed: Exact PMID match detected

=== Test 3: High Title Similarity ===
✅ Test 3 passed: High title similarity detected

=== Test 4: Minor Title Variations ===
✅ Test 4 passed: Minor variations handled correctly

=== Test 5: Author Overlap Detection ===
✅ Test 5 passed: Author overlap detected

=== Test 6: Publication Year Tolerance ===
✅ Test 6 passed: Year tolerance working correctly

=== Test 7: Abstract Similarity ===
✅ Test 7 passed: Abstract similarity calculated

=== Test 8: Non-Duplicates ===
✅ Test 8 passed: Non-duplicates correctly identified

=== Test 9: Find Duplicates in List ===
✅ Test 9 passed: Duplicate list detection working

=== Test 10: Threshold Filtering ===
✅ Test 10 passed: Threshold filtering working

=== Test 11: Case Insensitivity ===
✅ Test 11 passed: Case insensitivity working

=== Test 12: Confidence Scoring ===
✅ Test 12 passed: Confidence scoring appropriate

============================================================
TEST SUMMARY
============================================================
Total tests: 12
Passed: 12 ✅
Failed: 0 ❌
Success rate: 100.0%
============================================================
✔ tests\test-duplicate-detection.js (420.6469ms)
╔════════════════════════════════════════════════════════════╗
║   Binary Effect Size Calculation - Test Suite             ║
║   Version: 6.0.0-beta                                      ║
╚════════════════════════════════════════════════════════════╝

=== Test 1: Standard Odds Ratio ===
  ✓ OR: 0.375
  ✓ 95% CI: [0.199, 0.706]
  ✓ Confidence: 70.0%
✅ Test 1 passed: Standard Odds Ratio

=== Test 2: Standard Risk Ratio ===
  ✓ RR: 0.500
  ✓ 95% CI: [0.316, 0.792]
✅ Test 2 passed: Standard Risk Ratio

=== Test 3: Standard Risk Difference ===
  ✓ RD: -0.200
  ✓ 95% CI: [-0.324, -0.076]
✅ Test 3 passed: Standard Risk Difference

=== Test 4: Zero Cells - Continuity Correction ===
  ✓ Continuity correction applied: true
  ✓ OR: 0.038
  ✓ Confidence: 50.0%
✅ Test 4 passed: Zero cells handled correctly

=== Test 5: Small Sample Size ===
  ✓ Total sample: 24
  ✓ Confidence: 40.0%
  ✓ Warnings: 2
✅ Test 5 passed: Small sample size handled

=== Test 6: 100% Event Rate ===
  ✓ OR: 26.185
✅ Test 6 passed: 100% event rate handled

=== Test 7: 0% Event Rate ===
  ✓ OR: 1.000
✅ Test 7 passed: 0% event rate handled

=== Test 8: Input Validation ===
  ✓ Negative events rejected
  ✓ Events > total rejected
  ✓ Zero total rejected
✅ Test 8 passed: Input validation works

=== Test 9: Confidence Scoring ===
  ✓ Large sample confidence: 70.0%
  ✓ Small sample confidence: 30.0%
✅ Test 9 passed: Confidence scoring works correctly

=== Test 10: Auto-Select Measure ===
  ✓ OR measure works
  ✓ RR measure works
  ✓ RD measure works
✅ Test 10 passed: Auto-select measure works

============================================================
TEST SUMMARY
============================================================
Total tests: 10
Passed: 10 ✅
Failed: 0 ❌
Success rate: 100.0%
============================================================
✔ tests\test-effect-size-binary.js (381.1046ms)
╔════════════════════════════════════════════════════════════╗
║   Continuous Effect Size Calculation - Test Suite         ║
║   Version: 6.0.0-beta                                      ║
╚════════════════════════════════════════════════════════════╝

=== Test 1: Standard Mean Difference ===
  ✓ MD: -5.000
  ✓ 95% CI: [-6.386, -3.614]
  ✓ Confidence: 70.0%
✅ Test 1 passed: Standard Mean Difference

=== Test 2: Standard SMD (Hedges' g) ===
  ✓ SMD (Hedges' g): -0.996
  ✓ Pooled SD: 5.000
  ✓ Correction factor: 0.9962
✅ Test 2 passed: Standard SMD

=== Test 3: Small Sample Hedges' g Correction ===
  ✓ Small sample correction factor: 0.9577
  ✓ Large sample correction factor: 0.9962
✅ Test 3 passed: Small sample correction works

=== Test 4: Unequal Variances ===
  ✓ Variance ratio: 3.33
  ✓ Confidence: 60.0%
✅ Test 4 passed: Unequal variances detected

=== Test 5: Equal Means (Null Effect) ===
  ✓ MD: 0.000
  ✓ 95% CI: [-1.386, 1.386]
✅ Test 5 passed: Equal means (null effect)

=== Test 6: Large Effect Size ===
  ✓ SMD: -3.985
  ✓ Effect size interpretation: Very large
✅ Test 6 passed: Large effect size

=== Test 7: Input Validation ===
  ✓ Negative SD rejected
  ✓ Zero SD rejected
  ✓ Zero sample size rejected
✅ Test 7 passed: Input validation works

=== Test 8: Confidence Scoring ===
  ✓ Good data confidence: 70.0%
  ✓ Poor data confidence: 50.0%
✅ Test 8 passed: Confidence scoring works

=== Test 9: Pooled SD Calculation ===
  ✓ Equal SDs pooled SD: 5.000
  ✓ Unequal SDs pooled SD: 5.099
✅ Test 9 passed: Pooled SD calculation works

=== Test 10: Auto-Select Measure ===
  ✓ MD measure works
  ✓ SMD measure works
✅ Test 10 passed: Auto-select measure works

============================================================
TEST SUMMARY
============================================================
Total tests: 10
Passed: 10 ✅
Failed: 0 ❌
Success rate: 100.0%
============================================================
✔ tests\test-effect-size-continuous.js (428.2007ms)
╔════════════════════════════════════════════════════════════╗
║   Forest Plot Data Generation - Test Suite                ║
║   Version: 6.0.0-beta                                      ║
╚════════════════════════════════════════════════════════════╝

=== Test 1: Basic Forest Plot Generation ===
  ✓ Studies: 3
  ✓ Y-axis height: 5
  ✓ X-axis range: [0.25, 0.85]
✅ Test 1 passed: Basic forest plot generated

=== Test 2: Log Scale for Ratio Measures ===
  ✓ OR uses log scale: true
  ✓ OR null value: 1
  ✓ MD uses linear scale: true
  ✓ MD null value: 0
✅ Test 2 passed: Log scale for ratio measures

=== Test 3: Study Ordering ===
  ✓ Alphabetical ordering works
  ✓ Year ordering works
  ✓ Weight ordering works
✅ Test 3 passed: Study ordering works

=== Test 4: X-Axis Range Calculation ===
  ✓ X-axis min: 0.13
  ✓ X-axis max: 2.17
  ✓ Tick marks: 4
✅ Test 4 passed: X-axis range calculated correctly

=== Test 5: Y-Axis Labels ===
  ✓ Total labels: 4
  ✓ Has header: true
  ✓ Has study labels: true
  ✓ Has pooled label: true
✅ Test 5 passed: Y-axis labels generated correctly

=== Test 6: Heterogeneity Statistics ===
  ✓ I²: 45.5%
  ✓ τ²: 0.02
✅ Test 6 passed: Heterogeneity statistics included

=== Test 7: Favors Labels ===
  ✓ Favors left: Favors intervention
  ✓ Favors right: Favors control
✅ Test 7 passed: Favors labels set correctly

=== Test 8: Confidence Scoring ===
  ✓ Good data confidence: 70.0%
  ✓ Poor data confidence: 50.0%
✅ Test 8 passed: Confidence scoring works

============================================================
TEST SUMMARY
============================================================
Total tests: 8
Passed: 8 ✅
Failed: 0 ❌
Success rate: 100.0%
============================================================
✔ tests\test-forest-plot-data.js (392.2746ms)
╔════════════════════════════════════════════════════════════╗
║   Forest Plot SVG - Test Suite                            ║
║   Version: 6.0.0-beta                                      ║
╚════════════════════════════════════════════════════════════╝

=== Test 1: Basic SVG Generation ===
2025-12-07 01:47:42 [[32minfo[39m]: Generating forest plot SVG {
  "service": "medresearch-ai",
  "version": "6.0.0-beta",
  "study_count": 3
}
2025-12-07 01:47:42 [[32minfo[39m]: Forest plot SVG generated {
  "service": "medresearch-ai",
  "version": "6.0.0-beta",
  "total_studies": 3,
  "width": 800,
  "height": 350
}
  ✓ SVG generated
  ✓ Contains XML declaration
  ✓ Contains SVG tag
  ✓ SVG properly closed
  ✓ Total studies: 3
✅ Test passed: Test 1: Basic SVG Generation

=== Test 2: Study Names Display ===
2025-12-07 01:47:42 [[32minfo[39m]: Generating forest plot SVG {
  "service": "medresearch-ai",
  "version": "6.0.0-beta",
  "study_count": 2
}
2025-12-07 01:47:42 [[32minfo[39m]: Forest plot SVG generated {
  "service": "medresearch-ai",
  "version": "6.0.0-beta",
  "total_studies": 2,
  "width": 800,
  "height": 320
}
  ✓ Contains first study name
  ✓ Contains second study name
✅ Test passed: Test 2: Study Names Display

=== Test 3: Pooled Effect Diamond ===
2025-12-07 01:47:42 [[32minfo[39m]: Generating forest plot SVG {
  "service": "medresearch-ai",
  "version": "6.0.0-beta",
  "study_count": 1
}
2025-12-07 01:47:43 [[32minfo[39m]: Forest plot SVG generated {
  "service": "medresearch-ai",
  "version": "6.0.0-beta",
  "total_studies": 1,
  "width": 800,
  "height": 290
}
  ✓ Contains pooled effect label
  ✓ Contains diamond polygon
  ✓ Uses pooled diamond class
✅ Test passed: Test 3: Pooled Effect Diamond

=== Test 4: Heterogeneity Display ===
2025-12-07 01:47:43 [[32minfo[39m]: Generating forest plot SVG {
  "service": "medresearch-ai",
  "version": "6.0.0-beta",
  "study_count": 1
}
2025-12-07 01:47:43 [[32minfo[39m]: Forest plot SVG generated {
  "service": "medresearch-ai",
  "version": "6.0.0-beta",
  "total_studies": 1,
  "width": 800,
  "height": 330
}
  ✓ Contains heterogeneity label
  ✓ Contains I² value
  ✓ Contains τ² value
✅ Test passed: Test 4: Heterogeneity Display

=== Test 5: Null Effect Line ===
2025-12-07 01:47:43 [[32minfo[39m]: Generating forest plot SVG {
  "service": "medresearch-ai",
  "version": "6.0.0-beta",
  "study_count": 1
}
2025-12-07 01:47:43 [[32minfo[39m]: Forest plot SVG generated {
  "service": "medresearch-ai",
  "version": "6.0.0-beta",
  "total_studies": 1,
  "width": 800,
  "height": 290
}
  ✓ Contains null effect line
  ✓ Null value for OR: 1
✅ Test passed: Test 5: Null Effect Line

=== Test 6: Measure Type Configuration ===
2025-12-07 01:47:43 [[32minfo[39m]: Generating forest plot SVG {
  "service": "medresearch-ai",
  "version": "6.0.0-beta",
  "study_count": 1
}
2025-12-07 01:47:43 [[32minfo[39m]: Forest plot SVG generated {
  "service": "medresearch-ai",
  "version": "6.0.0-beta",
  "total_studies": 1,
  "width": 800,
  "height": 290
}
2025-12-07 01:47:43 [[32minfo[39m]: Generating forest plot SVG {
  "service": "medresearch-ai",
  "version": "6.0.0-beta",
  "study_count": 1
}
2025-12-07 01:47:43 [[32minfo[39m]: Forest plot SVG generated {
  "service": "medresearch-ai",
  "version": "6.0.0-beta",
  "total_studies": 1,
  "width": 800,
  "height": 290
}
  ✓ OR plot contains OR label
  ✓ MD plot contains MD label
  ✓ OR null value is 1
  ✓ MD null value is 0
✅ Test passed: Test 6: Measure Type Configuration

=== Test 7: Favors Labels ===
2025-12-07 01:47:43 [[32minfo[39m]: Generating forest plot SVG {
  "service": "medresearch-ai",
  "version": "6.0.0-beta",
  "study_count": 1
}
2025-12-07 01:47:43 [[32minfo[39m]: Forest plot SVG generated {
  "service": "medresearch-ai",
  "version": "6.0.0-beta",
  "total_studies": 1,
  "width": 800,
  "height": 290
}
  ✓ Contains left favors label
  ✓ Contains right favors label
✅ Test passed: Test 7: Favors Labels

=== Test 8: Metadata Accuracy ===
2025-12-07 01:47:43 [[32minfo[39m]: Generating forest plot SVG {
  "service": "medresearch-ai",
  "version": "6.0.0-beta",
  "study_count": 2
}
2025-12-07 01:47:43 [[32minfo[39m]: Forest plot SVG generated {
  "service": "medresearch-ai",
  "version": "6.0.0-beta",
  "total_studies": 2,
  "width": 800,
  "height": 320
}
  ✓ Total studies: 2
  ✓ X min includes all CIs: -5.551115123125783e-17
  ✓ X max includes all CIs: 2.1
  ✓ Width: 800
  ✓ Height: 320
✅ Test passed: Test 8: Metadata Accuracy

=== Test 9: Custom Dimensions ===
2025-12-07 01:47:43 [[32minfo[39m]: Generating forest plot SVG {
  "service": "medresearch-ai",
  "version": "6.0.0-beta",
  "study_count": 1
}
2025-12-07 01:47:43 [[32minfo[39m]: Forest plot SVG generated {
  "service": "medresearch-ai",
  "version": "6.0.0-beta",
  "total_studies": 1,
  "width": 1000,
  "height": 600
}
  ✓ Custom width: 1000
  ✓ Custom height: 600
✅ Test passed: Test 9: Custom Dimensions

=== Test 10: SVG Structure Validation ===
2025-12-07 01:47:43 [[32minfo[39m]: Generating forest plot SVG {
  "service": "medresearch-ai",
  "version": "6.0.0-beta",
  "study_count": 1
}
2025-12-07 01:47:43 [[32minfo[39m]: Forest plot SVG generated {
  "service": "medresearch-ai",
  "version": "6.0.0-beta",
  "total_studies": 1,
  "width": 800,
  "height": 290
}
  ✓ Contains defs section
  ✓ Contains style section
  ✓ Uses CSS classes
  ✓ Contains line elements
  ✓ Contains rect elements for squares
  ✓ Contains text elements
✅ Test passed: Test 10: SVG Structure Validation

============================================================
TEST SUMMARY
============================================================
Total tests: 10
Passed: 10 ✅
Failed: 0 ❌
Success rate: 100.0%
============================================================
✔ tests\test-forest-plot-svg.js (486.4371ms)
╔════════════════════════════════════════════════════════════╗
║   Funnel Plot SVG - Test Suite                            ║
║   Version: 6.0.0-beta                                      ║
╚════════════════════════════════════════════════════════════╝

=== Test 1: Basic Funnel Plot Generation ===
2025-12-07 01:47:43 [[32minfo[39m]: Generating funnel plot SVG {
  "service": "medresearch-ai",
  "version": "6.0.0-beta",
  "study_count": 3
}
2025-12-07 01:47:43 [[32minfo[39m]: Funnel plot SVG generated {
  "service": "medresearch-ai",
  "version": "6.0.0-beta",
  "total_studies": 3,
  "asymmetry_detected": false
}
  ✓ SVG generated
  ✓ Contains XML declaration
  ✓ Contains SVG tag
  ✓ SVG properly closed
  ✓ Total studies: 3
✅ Test passed: Test 1: Basic Funnel Plot Generation

=== Test 2: Study Points Display ===
2025-12-07 01:47:43 [[32minfo[39m]: Generating funnel plot SVG {
  "service": "medresearch-ai",
  "version": "6.0.0-beta",
  "study_count": 2
}
2025-12-07 01:47:43 [[32minfo[39m]: Funnel plot SVG generated {
  "service": "medresearch-ai",
  "version": "6.0.0-beta",
  "total_studies": 2,
  "asymmetry_detected": false
}
  ✓ Contains circle elements for studies
  ✓ Uses study-point class
✅ Test passed: Test 2: Study Points Display

=== Test 3: Funnel Overlay Display ===
2025-12-07 01:47:43 [[32minfo[39m]: Generating funnel plot SVG {
  "service": "medresearch-ai",
  "version": "6.0.0-beta",
  "study_count": 1
}
2025-12-07 01:47:43 [[32minfo[39m]: Funnel plot SVG generated {
  "service": "medresearch-ai",
  "version": "6.0.0-beta",
  "total_studies": 1,
  "asymmetry_detected": false
}
  ✓ Contains funnel lines
  ✓ Contains center line
✅ Test passed: Test 3: Funnel Overlay Display

=== Test 4: Axes Display ===
2025-12-07 01:47:43 [[32minfo[39m]: Generating funnel plot SVG {
  "service": "medresearch-ai",
  "version": "6.0.0-beta",
  "study_count": 1
}
2025-12-07 01:47:43 [[32minfo[39m]: Funnel plot SVG generated {
  "service": "medresearch-ai",
  "version": "6.0.0-beta",
  "total_studies": 1,
  "asymmetry_detected": false
}
  ✓ Contains Y-axis label
  ✓ Contains X-axis label
  ✓ Contains axis lines
✅ Test passed: Test 4: Axes Display

=== Test 5: Asymmetry Detection - Symmetric ===
2025-12-07 01:47:43 [[32minfo[39m]: Generating funnel plot SVG {
  "service": "medresearch-ai",
  "version": "6.0.0-beta",
  "study_count": 4
}
2025-12-07 01:47:43 [[32minfo[39m]: Funnel plot SVG generated {
  "service": "medresearch-ai",
  "version": "6.0.0-beta",
  "total_studies": 4,
  "asymmetry_detected": false
}
  ✓ Symmetric distribution detected
  ✓ Interpretation mentions symmetry
✅ Test passed: Test 5: Asymmetry Detection - Symmetric

=== Test 6: Asymmetry Detection - Asymmetric ===
2025-12-07 01:47:43 [[32minfo[39m]: Generating funnel plot SVG {
  "service": "medresearch-ai",
  "version": "6.0.0-beta",
  "study_count": 7
}
2025-12-07 01:47:43 [[32minfo[39m]: Funnel plot SVG generated {
  "service": "medresearch-ai",
  "version": "6.0.0-beta",
  "total_studies": 7,
  "asymmetry_detected": true
}
  ✓ Asymmetric distribution detected
  ✓ Interpretation mentions asymmetry
✅ Test passed: Test 6: Asymmetry Detection - Asymmetric

=== Test 7: Metadata Accuracy ===
2025-12-07 01:47:43 [[32minfo[39m]: Generating funnel plot SVG {
  "service": "medresearch-ai",
  "version": "6.0.0-beta",
  "study_count": 2
}
2025-12-07 01:47:43 [[32minfo[39m]: Funnel plot SVG generated {
  "service": "medresearch-ai",
  "version": "6.0.0-beta",
  "total_studies": 2,
  "asymmetry_detected": false
}
  ✓ Total studies: 2
  ✓ X min: 0.3
  ✓ X max: 1.7
  ✓ Y min: 0
  ✓ Y max: 0.32999999999999996
✅ Test passed: Test 7: Metadata Accuracy

=== Test 8: Interpretation Generation ===
2025-12-07 01:47:43 [[32minfo[39m]: Generating funnel plot SVG {
  "service": "medresearch-ai",
  "version": "6.0.0-beta",
  "study_count": 2
}
2025-12-07 01:47:43 [[32minfo[39m]: Funnel plot SVG generated {
  "service": "medresearch-ai",
  "version": "6.0.0-beta",
  "total_studies": 2,
  "asymmetry_detected": false
}
  ✓ Interpretation generated
  ✓ Mentions study count
  ✓ Mentions publication bias
✅ Test passed: Test 8: Interpretation Generation

============================================================
TEST SUMMARY
============================================================
Total tests: 8
Passed: 8 ✅
Failed: 0 ❌
Success rate: 100.0%
============================================================
✔ tests\test-funnel-plot-svg.js (491.9711ms)
╔════════════════════════════════════════════════════════════╗
║   GRADE Evidence Assessment - Test Suite                  ║
║   Version: 6.0.0-beta                                      ║
╚════════════════════════════════════════════════════════════╝

=== Test 1: High Quality RCT (No Downgrades) ===
  ✓ Starting quality: high
  ✓ Total downgrades: 0
  ✓ Final quality: high
✅ Test 1 passed: High quality RCT

=== Test 2: RCT with Serious Risk of Bias ===
  ✓ Starting quality: high
  ✓ Downgrades: 1
  ✓ Final quality: moderate
✅ Test 2 passed: RCT downgraded for risk of bias

=== Test 3: Multiple Serious Downgrades ===
  ✓ Total downgrades: 3
  ✓ Final quality: very_low
✅ Test 3 passed: Multiple downgrades

=== Test 4: Very Serious Downgrade ===
  ✓ Total downgrades: 2
  ✓ Final quality: low
✅ Test 4 passed: Very serious downgrade

=== Test 5: Observational Study Starting Quality ===
  ✓ Starting quality: low
  ✓ Final quality: low
✅ Test 5 passed: Observational study

=== Test 6: Observational with Large Effect Upgrade ===
  ✓ Starting quality: low
  ✓ Upgrades: 2
  ✓ Final quality: high
✅ Test 6 passed: Observational upgraded for large effect

=== Test 7: Dose-Response Upgrade ===
  ✓ Upgrades: 1
  ✓ Final quality: moderate
✅ Test 7 passed: Dose-response upgrade

=== Test 8: Strong Recommendation ===
  ✓ Strength: strong
  ✓ Rationale: High quality evidence, benefits clearly outweigh h...
✅ Test 8 passed: Strong recommendation

=== Test 9: Weak Recommendation ===
  ✓ Strength: weak
  ✓ Rationale: Weak recommendation due to: low quality evidence, ...
✅ Test 9 passed: Weak recommendation

=== Test 10: Quality Explanation ===
  ✓ Explanation: Started at high quality. Downgraded 2 level(s) due to: risk of bias (serious), inconsistency (serious). Final quality: low.
✅ Test 10 passed: Quality explanation generated

============================================================
TEST SUMMARY
============================================================
Total tests: 10
Passed: 10 ✅
Failed: 0 ❌
Success rate: 100.0%
============================================================
✔ tests\test-grade-assessment.js (367.7632ms)
🧪 Grammar and Style Checking Tool - Test Suite

============================================================

🚀 Starting Grammar and Style Checking Tests...


📋 Test 1: Spelling Error Detection
------------------------------------------------------------
2025-12-07 01:47:43 [[32minfo[39m]: Starting grammar check for 168 characters
2025-12-07 01:47:43 [[32minfo[39m]: Found 3 spelling errors
2025-12-07 01:47:43 [[32minfo[39m]: Found 0 style/grammar issues
2025-12-07 01:47:43 [[32minfo[39m]: Grammar check complete: 3 issues found, score: 85.0%
✅ Total errors: 3
✅ Spelling errors: 3
✅ Grammar score: 85.0%

📊 Detected Errors:
   1. "occured" → "occurred" (Spelling error: "occured" should be "occurred")
   2. "definately" → "definitely" (Spelling error: "definately" should be "definitely")
   3. "reccomend" → "recommend" (Spelling error: "reccomend" should be "recommend")

❌ TEST FAILED: Did not detect all spelling errors

📋 Test 2: Contraction Detection (Academic Style)
------------------------------------------------------------
2025-12-07 01:47:43 [[32minfo[39m]: Starting grammar check for 168 characters
2025-12-07 01:47:43 [[32minfo[39m]: Found 4 style/grammar issues
2025-12-07 01:47:43 [[32minfo[39m]: Grammar check complete: 4 issues found, score: 92.0%
✅ Total errors: 4
✅ Style issues: 4

📊 Detected Contractions:
   1. "didn't" → "did not"
   2. "can't" → "cannot"
   3. "wasn't" → "was not"
   4. "don't" → "do not"

✅ TEST PASSED: Correctly detected contractions

📋 Test 3: Informal Language Detection
------------------------------------------------------------
2025-12-07 01:47:43 [[32minfo[39m]: Starting grammar check for 184 characters
2025-12-07 01:47:43 [[32minfo[39m]: Found 4 style/grammar issues
2025-12-07 01:47:43 [[32minfo[39m]: Grammar check complete: 4 issues found, score: 92.0%
✅ Total errors: 4
✅ Style issues: 4

📊 Detected Informal Language:
   1. "a lot of" → "many" (Avoid informal language in academic writing)
   2. "pretty much" → "approximately" (Avoid informal language in academic writing)
   3. "really" → "" (Avoid informal language in academic writing)
   4. "very" → "" (Avoid informal language in academic writing)

✅ TEST PASSED: Correctly detected informal language

📋 Test 4: First Person Detection
------------------------------------------------------------
2025-12-07 01:47:43 [[32minfo[39m]: Starting grammar check for 153 characters
2025-12-07 01:47:43 [[32minfo[39m]: Found 1 style/grammar issues
2025-12-07 01:47:43 [[32minfo[39m]: Grammar check complete: 1 issues found, score: 99.0%
✅ Total errors: 1
✅ Style suggestions: 1

📊 Detected First Person:
   1. "I" → "I"

⚠️ TEST WARNING: Expected more first person detections

📋 Test 5: Correction Application
------------------------------------------------------------
2025-12-07 01:47:43 [[32minfo[39m]: Starting grammar check for 68 characters
2025-12-07 01:47:43 [[32minfo[39m]: Found 2 spelling errors
2025-12-07 01:47:43 [[32minfo[39m]: Found 0 style/grammar issues
2025-12-07 01:47:43 [[32minfo[39m]: Grammar check complete: 2 issues found, score: 90.0%
✅ Original text: "This study occured in 2020. The results were definately significant."
✅ Corrected text: "This study occurred in 2020. The results were definitely significant."
✅ Errors corrected: 2

✅ TEST PASSED: Corrections applied successfully

📋 Test 6: Grammar Score Calculation
------------------------------------------------------------
2025-12-07 01:47:43 [[32minfo[39m]: Starting grammar check for 213 characters
2025-12-07 01:47:43 [[32minfo[39m]: Found 0 spelling errors
2025-12-07 01:47:43 [[32minfo[39m]: Found 4 style/grammar issues
2025-12-07 01:47:43 [[32minfo[39m]: Grammar check complete: 4 issues found, score: 80.0%
2025-12-07 01:47:43 [[32minfo[39m]: Starting grammar check for 157 characters
2025-12-07 01:47:43 [[32minfo[39m]: Found 0 spelling errors
2025-12-07 01:47:43 [[32minfo[39m]: Found 8 style/grammar issues
2025-12-07 01:47:43 [[32minfo[39m]: Grammar check complete: 8 issues found, score: 75.0%
✅ Clean text score: 80.0%
✅ Error-prone text score: 75.0%
✅ Clean text errors: 4
✅ Error-prone text errors: 8

✅ TEST PASSED: Grammar score calculated correctly

📋 Test 7: Statistics Calculation
------------------------------------------------------------
2025-12-07 01:47:43 [[32minfo[39m]: Starting grammar check for 148 characters
2025-12-07 01:47:43 [[32minfo[39m]: Found 0 spelling errors
2025-12-07 01:47:43 [[32minfo[39m]: Found 3 style/grammar issues
2025-12-07 01:47:43 [[32minfo[39m]: Grammar check complete: 3 issues found, score: 85.0%
✅ Word count: 21
✅ Sentence count: 5
✅ Avg sentence length: 4.2 words
✅ Total errors: 3

✅ TEST PASSED: Statistics calculated correctly

📋 Test 8: Report Generation
------------------------------------------------------------
2025-12-07 01:47:43 [[32minfo[39m]: Starting grammar check for 151 characters
2025-12-07 01:47:43 [[32minfo[39m]: Found 2 spelling errors
2025-12-07 01:47:43 [[32minfo[39m]: Found 5 style/grammar issues
2025-12-07 01:47:43 [[32minfo[39m]: Grammar check complete: 7 issues found, score: 71.0%
✅ Report generated: 1330 characters
✅ Contains summary: true
✅ Contains errors: true

📊 Report Preview:
# Grammar and Style Check Report

## Summary

- **Grammar Score**: 71.0%
- **Total Issues**: 7
- **Word Count**: 20
- **Sentence Count**: 3
- **Avg Sentence Length**: 6.7 words

## Issues by Type

- **Spelling**: 2
- **Style**: 2
- **Punctuation**: 3

## Issues by Severity

- ❌ **Error**: 5
- ⚠️ **Warning**: 2

## ❌ Errors (5)

### 1. PUNCTUATION - Line 2

**Original**: `      `

**Correction**: ` `

**Explanation**: Remove extra spaces

### 2. SPELLING - Line 2

**Original**: `occured`

**Corre...

✅ TEST PASSED: Report generated successfully

📋 Test 9: Performance Test (Large Text)
------------------------------------------------------------
2025-12-07 01:47:43 [[32minfo[39m]: Starting grammar check for 11650 characters
2025-12-07 01:47:43 [[32minfo[39m]: Found 0 spelling errors
2025-12-07 01:47:43 [[32minfo[39m]: Found 200 style/grammar issues
2025-12-07 01:47:43 [[32minfo[39m]: Grammar check complete: 200 issues found, score: 31.0%
✅ Text length: 11650 characters
✅ Word count: 1450
✅ Processing time: 7ms
✅ Time per 100 words: 0ms

✅ TEST PASSED: Performance within acceptable limits

============================================================
📊 TEST SUMMARY
============================================================
❌ Spelling Errors
✅ Contractions
✅ Informal Language
✅ First Person
✅ Correction Application
✅ Grammar Score
✅ Statistics
✅ Report Generation
✅ Performance

============================================================
TOTAL: 8/9 tests passed (89%)
============================================================

⚠️ SOME TESTS FAILED. Please review the results above.

✖ tests\test-grammar-checking.js (395.3992ms)
╔════════════════════════════════════════════════════════════╗
║   Heterogeneity Assessment - Test Suite                   ║
║   Version: 6.0.0-beta                                      ║
╚════════════════════════════════════════════════════════════╝

=== Test 1: Low Heterogeneity ===
  ✓ I²: 0.0%
  ✓ Interpretation: low
  ✓ Q p-value: 0.9900
  ✓ Recommended model: fixed
✅ Test 1 passed: Low heterogeneity detected correctly

=== Test 2: High Heterogeneity ===
  ✓ I²: 97.6%
  ✓ Interpretation: considerable
  ✓ τ²: 0.413
  ✓ Q p-value: 0.0000
  ✓ Recommended model: random
✅ Test 2 passed: High heterogeneity detected correctly

=== Test 3: Moderate Heterogeneity ===
  ✓ I²: 57.1%
  ✓ Interpretation: substantial
✅ Test 3 passed: Moderate heterogeneity detected

=== Test 4: Single Study ===
  ✓ I²: 0.0%
  ✓ Warnings: 1
✅ Test 4 passed: Single study handled correctly

=== Test 5: Q Statistic Calculation ===
  ✓ Q statistic: 2.000
  ✓ df: 2
  ✓ Q p-value: 0.3679
✅ Test 5 passed: Q statistic calculated correctly

=== Test 6: I² Interpretation ===
  ✓ Low I² interpretation: low
  ✓ High I² interpretation: considerable
✅ Test 6 passed: I² interpretation works

=== Test 7: Tau-Squared Calculation ===
  ✓ τ²: 0.413
  ✓ τ: 0.643
✅ Test 7 passed: Tau-squared calculated correctly

=== Test 8: H² Statistic ===
  ✓ H²: 1.000
✅ Test 8 passed: H² statistic calculated correctly

=== Test 9: Prediction Interval ===
  ✓ Prediction interval: [0.456, 0.744]
  ✓ Pooled effect: 0.600
✅ Test 9 passed: Prediction interval calculated

=== Test 10: Model Recommendation ===
  ✓ Low heterogeneity model: fixed
  ✓ High heterogeneity model: random
✅ Test 10 passed: Model recommendation works

============================================================
TEST SUMMARY
============================================================
Total tests: 10
Passed: 10 ✅
Failed: 0 ❌
Success rate: 100.0%
============================================================
✔ tests\test-heterogeneity.js (394.0557ms)
🧪 MCP Integration Test: Study Design Classifier

================================================================================

📋 Test 1: Basic Functionality
--------------------------------------------------------------------------------
2025-12-07 01:47:43 [[32minfo[39m]: Classifying study design {
  "service": "medresearch-ai",
  "version": "4.1.0",
  "title": "Efficacy of aspirin in cardiovascular disease: a randomized controlled trial",
  "has_abstract": true,
  "has_methods": false,
  "has_full_text": false
}
2025-12-07 01:47:43 [[32minfo[39m]: Starting enhanced hybrid classification {
  "service": "medresearch-ai",
  "version": "4.1.0",
  "title": "Efficacy of aspirin in cardiovascular disease: a randomized controlled trial",
  "has_mesh": false,
  "has_pub_type": false
}
2025-12-07 01:47:43 [[32minfo[39m]: Starting keyword-based classification {
  "service": "medresearch-ai",
  "version": "4.1.0",
  "title": "Efficacy of aspirin in cardiovascular disease: a randomized controlled trial",
  "has_abstract": true,
  "has_methods": false
}
2025-12-07 01:47:43 [[32minfo[39m]: Keyword classification complete {
  "service": "medresearch-ai",
  "version": "4.1.0",
  "primary_design": "rct_parallel",
  "confidence": 0.23147521650098232,
  "requires_review": true,
  "ambiguous": false
}
2025-12-07 01:47:43 [[32minfo[39m]: Classifying using statistical methods {
  "service": "medresearch-ai",
  "version": "4.1.0",
  "text_length": 199
}
2025-12-07 01:47:43 [[32minfo[39m]: Statistical pattern match {
  "service": "medresearch-ai",
  "version": "4.1.0",
  "description": "Randomization mentioned",
  "designs": [
    "rct_parallel",
    "rct_crossover",
    "rct_cluster",
    "rct_factorial"
  ],
  "weight": 9
}
2025-12-07 01:47:43 [[32minfo[39m]: Statistical pattern match {
  "service": "medresearch-ai",
  "version": "4.1.0",
  "description": "Blinding mentioned",
  "designs": [
    "rct_parallel",
    "rct_crossover"
  ],
  "weight": 8
}
2025-12-07 01:47:43 [[32minfo[39m]: Statistical pattern match {
  "service": "medresearch-ai",
  "version": "4.1.0",
  "description": "Placebo control",
  "designs": [
    "rct_parallel"
  ],
  "weight": 8
}
2025-12-07 01:47:43 [[32minfo[39m]: Statistical pattern match {
  "service": "medresearch-ai",
  "version": "4.1.0",
  "description": "Odds ratio / logistic regression",
  "designs": [
    "case_control"
  ],
  "weight": 7
}
2025-12-07 01:47:43 [[32minfo[39m]: Enhanced hybrid classification complete {
  "service": "medresearch-ai",
  "version": "4.1.0",
  "primary_design": "rct_parallel",
  "confidence": 0.3865900866003929,
  "method": "ensemble",
  "keyword_weight": 0.4,
  "mesh_weight": 0.3,
  "statistical_weight": 0.3
}
✅ Tool executed successfully
   Design: rct_parallel
   Confidence: 38.7%
   Method: hybrid

📋 Test 2: Optional Parameters (MeSH terms)
--------------------------------------------------------------------------------
2025-12-07 01:47:43 [[32minfo[39m]: Classifying study design {
  "service": "medresearch-ai",
  "version": "4.1.0",
  "title": "Meta-analysis of statin trials",
  "has_abstract": true,
  "has_methods": false,
  "has_full_text": false
}
2025-12-07 01:47:43 [[32minfo[39m]: Starting enhanced hybrid classification {
  "service": "medresearch-ai",
  "version": "4.1.0",
  "title": "Meta-analysis of statin trials",
  "has_mesh": true,
  "has_pub_type": true
}
2025-12-07 01:47:43 [[32minfo[39m]: Starting keyword-based classification {
  "service": "medresearch-ai",
  "version": "4.1.0",
  "title": "Meta-analysis of statin trials",
  "has_abstract": true,
  "has_methods": false
}
2025-12-07 01:47:43 [[32minfo[39m]: Keyword classification complete {
  "service": "medresearch-ai",
  "version": "4.1.0",
  "primary_design": "meta_analysis",
  "confidence": 0.09020691469823457,
  "requires_review": true,
  "ambiguous": false
}
2025-12-07 01:47:43 [[32minfo[39m]: Classifying using MeSH terms {
  "service": "medresearch-ai",
  "version": "4.1.0",
  "num_terms": 2,
  "terms": [
    "Meta-Analysis",
    "Randomized Controlled Trials as Topic"
  ]
}
2025-12-07 01:47:43 [[32minfo[39m]: MeSH publication type match {
  "service": "medresearch-ai",
  "version": "4.1.0",
  "publication_type": "Meta-Analysis",
  "designs": [
    "meta_analysis"
  ]
}
2025-12-07 01:47:43 [[32minfo[39m]: MeSH term pattern match {
  "service": "medresearch-ai",
  "version": "4.1.0",
  "pattern": "Meta-Analysis",
  "design": "meta_analysis"
}
2025-12-07 01:47:43 [[32minfo[39m]: Classifying using statistical methods {
  "service": "medresearch-ai",
  "version": "4.1.0",
  "text_length": 116
}
2025-12-07 01:47:43 [[32minfo[39m]: Statistical pattern match {
  "service": "medresearch-ai",
  "version": "4.1.0",
  "description": "Randomization mentioned",
  "designs": [
    "rct_parallel",
    "rct_crossover",
    "rct_cluster",
    "rct_factorial"
  ],
  "weight": 9
}
2025-12-07 01:47:43 [[32minfo[39m]: Statistical pattern match {
  "service": "medresearch-ai",
  "version": "4.1.0",
  "description": "Relative risk",
  "designs": [
    "cohort_prospective",
    "cohort_retrospective"
  ],
  "weight": 7
}
2025-12-07 01:47:43 [[32minfo[39m]: Statistical pattern match {
  "service": "medresearch-ai",
  "version": "4.1.0",
  "description": "Forest/funnel plot",
  "designs": [
    "meta_analysis"
  ],
  "weight": 10
}
2025-12-07 01:47:43 [[32minfo[39m]: Enhanced hybrid classification complete {
  "service": "medresearch-ai",
  "version": "4.1.0",
  "primary_design": "meta_analysis",
  "confidence": 0.8050827658792938,
  "method": "ensemble",
  "keyword_weight": 0.4,
  "mesh_weight": 0.3,
  "statistical_weight": 0.3
}
✅ Tool executed with optional parameters
   Design: meta_analysis
   Confidence: 80.5%
   Method: hybrid

📋 Test 3: Minimal Input (Title Only)
--------------------------------------------------------------------------------
2025-12-07 01:47:43 [[32minfo[39m]: Classifying study design {
  "service": "medresearch-ai",
  "version": "4.1.0",
  "title": "Prospective cohort study of smoking and lung cancer",
  "has_abstract": false,
  "has_methods": false,
  "has_full_text": false
}
2025-12-07 01:47:43 [[32minfo[39m]: Starting enhanced hybrid classification {
  "service": "medresearch-ai",
  "version": "4.1.0",
  "title": "Prospective cohort study of smoking and lung cancer",
  "has_mesh": false,
  "has_pub_type": false
}
2025-12-07 01:47:43 [[32minfo[39m]: Starting keyword-based classification {
  "service": "medresearch-ai",
  "version": "4.1.0",
  "title": "Prospective cohort study of smoking and lung cancer",
  "has_abstract": false,
  "has_methods": false
}
2025-12-07 01:47:43 [[32minfo[39m]: Keyword classification complete {
  "service": "medresearch-ai",
  "version": "4.1.0",
  "primary_design": "cohort_prospective",
  "confidence": 0.1876945943580654,
  "requires_review": true,
  "ambiguous": false
}
2025-12-07 01:47:43 [[32minfo[39m]: Classifying using statistical methods {
  "service": "medresearch-ai",
  "version": "4.1.0",
  "text_length": 53
}
2025-12-07 01:47:43 [[32minfo[39m]: Enhanced hybrid classification complete {
  "service": "medresearch-ai",
  "version": "4.1.0",
  "primary_design": "cohort_prospective",
  "confidence": 0.07507783774322617,
  "method": "ensemble",
  "keyword_weight": 0.4,
  "mesh_weight": 0.3,
  "statistical_weight": 0.3
}
✅ Tool executed with minimal input
   Design: cohort_prospective
   Confidence: 7.5%
   Requires Review: true

📋 Test 4: Output Structure Validation
--------------------------------------------------------------------------------
2025-12-07 01:47:43 [[32minfo[39m]: Classifying study design {
  "service": "medresearch-ai",
  "version": "4.1.0",
  "title": "Systematic review of diabetes treatments",
  "has_abstract": true,
  "has_methods": false,
  "has_full_text": false
}
2025-12-07 01:47:43 [[32minfo[39m]: Starting enhanced hybrid classification {
  "service": "medresearch-ai",
  "version": "4.1.0",
  "title": "Systematic review of diabetes treatments",
  "has_mesh": false,
  "has_pub_type": false
}
2025-12-07 01:47:43 [[32minfo[39m]: Starting keyword-based classification {
  "service": "medresearch-ai",
  "version": "4.1.0",
  "title": "Systematic review of diabetes treatments",
  "has_abstract": true,
  "has_methods": false
}
2025-12-07 01:47:43 [[32minfo[39m]: Keyword classification complete {
  "service": "medresearch-ai",
  "version": "4.1.0",
  "primary_design": "systematic_review",
  "confidence": 0.22247828851219406,
  "requires_review": true,
  "ambiguous": false
}
2025-12-07 01:47:43 [[32minfo[39m]: Classifying using statistical methods {
  "service": "medresearch-ai",
  "version": "4.1.0",
  "text_length": 103
}
2025-12-07 01:47:43 [[32minfo[39m]: Reporting guideline match {
  "service": "medresearch-ai",
  "version": "4.1.0",
  "description": "PRISMA guideline",
  "designs": [
    "systematic_review",
    "meta_analysis"
  ],
  "weight": 10
}
2025-12-07 01:47:43 [[32minfo[39m]: Enhanced hybrid classification complete {
  "service": "medresearch-ai",
  "version": "4.1.0",
  "primary_design": "systematic_review",
  "confidence": 0.3139913154048776,
  "method": "ensemble",
  "keyword_weight": 0.4,
  "mesh_weight": 0.3,
  "statistical_weight": 0.3
}
✅ Output structure is valid
   All required fields present
   Classification structure correct

📋 Test 5: Error Handling (Missing Title)
--------------------------------------------------------------------------------
2025-12-07 01:47:43 [[31merror[39m]: Error classifying study design {
  "service": "medresearch-ai",
  "version": "4.1.0",
  "error": "Title is required for study design classification",
  "stack": "Error: Title is required for study design classification\n    at classifyStudyDesign (file:///C:/Users/Admin/Documents/AI-Projects/OpenAgents-main/Project/MedResearch-AI/dist/src/mcp/tools/classify-study-design.js:401:19)\n    at file:///C:/Users/Admin/Documents/AI-Projects/OpenAgents-main/Project/MedResearch-AI/tests/test-mcp-integration.js:137:24"
}
✅ Error handling works correctly
   Error returned in response

================================================================================
📊 INTEGRATION TEST SUMMARY
================================================================================
✅ All integration tests passed!

Tests Completed:
  1. ✅ Basic functionality
  2. ✅ Optional parameters (MeSH terms)
  3. ✅ Minimal input (title only)
  4. ✅ Output structure validation
  5. ✅ Error handling

🎉 MCP integration is working correctly!
================================================================================
✔ tests\test-mcp-integration.js (396.6154ms)
🧪 MedResearch AI - MCP Tools Test Suite

============================================================


============================================================
📋 Test Summary
============================================================

✅ All MCP tool validation tests completed

Tests covered:
  1. ✅ Medical Database Tools (PubMed, Europe PMC)
  2. ✅ Unpaywall Tool
  3. ✅ Citation Manager
  4. ✅ R Statistics Tools (Meta-analysis, Forest plots)
  5. ✅ Document Generator
  6. ✅ Response Format Validation
  7. ✅ Data Type Validation
  8. ✅ Error Handling
  9. ✅ Integration Validation

🎉 All validation logic verified!

Next steps:
  1. Run integration tests with actual APIs (requires network)
  2. Test R integration (requires R installation)
  3. Test document generation (requires pandoc)
  4. Add performance benchmarks
  5. Add security tests (input sanitization)


📁 Testing Medical Database Tools
------------------------------------------------------------

✅ Empty query validation works
✅ max_results validation works
✅ Valid input accepted
✅ Europe PMC empty query validation works
✅ Europe PMC max_results validation works
✅ Europe PMC valid input accepted

📁 Testing Unpaywall Tool
------------------------------------------------------------

✅ Empty identifiers validation works
✅ Non-array identifiers validation works
✅ Invalid email validation works
✅ Unpaywall valid input accepted
✅ DOI/PMID identification works

📁 Testing Citation Manager
------------------------------------------------------------

✅ Action type validation works
✅ Identifier requirement validation works
✅ Citation identifier type detection works

📁 Testing R Statistics Tools
------------------------------------------------------------

✅ Non-array data validation works
✅ Minimum studies validation works
✅ Valid meta-analysis data accepted
✅ Study data structure validation works
✅ Meta-analysis result requirement works
✅ Forest plot result structure validation works

📁 Testing Document Generator
------------------------------------------------------------

✅ Template type validation works
✅ Document generation input validation works
✅ Metadata structure validation works

📁 Testing MCP Response Format
------------------------------------------------------------

✅ Success response format valid
✅ Error response format valid

📁 Testing Data Type Validation
------------------------------------------------------------

✅ DOI format validation works
✅ PMID format validation works
✅ Email format validation works
✅ Numeric range validation works

📁 Testing Error Handling
------------------------------------------------------------

✅ Missing field detection works
✅ Invalid data type detection works
✅ Meaningful error messages provided

📁 Testing Integration Validation
------------------------------------------------------------

✅ PubMed search flow validation works
✅ Citation verification flow validation works
✅ Meta-analysis flow validation works
▶ PubMed Search - Input Validation
  ✔ should reject empty query (1.6189ms)
  ✔ should reject invalid max_results (0.4793ms)
  ✔ should accept valid query (0.3215ms)
✔ PubMed Search - Input Validation (4.5392ms)
▶ Europe PMC Search - Input Validation
  ✔ should reject empty query (0.4257ms)
  ✔ should reject invalid max_results (0.4216ms)
  ✔ should accept valid parameters (0.3731ms)
✔ Europe PMC Search - Input Validation (2.1254ms)
▶ Unpaywall - Input Validation
  ✔ should reject empty identifiers array (0.4247ms)
  ✔ should reject non-array identifiers (0.3594ms)
  ✔ should reject invalid email (0.2617ms)
  ✔ should accept valid input (0.3219ms)
  ✔ should identify DOI vs PMID (0.4244ms)
✔ Unpaywall - Input Validation (4.8891ms)
▶ Citation Manager - Input Validation
  ✔ should validate action types (0.3793ms)
  ✔ should require identifier for verify action (0.2916ms)
  ✔ should identify DOI vs PMID (0.304ms)
✔ Citation Manager - Input Validation (1.9691ms)
▶ R Statistics - Meta-Analysis Input Validation
  ✔ should reject non-array data (0.2433ms)
  ✔ should reject insufficient studies (0.1895ms)
  ✔ should accept valid meta-analysis data (0.216ms)
  ✔ should validate study data structure (0.203ms)
✔ R Statistics - Meta-Analysis Input Validation (1.6438ms)
▶ R Statistics - Forest Plot Input Validation
  ✔ should require meta-analysis result (0.2096ms)
  ✔ should validate result structure (0.2086ms)
✔ R Statistics - Forest Plot Input Validation (0.8127ms)
▶ Document Generator - Input Validation
  ✔ should validate template types (0.2365ms)
  ✔ should accept markdown content (0.1833ms)
  ✔ should validate metadata structure (0.2349ms)
✔ Document Generator - Input Validation (1.2673ms)
▶ MCP Tool Response Format
  ✔ should validate success response format (0.284ms)
  ✔ should validate error response format (0.3266ms)
✔ MCP Tool Response Format (1.0924ms)
▶ Data Type Validation
  ✔ should validate DOI format (0.2041ms)
  ✔ should validate PMID format (0.1876ms)
  ✔ should validate email format (0.1836ms)
  ✔ should validate numeric ranges (0.2279ms)
✔ Data Type Validation (1.5386ms)
▶ Error Handling
  ✔ should handle missing required fields (0.2124ms)
  ✔ should handle invalid data types (0.1679ms)
  ✔ should provide meaningful error messages (0.1888ms)
✔ Error Handling (1.1896ms)
▶ Integration Validation
  ✔ should validate PubMed search flow (0.2597ms)
  ✔ should validate citation verification flow (0.249ms)
  ✔ should validate meta-analysis flow (0.2442ms)
✔ Integration Validation (1.424ms)
🧪 MedResearch AI - Memory System Test

============================================================
🧹 Cleaning up previous test...

📦 Step 1: Initialize SQLite Database
------------------------------------------------------------
✅ Database initialized successfully

🏗️  Step 2: Create Database Schema
------------------------------------------------------------
✅ Created table: short_term_memory
✅ Created table: working_memory
✅ Created table: long_term_memory
✅ Created table: episodic_memory
✅ Created table: todo_list
✅ Created table: phase_progress
✅ Created table: session_checkpoints
✅ Created table: citation_registry

💾 Step 3: Test Memory Operations
------------------------------------------------------------
✅ Short-term memory: Saved 2 conversation messages
✅ Working memory: Saved 2 phase context items
✅ Long-term memory: Saved 1 project output
✅ Episodic memory: Saved 1 decision
✅ Todo list: Saved 2 tasks
✅ Phase progress: Saved 1 phase status
✅ Citation registry: Saved 1 citation

🔍 Step 4: Test Data Retrieval
------------------------------------------------------------
✅ Retrieved 2 conversation messages
✅ Retrieved 2 working memory items
✅ Retrieved 1 long-term memory items
✅ Retrieved 1 decisions
✅ Retrieved 2 todos
✅ Retrieved 1 phase statuses
✅ Retrieved 1 citations

💾 Step 5: Test Checkpoint System
------------------------------------------------------------
✅ Created checkpoint
✅ Retrieved checkpoint
   Project: metformin-diabetes
   Phase: search
   Task: Searching databases

💾 Step 6: Save Database to Disk
------------------------------------------------------------
✅ Database saved to: C:\Users\Admin\Documents\AI-Projects\OpenAgents-main\Project\MedResearch-AI\tests\test-project\.memory\project-memory.db
   File size: 48.00 KB

🔄 Step 7: Test Database Reload
------------------------------------------------------------
✅ Closed database
✅ Reloaded database from disk
✅ Verified data persisted: 2 messages found

📊 Step 8: Database Statistics
------------------------------------------------------------
Short-term memory:  2 items
Working memory:     2 items
Long-term memory:   1 items
Episodic memory:    1 items
Todo list:          2 items
Phase progress:     1 items
Checkpoints:        1 items
Citations:          1 items

============================================================
📋 Test Summary
============================================================

✅ Passed: 8/8 tests

🎉 All tests passed! Memory system is working correctly.

Next steps:
  1. Install dependencies: npm install
  2. Continue with agent creation
  3. Build complete system

✔ tests\test-memory.js (405.9684ms)
node:internal/modules/run_main:107
    triggerUncaughtException(
    ^

Error [ERR_MODULE_NOT_FOUND]: Cannot find module 'C:\Users\Admin\Documents\AI-Projects\OpenAgents-main\Project\MedResearch-AI\tests\dist\src\mcp\tools\r-statistics.js' imported from C:\Users\Admin\Documents\AI-Projects\OpenAgents-main\Project\MedResearch-AI\tests\test-meta-analysis.js
Did you mean to import "../dist/src/mcp/tools/r-statistics.js"?
    at finalizeResolution (node:internal/modules/esm/resolve:274:11)
    at moduleResolve (node:internal/modules/esm/resolve:864:10)
    at defaultResolve (node:internal/modules/esm/resolve:990:11)
    at #cachedDefaultResolve (node:internal/modules/esm/loader:757:20)
    at ModuleLoader.resolve (node:internal/modules/esm/loader:734:38)
    at ModuleLoader.getModuleJobForImport (node:internal/modules/esm/loader:317:38)
    at #link (node:internal/modules/esm/module_job:208:49) {
  code: 'ERR_MODULE_NOT_FOUND',
  url: 'file:///C:/Users/Admin/Documents/AI-Projects/OpenAgents-main/Project/MedResearch-AI/tests/dist/src/mcp/tools/r-statistics.js'
}

Node.js v24.11.0
✖ tests\test-meta-analysis.js (169.0975ms)
╔════════════════════════════════════════════════════════════╗
║   ML Study Design Classifier - Test Suite                 ║
║   Version: 6.0.0-beta                                      ║
╚════════════════════════════════════════════════════════════╝

=== Test 1: RCT with High Confidence ===
2025-12-07 01:47:43 [[32minfo[39m]: Initializing ML classifier with pre-trained model
  ✓ Primary design: rct_parallel
  ✓ Confidence >= 60%: 64.7%
  ✓ Top features identified
  ✓ Model version correct
  ✓ Training accuracy >= 90%
✅ Test passed: Test 1: RCT with High Confidence

=== Test 2: Systematic Review Classification ===
2025-12-07 01:47:43 [[32minfo[39m]: Initializing ML classifier with pre-trained model
  ✓ Primary design: systematic_review
  ✓ Confidence >= 60%: 63.8%
  ✓ Alternatives provided
✅ Test passed: Test 2: Systematic Review Classification

=== Test 3: Cohort Study Classification ===
2025-12-07 01:47:43 [[32minfo[39m]: Initializing ML classifier with pre-trained model
  ✓ Primary design: cohort_prospective
  ✓ Confidence >= 60%: 78.7%
  ✓ Cohort-related features detected
✅ Test passed: Test 3: Cohort Study Classification

=== Test 4: Case-Control Study Classification ===
2025-12-07 01:47:43 [[32minfo[39m]: Initializing ML classifier with pre-trained model
  ✓ Primary design: case_control
  ✓ Confidence >= 60%: 81.0%
  ✓ Case-control features detected
✅ Test passed: Test 4: Case-Control Study Classification

=== Test 5: Meta-Analysis Classification ===
2025-12-07 01:47:43 [[32minfo[39m]: Initializing ML classifier with pre-trained model
  ✓ Primary design: meta_analysis
  ✓ Confidence >= 40%: 41.4%
  ✓ Meta-analysis features detected
✅ Test passed: Test 5: Meta-Analysis Classification

=== Test 6: Confidence Scoring Range ===
2025-12-07 01:47:43 [[32minfo[39m]: Initializing ML classifier with pre-trained model
  ✓ Confidence in valid range: 82.0%
  ✓ Manual review flag set
✅ Test passed: Test 6: Confidence Scoring Range

=== Test 7: Alternative Classifications Provided ===
2025-12-07 01:47:43 [[32minfo[39m]: Initializing ML classifier with pre-trained model
  ✓ Alternatives: 3
  ✓ All alternative confidences valid
  ✓ Alternatives sorted by confidence
  ✓ Alternatives sorted by confidence
✅ Test passed: Test 7: Alternative Classifications Provided

=== Test 8: Top Features Extraction ===
2025-12-07 01:47:43 [[32minfo[39m]: Initializing ML classifier with pre-trained model
  ✓ Top features: 4
  ✓ All feature weights valid
  ✓ All features have names
  Top features: randomized, controlled_trial, allocation, trial
✅ Test passed: Test 8: Top Features Extraction

=== Test 9: Interpretation Generation ===
2025-12-07 01:47:43 [[32minfo[39m]: Initializing ML classifier with pre-trained model
  ✓ Interpretation generated
  ✓ Interpretation mentions confidence
  ✓ Interpretation is detailed
  Interpretation: ML classifier identified this as a Systematic Review with moderate confidence (61.9%). Key features:...
✅ Test passed: Test 9: Interpretation Generation

=== Test 10: Warnings for Low Confidence ===
2025-12-07 01:47:43 [[32minfo[39m]: Initializing ML classifier with pre-trained model
  ✓ Warnings is array
  Warnings: 0
✅ Test passed: Test 10: Warnings for Low Confidence

=== Test 11: MeSH Terms Boost Confidence ===
2025-12-07 01:47:43 [[32minfo[39m]: Initializing ML classifier with pre-trained model
2025-12-07 01:47:43 [[32minfo[39m]: Initializing ML classifier with pre-trained model
  ✓ MeSH terms improve or maintain confidence
  Without MeSH: 69.7%
  With MeSH: 69.7%
✅ Test passed: Test 11: MeSH Terms Boost Confidence

=== Test 12: Publication Type Integration ===
2025-12-07 01:47:43 [[32minfo[39m]: Initializing ML classifier with pre-trained model
  ✓ Publication type influences classification: meta_analysis
  Design: meta_analysis
  Confidence: 48.6%
✅ Test passed: Test 12: Publication Type Integration

=== Test 13: Model Metadata Present ===
2025-12-07 01:47:43 [[32minfo[39m]: Initializing ML classifier with pre-trained model
  ✓ Model version: 1.0.0
  ✓ Training accuracy: 92.3%
  ✓ Training accuracy <= 100%
✅ Test passed: Test 13: Model Metadata Present

=== Test 14: Edge Case - Minimal Text ===
2025-12-07 01:47:43 [[32minfo[39m]: Initializing ML classifier with pre-trained model
  ✓ Classification provided
  ✓ Manual review required for minimal text
  ✓ Warnings generated
✅ Test passed: Test 14: Edge Case - Minimal Text

=== Test 15: Target Accuracy Check ===
2025-12-07 01:47:43 [[32minfo[39m]: Initializing ML classifier with pre-trained model
2025-12-07 01:47:43 [[32minfo[39m]: Initializing ML classifier with pre-trained model
2025-12-07 01:47:43 [[32minfo[39m]: Initializing ML classifier with pre-trained model
2025-12-07 01:47:43 [[32minfo[39m]: Initializing ML classifier with pre-trained model
2025-12-07 01:47:43 [[32minfo[39m]: Initializing ML classifier with pre-trained model
  Accuracy on test set: 100.0% (5/5)
  ✓ Accuracy >= 80% on test set
✅ Test passed: Test 15: Target Accuracy Check

============================================================
TEST SUMMARY
============================================================
Total tests: 15
Passed: 15 ✅
Failed: 0 ❌
Success rate: 100.0%
============================================================
✔ tests\test-ml-classifier.js (393.6503ms)
🧪 ML-Based Citation Screening Tool - Test Suite

============================================================

🚀 Starting ML-Based Citation Screening Tests...


📋 Test 1: Basic Screening with Clear Criteria
------------------------------------------------------------
2025-12-07 01:47:43 [[32minfo[39m]: Starting ML-based screening for 8 citations
2025-12-07 01:47:43 [[32minfo[39m]: Inclusion criteria: 16 key terms
2025-12-07 01:47:43 [[32minfo[39m]: Calculated IDF for 139 unique terms
2025-12-07 01:47:43 [[32minfo[39m]: ML screening complete: 0 relevant, 0 uncertain, 8 irrelevant
2025-12-07 01:47:43 [[32minfo[39m]: Estimated time saved: 0.3 hours
✅ Total citations: 8
✅ Likely relevant: 0
✅ Uncertain: 0
✅ Likely irrelevant: 8
✅ Time saved: 0.3 hours
✅ Processing time: 7ms

📊 Top 3 Most Relevant Citations:

   1. C001: Efficacy of metformin in type 2 diabetes: a randomized contr...
      Score: 32.1%
      Recommendation: likely_irrelevant
      Matched terms: metformin, type, diabetes, randomized, controlled

   2. C002: Sulfonylureas versus metformin for glycemic control in type ...
      Score: 14.9%
      Recommendation: likely_irrelevant
      Matched terms: sulfonylureas, metformin, glycemic, control, type

   3. C006: Metformin and sulfonylurea combination therapy in type 2 dia...
      Score: 14.9%
      Recommendation: likely_irrelevant
      Matched terms: metformin, type, diabetes, sulfonylureas, glycemic

❌ TEST FAILED: Did not correctly identify relevant citations

📋 Test 2: Screening with Narrow Criteria
------------------------------------------------------------
2025-12-07 01:47:43 [[32minfo[39m]: Starting ML-based screening for 8 citations
2025-12-07 01:47:43 [[32minfo[39m]: Inclusion criteria: 9 key terms
2025-12-07 01:47:43 [[32minfo[39m]: Calculated IDF for 141 unique terms
2025-12-07 01:47:43 [[32minfo[39m]: ML screening complete: 0 relevant, 0 uncertain, 8 irrelevant
2025-12-07 01:47:43 [[32minfo[39m]: Estimated time saved: 0.3 hours
✅ Total citations: 8
✅ Likely relevant: 0
✅ Likely irrelevant: 8

📊 Most Relevant Citation:
   C003: Cardiovascular outcomes with metformin in diabetes patients...
   Score: 36.4%

✅ TEST PASSED: Correctly identified most relevant citation

📋 Test 3: Screening with Unrelated Criteria
------------------------------------------------------------
2025-12-07 01:47:43 [[32minfo[39m]: Starting ML-based screening for 8 citations
2025-12-07 01:47:43 [[32minfo[39m]: Inclusion criteria: 7 key terms
2025-12-07 01:47:43 [[32minfo[39m]: Calculated IDF for 143 unique terms
2025-12-07 01:47:43 [[32minfo[39m]: ML screening complete: 0 relevant, 0 uncertain, 8 irrelevant
2025-12-07 01:47:43 [[32minfo[39m]: Estimated time saved: 0.3 hours
✅ Total citations: 8
✅ Likely relevant: 0
✅ Likely irrelevant: 8

✅ TEST PASSED: Correctly identified unrelated citations as irrelevant

📋 Test 4: Testing Different Thresholds
------------------------------------------------------------
2025-12-07 01:47:43 [[32minfo[39m]: Starting ML-based screening for 8 citations
2025-12-07 01:47:43 [[32minfo[39m]: Inclusion criteria: 6 key terms
2025-12-07 01:47:43 [[32minfo[39m]: Calculated IDF for 138 unique terms
2025-12-07 01:47:43 [[32minfo[39m]: ML screening complete: 0 relevant, 0 uncertain, 8 irrelevant
2025-12-07 01:47:43 [[32minfo[39m]: Estimated time saved: 0.3 hours

   Threshold 0.5:
   - Likely relevant: 0
   - Uncertain: 0
   - Likely irrelevant: 8
2025-12-07 01:47:43 [[32minfo[39m]: Starting ML-based screening for 8 citations
2025-12-07 01:47:43 [[32minfo[39m]: Inclusion criteria: 6 key terms
2025-12-07 01:47:43 [[32minfo[39m]: Calculated IDF for 138 unique terms
2025-12-07 01:47:43 [[32minfo[39m]: ML screening complete: 0 relevant, 0 uncertain, 8 irrelevant
2025-12-07 01:47:43 [[32minfo[39m]: Estimated time saved: 0.3 hours

   Threshold 0.7:
   - Likely relevant: 0
   - Uncertain: 0
   - Likely irrelevant: 8
2025-12-07 01:47:43 [[32minfo[39m]: Starting ML-based screening for 8 citations
2025-12-07 01:47:43 [[32minfo[39m]: Inclusion criteria: 6 key terms
2025-12-07 01:47:43 [[32minfo[39m]: Calculated IDF for 138 unique terms
2025-12-07 01:47:43 [[32minfo[39m]: ML screening complete: 0 relevant, 0 uncertain, 8 irrelevant
2025-12-07 01:47:43 [[32minfo[39m]: Estimated time saved: 0.3 hours

   Threshold 0.9:
   - Likely relevant: 0
   - Uncertain: 0
   - Likely irrelevant: 8

✅ TEST PASSED: Threshold correctly affects relevance classification

📋 Test 5: Performance Test (100 citations)
------------------------------------------------------------
2025-12-07 01:47:43 [[32minfo[39m]: Starting ML-based screening for 100 citations
2025-12-07 01:47:43 [[32minfo[39m]: Inclusion criteria: 10 key terms
2025-12-07 01:47:43 [[32minfo[39m]: Calculated IDF for 139 unique terms
2025-12-07 01:47:43 [[32minfo[39m]: Screened 100/100 citations
2025-12-07 01:47:43 [[32minfo[39m]: ML screening complete: 0 relevant, 0 uncertain, 100 irrelevant
2025-12-07 01:47:43 [[32minfo[39m]: Estimated time saved: 3.3 hours
✅ Total citations: 100
✅ Processing time: 8ms
✅ Average time per citation: 0ms
✅ Time saved: 3.3 hours

✅ TEST PASSED: Performance within acceptable limits

📋 Test 6: Testing Recommendations Generation
------------------------------------------------------------
2025-12-07 01:47:43 [[32minfo[39m]: Starting ML-based screening for 8 citations
2025-12-07 01:47:43 [[32minfo[39m]: Inclusion criteria: 6 key terms
2025-12-07 01:47:43 [[32minfo[39m]: Calculated IDF for 138 unique terms
2025-12-07 01:47:43 [[32minfo[39m]: ML screening complete: 0 relevant, 0 uncertain, 8 irrelevant
2025-12-07 01:47:43 [[32minfo[39m]: Estimated time saved: 0.3 hours
✅ Generated 4 recommendations:
   1. No citations met the relevance threshold of 70%
   2. Consider lowering the threshold or revising inclusion criteria
   3. Consider skipping 8 likely irrelevant citations (low priority)
   4. Estimated time saved: 0.3 hours

❌ TEST FAILED: Missing expected recommendations

============================================================
📊 TEST SUMMARY
============================================================
❌ Basic Screening
✅ Narrow Criteria
✅ Unrelated Criteria
✅ Different Thresholds
✅ Performance
❌ Recommendations

============================================================
TOTAL: 4/6 tests passed (67%)
============================================================

⚠️ SOME TESTS FAILED. Please review the results above.

✖ tests\test-ml-screening.js (477.3719ms)
╔════════════════════════════════════════════════════════════╗
║   Network Consistency Assessment - Test Suite             ║
║   Version: 6.0.0-beta                                      ║
╚════════════════════════════════════════════════════════════╝

=== Test 1: Consistent Triangle ===
  ✓ Loops detected: 1
  ✓ Inconsistency detected: false
  ✓ Severity: none
✅ Test 1 passed: Consistent triangle

=== Test 2: Inconsistent Triangle ===
  ✓ Inconsistency factor: -0.700
  ✓ P-value: 0.0001
  ✓ Severity: severe
✅ Test 2 passed: Inconsistent triangle detected

=== Test 3: No Loops (Star Network) ===
  ✓ Loops: 0
  ✓ Warnings: 1
✅ Test 3 passed: No loops detected

=== Test 4: Multiple Loops ===
  ✓ Loops detected: 4
✅ Test 4 passed: Multiple loops detected

=== Test 5: Global Inconsistency Test ===
  ✓ Chi-square: 0.000
  ✓ df: 1
  ✓ P-value: 1.0000
✅ Test 5 passed: Global inconsistency test

=== Test 6: Node-Splitting ===
  ✓ Node-splits: 3
✅ Test 6 passed: Node-splitting performed

=== Test 7: Severity Levels ===
  ✓ Severity: none
✅ Test 7 passed: Severity levels assigned

=== Test 8: Recommendations ===
  ✓ Recommendations: 4
✅ Test 8 passed: Recommendations generated

============================================================
TEST SUMMARY
============================================================
Total tests: 8
Passed: 8 ✅
Failed: 0 ❌
Success rate: 100.0%
============================================================
✔ tests\test-network-consistency.js (411.3927ms)
╔════════════════════════════════════════════════════════════╗
║   Network Geometry Assessment - Test Suite                ║
║   Version: 6.0.0-beta                                      ║
╚════════════════════════════════════════════════════════════╝

=== Test 1: Simple Connected Network ===
  ✓ Treatments: 3
  ✓ Studies: 3
  ✓ Connected: true
  ✓ Edges: 3
✅ Test 1 passed: Simple connected network

=== Test 2: Star-Shaped Network ===
  ✓ Star-shaped: true
  ✓ Central treatment: Placebo
  ✓ Issue flagged: true
✅ Test 2 passed: Star-shaped network detected

=== Test 3: Disconnected Network ===
  ✓ Connected: false
  ✓ Components: 2
  ✓ Issue flagged: true
✅ Test 3 passed: Disconnected network detected

=== Test 4: Multi-Arm Trial ===
  ✓ Multi-arm trials: 1
  ✓ Arms: 3
  ✓ Treatments: A, B, C
✅ Test 4 passed: Multi-arm trial detected

=== Test 5: Treatment Nodes ===
  ✓ Nodes: 3
  ✓ Node A studies: 2
  ✓ Node A comparisons: 2
  ✓ Node A participants: 110
✅ Test 5 passed: Treatment nodes calculated correctly

=== Test 6: Network Edges ===
  ✓ Edges: 2
  ✓ A-B studies: 2
  ✓ A-B participants: 220
✅ Test 6 passed: Network edges calculated correctly

=== Test 7: Network Completeness ===
  ✓ Complete network completeness: 1
  ✓ Incomplete network completeness: 0.67
✅ Test 7 passed: Network completeness calculated

=== Test 8: Isolated Treatments ===
  ✓ Isolated treatments: 3
  ✓ Treatments: B, C, D
✅ Test 8 passed: Isolated treatments detected

=== Test 9: Average Connections ===
  ✓ Average connections: 2
✅ Test 9 passed: Average connections calculated

=== Test 10: Recommendations ===
  ✓ Disconnected recommendations: 3
  ✓ Star-shaped recommendations: 3
✅ Test 10 passed: Recommendations generated

============================================================
TEST SUMMARY
============================================================
Total tests: 10
Passed: 10 ✅
Failed: 0 ❌
Success rate: 100.0%
============================================================
✔ tests\test-network-geometry.js (399.0268ms)
╔════════════════════════════════════════════════════════════╗
║   Outcome Extraction with NER - Test Suite                ║
║   Version: 6.0.0-beta                                      ║
╚════════════════════════════════════════════════════════════╝

=== Test 1: Primary Outcome Extraction ===
2025-12-07 01:47:43 [[32minfo[39m]: Extracting outcomes using NER {
  "service": "medresearch-ai",
  "version": "6.0.0-beta",
  "study_id": "RCT-001"
}
2025-12-07 01:47:43 [[32minfo[39m]: Outcome extraction complete {
  "service": "medresearch-ai",
  "version": "6.0.0-beta",
  "study_id": "RCT-001",
  "total_outcomes": 2,
  "confidence": 0.85,
  "requires_review": false
}
  ✓ Primary outcomes found: 2
  ✓ Has primary outcome flag set
  ✓ Primary outcome text contains 'primary': primary outcome was change in HbA1c from baseline ...
  ✓ Overall confidence >= 50%: 85.0%
✅ Test passed: Test 1: Primary Outcome Extraction

=== Test 2: Secondary Outcome Extraction ===
2025-12-07 01:47:43 [[32minfo[39m]: Extracting outcomes using NER {
  "service": "medresearch-ai",
  "version": "6.0.0-beta",
  "study_id": "RCT-002"
}
2025-12-07 01:47:43 [[32minfo[39m]: Outcome extraction complete {
  "service": "medresearch-ai",
  "version": "6.0.0-beta",
  "study_id": "RCT-002",
  "total_outcomes": 4,
  "confidence": 0.85,
  "requires_review": false
}
  ✓ Secondary outcomes found: 2
  ✓ Primary outcomes found: 1
  ✓ Total outcomes >= 2: 4
✅ Test passed: Test 2: Secondary Outcome Extraction

=== Test 3: Safety Outcome Detection ===
2025-12-07 01:47:43 [[32minfo[39m]: Extracting outcomes using NER {
  "service": "medresearch-ai",
  "version": "6.0.0-beta",
  "study_id": "RCT-003"
}
2025-12-07 01:47:43 [[32minfo[39m]: Outcome extraction complete {
  "service": "medresearch-ai",
  "version": "6.0.0-beta",
  "study_id": "RCT-003",
  "total_outcomes": 8,
  "confidence": 0.4,
  "requires_review": true
}
  ✓ Safety outcomes found: 8
  ✓ Safety outcome contains relevant keywords: adverse events, serious adverse events, and treatm...
✅ Test passed: Test 3: Safety Outcome Detection

=== Test 4: Efficacy Outcome Detection ===
2025-12-07 01:47:43 [[32minfo[39m]: Extracting outcomes using NER {
  "service": "medresearch-ai",
  "version": "6.0.0-beta",
  "study_id": "RCT-004"
}
2025-12-07 01:47:43 [[32minfo[39m]: Outcome extraction complete {
  "service": "medresearch-ai",
  "version": "6.0.0-beta",
  "study_id": "RCT-004",
  "total_outcomes": 6,
  "confidence": 0.44999999999999996,
  "requires_review": true
}
  ✓ Efficacy outcomes found: 6
  ✓ Efficacy outcome contains relevant keywords
✅ Test passed: Test 4: Efficacy Outcome Detection

=== Test 5: Measurement Tool Identification ===
2025-12-07 01:47:43 [[32minfo[39m]: Extracting outcomes using NER {
  "service": "medresearch-ai",
  "version": "6.0.0-beta",
  "study_id": "RCT-005"
}
2025-12-07 01:47:43 [[32minfo[39m]: Outcome extraction complete {
  "service": "medresearch-ai",
  "version": "6.0.0-beta",
  "study_id": "RCT-005",
  "total_outcomes": 0,
  "confidence": 0.5499999999999999,
  "requires_review": true
}
  ✓ Measurement tools found: 8
  ✓ Has measurement tools flag set
  ✓ Valid measurement tools detected: measured using, assessed with, evaluated using, scale, SF-36, PHQ-9, GAD-7, HAM-D
✅ Test passed: Test 5: Measurement Tool Identification

=== Test 6: Time Point Extraction ===
2025-12-07 01:47:43 [[32minfo[39m]: Extracting outcomes using NER {
  "service": "medresearch-ai",
  "version": "6.0.0-beta",
  "study_id": "RCT-006"
}
2025-12-07 01:47:43 [[32minfo[39m]: Outcome extraction complete {
  "service": "medresearch-ai",
  "version": "6.0.0-beta",
  "study_id": "RCT-006",
  "total_outcomes": 2,
  "confidence": 0.8475,
  "requires_review": false
}
  ✓ Time points found: 5
  ✓ Has time points flag set
  ✓ Valid time points detected: at 12 weeks, baseline, Follow-up, end of treatment, at 4 and 12 weeks
✅ Test passed: Test 6: Time Point Extraction

=== Test 7: Multiple Outcomes with Complete Data ===
2025-12-07 01:47:43 [[32minfo[39m]: Extracting outcomes using NER {
  "service": "medresearch-ai",
  "version": "6.0.0-beta",
  "study_id": "RCT-007"
}
2025-12-07 01:47:43 [[32minfo[39m]: Outcome extraction complete {
  "service": "medresearch-ai",
  "version": "6.0.0-beta",
  "study_id": "RCT-007",
  "total_outcomes": 4,
  "confidence": 0.85,
  "requires_review": false
}
  ✓ Total outcomes >= 3: 4
  ✓ Has primary outcomes: 1
  ✓ Has secondary outcomes: 1
  ✓ Has measurement tools: 3
  ✓ Has time points: 2
  ✓ High confidence due to complete data: 85.0%
✅ Test passed: Test 7: Multiple Outcomes with Complete Data

=== Test 8: Incomplete Outcome Data (Low Confidence) ===
2025-12-07 01:47:43 [[32minfo[39m]: Extracting outcomes using NER {
  "service": "medresearch-ai",
  "version": "6.0.0-beta",
  "study_id": "RCT-008"
}
2025-12-07 01:47:43 [[32minfo[39m]: Outcome extraction complete {
  "service": "medresearch-ai",
  "version": "6.0.0-beta",
  "study_id": "RCT-008",
  "total_outcomes": 0,
  "confidence": 0.3,
  "requires_review": true
}
  ✓ Outcomes extracted: 0
  ✓ Low confidence due to incomplete data: 30.0%
  ✓ Requires review flag set for incomplete data
  ✓ Warnings generated: 2
✅ Test passed: Test 8: Incomplete Outcome Data (Low Confidence)

=== Test 9: Outcome-Measurement Linking ===
2025-12-07 01:47:43 [[32minfo[39m]: Extracting outcomes using NER {
  "service": "medresearch-ai",
  "version": "6.0.0-beta",
  "study_id": "RCT-009"
}
2025-12-07 01:47:43 [[32minfo[39m]: Outcome extraction complete {
  "service": "medresearch-ai",
  "version": "6.0.0-beta",
  "study_id": "RCT-009",
  "total_outcomes": 2,
  "confidence": 0.85,
  "requires_review": false
}
  ✓ Primary outcomes found: 1
  ✓ Primary outcomes with measurement tools: 1
  ✓ Primary outcomes with time points: 1
✅ Test passed: Test 9: Outcome-Measurement Linking

=== Test 10: Recommendations and Warnings Generation ===
2025-12-07 01:47:43 [[32minfo[39m]: Extracting outcomes using NER {
  "service": "medresearch-ai",
  "version": "6.0.0-beta",
  "study_id": "RCT-010a"
}
2025-12-07 01:47:43 [[32minfo[39m]: Outcome extraction complete {
  "service": "medresearch-ai",
  "version": "6.0.0-beta",
  "study_id": "RCT-010a",
  "total_outcomes": 0,
  "confidence": 0.3,
  "requires_review": true
}
  ✓ Recommendations generated: 3
2025-12-07 01:47:43 [[32minfo[39m]: Extracting outcomes using NER {
  "service": "medresearch-ai",
  "version": "6.0.0-beta",
  "study_id": "RCT-010b"
}
2025-12-07 01:47:43 [[32minfo[39m]: Outcome extraction complete {
  "service": "medresearch-ai",
  "version": "6.0.0-beta",
  "study_id": "RCT-010b",
  "total_outcomes": 1,
  "confidence": 0.4,
  "requires_review": true
}
  ✓ Warnings or recommendations for missing primary outcome: 5
  ✓ Warning/recommendation about missing primary outcome
✅ Test passed: Test 10: Recommendations and Warnings Generation

============================================================
TEST SUMMARY
============================================================
Total tests: 10
Passed: 10 ✅
Failed: 0 ❌
Success rate: 100.0%
============================================================
✔ tests\test-outcome-ner.js (437.4053ms)
╔════════════════════════════════════════════════════════════╗
║   PDF Report Generation - Test Suite                      ║
║   Version: 6.0.0-beta                                      ║
╚════════════════════════════════════════════════════════════╝

=== Test 1: Basic Report Generation ===
2025-12-07 01:47:43 [[32minfo[39m]: Generating PDF report {
  "service": "medresearch-ai",
  "version": "6.0.0-beta",
  "section_count": 2
}
2025-12-07 01:47:43 [[32minfo[39m]: PDF report generated {
  "service": "medresearch-ai",
  "version": "6.0.0-beta",
  "total_sections": 2,
  "total_pages": 1,
  "word_count": 50
}
  ✓ Report generated
  ✓ Contains title
  ✓ Contains first author
  ✓ Contains second author
  ✓ Total sections: 2
✅ Test passed: Test 1: Basic Report Generation

=== Test 2: Table of Contents Generation ===
2025-12-07 01:47:43 [[32minfo[39m]: Generating PDF report {
  "service": "medresearch-ai",
  "version": "6.0.0-beta",
  "section_count": 3
}
2025-12-07 01:47:43 [[32minfo[39m]: PDF report generated {
  "service": "medresearch-ai",
  "version": "6.0.0-beta",
  "total_sections": 3,
  "total_pages": 1,
  "word_count": 49
}
  ✓ Contains TOC
  ✓ TOC lists Abstract
  ✓ TOC lists Methods
  ✓ TOC lists Results
✅ Test passed: Test 2: Table of Contents Generation

=== Test 3: Section Numbering ===
2025-12-07 01:47:43 [[32minfo[39m]: Generating PDF report {
  "service": "medresearch-ai",
  "version": "6.0.0-beta",
  "section_count": 2
}
2025-12-07 01:47:43 [[32minfo[39m]: PDF report generated {
  "service": "medresearch-ai",
  "version": "6.0.0-beta",
  "total_sections": 2,
  "total_pages": 1,
  "word_count": 46
}
  ✓ First section numbered
  ✓ Second section numbered
✅ Test passed: Test 3: Section Numbering

=== Test 4: Metadata Display ===
2025-12-07 01:47:43 [[32minfo[39m]: Generating PDF report {
  "service": "medresearch-ai",
  "version": "6.0.0-beta",
  "section_count": 1
}
2025-12-07 01:47:43 [[32minfo[39m]: PDF report generated {
  "service": "medresearch-ai",
  "version": "6.0.0-beta",
  "total_sections": 1,
  "total_pages": 1,
  "word_count": 42
}
  ✓ Contains all authors
  ✓ Contains date
  ✓ Contains version
  ✓ Contains protocol registration
✅ Test passed: Test 4: Metadata Display

=== Test 5: Word Count Calculation ===
2025-12-07 01:47:43 [[32minfo[39m]: Generating PDF report {
  "service": "medresearch-ai",
  "version": "6.0.0-beta",
  "section_count": 1
}
2025-12-07 01:47:43 [[32minfo[39m]: PDF report generated {
  "service": "medresearch-ai",
  "version": "6.0.0-beta",
  "total_sections": 1,
  "total_pages": 1,
  "word_count": 40
}
  ✓ Word count: 40
✅ Test passed: Test 5: Word Count Calculation

=== Test 6: Page Count Estimation ===
2025-12-07 01:47:43 [[32minfo[39m]: Generating PDF report {
  "service": "medresearch-ai",
  "version": "6.0.0-beta",
  "section_count": 1
}
2025-12-07 01:47:43 [[32minfo[39m]: PDF report generated {
  "service": "medresearch-ai",
  "version": "6.0.0-beta",
  "total_sections": 1,
  "total_pages": 1,
  "word_count": 33
}
  ✓ Estimated pages: 1
✅ Test passed: Test 6: Page Count Estimation

=== Test 7: Section List Generation ===
2025-12-07 01:47:43 [[32minfo[39m]: Generating PDF report {
  "service": "medresearch-ai",
  "version": "6.0.0-beta",
  "section_count": 3
}
2025-12-07 01:47:43 [[32minfo[39m]: PDF report generated {
  "service": "medresearch-ai",
  "version": "6.0.0-beta",
  "total_sections": 3,
  "total_pages": 1,
  "word_count": 44
}
  ✓ Section count: 3
  ✓ Sections include Abstract
  ✓ Sections include Methods
  ✓ Sections include Results
✅ Test passed: Test 7: Section List Generation

=== Test 8: Standard Systematic Review Report ===
2025-12-07 01:47:43 [[32minfo[39m]: Generating PDF report {
  "service": "medresearch-ai",
  "version": "6.0.0-beta",
  "section_count": 4
}
2025-12-07 01:47:43 [[32minfo[39m]: PDF report generated {
  "service": "medresearch-ai",
  "version": "6.0.0-beta",
  "total_sections": 4,
  "total_pages": 3,
  "word_count": 130
}
  ✓ Contains Abstract section
  ✓ Contains Methods section
  ✓ Contains Results section
  ✓ Contains Discussion section
  ✓ Standard sections: 4
✅ Test passed: Test 8: Standard Systematic Review Report

=== Test 9: Additional Sections Support ===
2025-12-07 01:47:43 [[32minfo[39m]: Generating PDF report {
  "service": "medresearch-ai",
  "version": "6.0.0-beta",
  "section_count": 6
}
2025-12-07 01:47:43 [[32minfo[39m]: PDF report generated {
  "service": "medresearch-ai",
  "version": "6.0.0-beta",
  "total_sections": 6,
  "total_pages": 3,
  "word_count": 130
}
  ✓ Total with additional: 6
  ✓ Contains additional section
  ✓ Contains references section
✅ Test passed: Test 9: Additional Sections Support

=== Test 10: Footer Generation ===
2025-12-07 01:47:43 [[32minfo[39m]: Generating PDF report {
  "service": "medresearch-ai",
  "version": "6.0.0-beta",
  "section_count": 1
}
2025-12-07 01:47:43 [[32minfo[39m]: PDF report generated {
  "service": "medresearch-ai",
  "version": "6.0.0-beta",
  "total_sections": 1,
  "total_pages": 1,
  "word_count": 32
}
  ✓ Contains generator info
  ✓ Contains version in footer
✅ Test passed: Test 10: Footer Generation

============================================================
TEST SUMMARY
============================================================
Total tests: 10
Passed: 10 ✅
Failed: 0 ❌
Success rate: 100.0%
============================================================
✔ tests\test-pdf-report.js (394.436ms)
╔════════════════════════════════════════════════════════════╗
║      Phase 3 Integration Test Suite                       ║
║      Version: 6.0.0-beta                                   ║
╚════════════════════════════════════════════════════════════╝

=== Test 1: Complete RCT Workflow ===
  Step 1: Classifying study design...
2025-12-07 01:47:43 [[32minfo[39m]: Classifying study design {
  "service": "medresearch-ai",
  "version": "4.1.0",
  "title": "Effect of Aspirin on Cardiovascular Events in Diabetic Patients: A Randomized Controlled Trial",
  "has_abstract": true,
  "has_methods": true,
  "has_full_text": false
}
2025-12-07 01:47:43 [[32minfo[39m]: Starting enhanced hybrid classification {
  "service": "medresearch-ai",
  "version": "4.1.0",
  "title": "Effect of Aspirin on Cardiovascular Events in Diabetic Patients: A Randomized Controlled Trial",
  "has_mesh": false,
  "has_pub_type": false
}
2025-12-07 01:47:43 [[32minfo[39m]: Starting keyword-based classification {
  "service": "medresearch-ai",
  "version": "4.1.0",
  "title": "Effect of Aspirin on Cardiovascular Events in Diabetic Patients: A Randomized Controlled Trial",
  "has_abstract": true,
  "has_methods": true
}
2025-12-07 01:47:43 [[32minfo[39m]: Keyword classification complete {
  "service": "medresearch-ai",
  "version": "4.1.0",
  "primary_design": "rct_parallel",
  "confidence": 0.3211728458825059,
  "requires_review": true,
  "ambiguous": false
}
2025-12-07 01:47:43 [[32minfo[39m]: Classifying using statistical methods {
  "service": "medresearch-ai",
  "version": "4.1.0",
  "text_length": 917
}
2025-12-07 01:47:43 [[32minfo[39m]: Statistical pattern match {
  "service": "medresearch-ai",
  "version": "4.1.0",
  "description": "Randomization mentioned",
  "designs": [
    "rct_parallel",
    "rct_crossover",
    "rct_cluster",
    "rct_factorial"
  ],
  "weight": 9
}
2025-12-07 01:47:43 [[32minfo[39m]: Statistical pattern match {
  "service": "medresearch-ai",
  "version": "4.1.0",
  "description": "Blinding mentioned",
  "designs": [
    "rct_parallel",
    "rct_crossover"
  ],
  "weight": 8
}
2025-12-07 01:47:43 [[32minfo[39m]: Statistical pattern match {
  "service": "medresearch-ai",
  "version": "4.1.0",
  "description": "Placebo control",
  "designs": [
    "rct_parallel"
  ],
  "weight": 8
}
2025-12-07 01:47:43 [[32minfo[39m]: Statistical pattern match {
  "service": "medresearch-ai",
  "version": "4.1.0",
  "description": "Odds ratio / logistic regression",
  "designs": [
    "case_control"
  ],
  "weight": 7
}
2025-12-07 01:47:43 [[32minfo[39m]: Enhanced hybrid classification complete {
  "service": "medresearch-ai",
  "version": "4.1.0",
  "primary_design": "rct_parallel",
  "confidence": 0.42246913835300237,
  "method": "ensemble",
  "keyword_weight": 0.4,
  "mesh_weight": 0.3,
  "statistical_weight": 0.3
}
    ✓ Classified as RCT with 42.2% confidence
  Step 2: Assessing quality with RoB 2.0...
2025-12-07 01:47:43 [[32minfo[39m]: Assessing RCT quality using RoB 2.0 {
  "service": "medresearch-ai",
  "version": "4.1.0",
  "study_id": "RCT-WORKFLOW-001",
  "design": "rct_parallel",
  "has_full_text": false
}
2025-12-07 01:47:43 [[32minfo[39m]: RoB 2.0 assessment complete {
  "service": "medresearch-ai",
  "version": "4.1.0",
  "study_id": "RCT-WORKFLOW-001",
  "overall_risk": "some_concerns",
  "confidence": 0.45833333333333326,
  "requires_review": true
}
    ✓ Quality assessed as some_concerns risk of bias
  Step 3: Extracting data with NLP...
2025-12-07 01:47:43 [[32minfo[39m]: Extracting data using NLP {
  "service": "medresearch-ai",
  "version": "4.1.0",
  "study_id": "RCT-WORKFLOW-001",
  "design": "rct_parallel"
}
2025-12-07 01:47:43 [[32minfo[39m]: Data extraction complete {
  "service": "medresearch-ai",
  "version": "4.1.0",
  "study_id": "RCT-WORKFLOW-001",
  "confidence": 0.74,
  "requires_review": false
}
    ✓ Data extracted with 74.0% confidence
  Step 4: Checking for duplicates...
    ✓ Duplicate detection working (100% match for identical study)
✅ Test 1 passed: Complete RCT workflow successful

=== Test 2: Poor Quality Study Workflow ===
2025-12-07 01:47:43 [[32minfo[39m]: Classifying study design {
  "service": "medresearch-ai",
  "version": "4.1.0",
  "title": "A Study of Treatment X",
  "has_abstract": true,
  "has_methods": true,
  "has_full_text": false
}
2025-12-07 01:47:43 [[32minfo[39m]: Starting enhanced hybrid classification {
  "service": "medresearch-ai",
  "version": "4.1.0",
  "title": "A Study of Treatment X",
  "has_mesh": false,
  "has_pub_type": false
}
2025-12-07 01:47:43 [[32minfo[39m]: Starting keyword-based classification {
  "service": "medresearch-ai",
  "version": "4.1.0",
  "title": "A Study of Treatment X",
  "has_abstract": true,
  "has_methods": true
}
2025-12-07 01:47:43 [[32minfo[39m]: Keyword classification complete {
  "service": "medresearch-ai",
  "version": "4.1.0",
  "primary_design": "rct_parallel",
  "confidence": 0.039165722796764356,
  "requires_review": true,
  "ambiguous": false
}
2025-12-07 01:47:43 [[32minfo[39m]: Classifying using statistical methods {
  "service": "medresearch-ai",
  "version": "4.1.0",
  "text_length": 113
}
2025-12-07 01:47:43 [[32minfo[39m]: Enhanced hybrid classification complete {
  "service": "medresearch-ai",
  "version": "4.1.0",
  "primary_design": "rct_parallel",
  "confidence": 0.015666289118705743,
  "method": "ensemble",
  "keyword_weight": 0.4,
  "mesh_weight": 0.3,
  "statistical_weight": 0.3
}
  ✓ Classification confidence: 1.6%
2025-12-07 01:47:43 [[32minfo[39m]: Extracting data using NLP {
  "service": "medresearch-ai",
  "version": "4.1.0",
  "study_id": "POOR-QUALITY-001",
  "design": "rct_parallel"
}
2025-12-07 01:47:43 [[32minfo[39m]: Data extraction complete {
  "service": "medresearch-ai",
  "version": "4.1.0",
  "study_id": "POOR-QUALITY-001",
  "confidence": 0.36,
  "requires_review": true
}
  ✓ Flagged for manual review: Low confidence in automated extraction (<60%)
✅ Test 2 passed: Poor quality study correctly flagged

=== Test 3: Multiple Studies Duplicate Detection ===
  ✓ Found 3 potential duplicate pairs
  ✓ Exact duplicate detected with 100% similarity
✅ Test 3 passed: Multiple studies duplicate detection working

=== Test 4: Cross-Tool Data Consistency ===
2025-12-07 01:47:43 [[32minfo[39m]: Classifying study design {
  "service": "medresearch-ai",
  "version": "4.1.0",
  "title": "Laparoscopic Surgery for Appendicitis: A Randomized Trial",
  "has_abstract": true,
  "has_methods": true,
  "has_full_text": false
}
2025-12-07 01:47:43 [[32minfo[39m]: Starting enhanced hybrid classification {
  "service": "medresearch-ai",
  "version": "4.1.0",
  "title": "Laparoscopic Surgery for Appendicitis: A Randomized Trial",
  "has_mesh": false,
  "has_pub_type": false
}
2025-12-07 01:47:43 [[32minfo[39m]: Starting keyword-based classification {
  "service": "medresearch-ai",
  "version": "4.1.0",
  "title": "Laparoscopic Surgery for Appendicitis: A Randomized Trial",
  "has_abstract": true,
  "has_methods": true
}
2025-12-07 01:47:43 [[32minfo[39m]: Keyword classification complete {
  "service": "medresearch-ai",
  "version": "4.1.0",
  "primary_design": "rct_parallel",
  "confidence": 0.07210208832026888,
  "requires_review": true,
  "ambiguous": false
}
2025-12-07 01:47:43 [[32minfo[39m]: Classifying using statistical methods {
  "service": "medresearch-ai",
  "version": "4.1.0",
  "text_length": 181
}
2025-12-07 01:47:43 [[32minfo[39m]: Statistical pattern match {
  "service": "medresearch-ai",
  "version": "4.1.0",
  "description": "Randomization mentioned",
  "designs": [
    "rct_parallel",
    "rct_crossover",
    "rct_cluster",
    "rct_factorial"
  ],
  "weight": 9
}
2025-12-07 01:47:43 [[32minfo[39m]: Statistical pattern match {
  "service": "medresearch-ai",
  "version": "4.1.0",
  "description": "Odds ratio / logistic regression",
  "designs": [
    "case_control"
  ],
  "weight": 7
}
2025-12-07 01:47:43 [[32minfo[39m]: Enhanced hybrid classification complete {
  "service": "medresearch-ai",
  "version": "4.1.0",
  "primary_design": "rct_parallel",
  "confidence": 0.24634083532810755,
  "method": "ensemble",
  "keyword_weight": 0.4,
  "mesh_weight": 0.3,
  "statistical_weight": 0.3
}
2025-12-07 01:47:43 [[32minfo[39m]: Extracting data using NLP {
  "service": "medresearch-ai",
  "version": "4.1.0",
  "study_id": "CONSISTENCY-001",
  "design": "rct_parallel"
}
2025-12-07 01:47:43 [[32minfo[39m]: Data extraction complete {
  "service": "medresearch-ai",
  "version": "4.1.0",
  "study_id": "CONSISTENCY-001",
  "confidence": 0.4,
  "requires_review": true
}
  ✓ Study design consistent across tools: rct_parallel
  ✓ Intervention type correctly detected: surgical
✅ Test 4 passed: Cross-tool data consistency verified

=== Test 5: Performance Test ===
2025-12-07 01:47:43 [[32minfo[39m]: Classifying study design {
  "service": "medresearch-ai",
  "version": "4.1.0",
  "title": "Clinical Trial of Drug X",
  "has_abstract": true,
  "has_methods": true,
  "has_full_text": false
}
2025-12-07 01:47:43 [[32minfo[39m]: Starting enhanced hybrid classification {
  "service": "medresearch-ai",
  "version": "4.1.0",
  "title": "Clinical Trial of Drug X",
  "has_mesh": false,
  "has_pub_type": false
}
2025-12-07 01:47:43 [[32minfo[39m]: Starting keyword-based classification {
  "service": "medresearch-ai",
  "version": "4.1.0",
  "title": "Clinical Trial of Drug X",
  "has_abstract": true,
  "has_methods": true
}
2025-12-07 01:47:43 [[32minfo[39m]: Keyword classification complete {
  "service": "medresearch-ai",
  "version": "4.1.0",
  "primary_design": "rct_parallel",
  "confidence": 0.09689087356141791,
  "requires_review": true,
  "ambiguous": false
}
2025-12-07 01:47:43 [[32minfo[39m]: Classifying using statistical methods {
  "service": "medresearch-ai",
  "version": "4.1.0",
  "text_length": 105
}
2025-12-07 01:47:43 [[32minfo[39m]: Statistical pattern match {
  "service": "medresearch-ai",
  "version": "4.1.0",
  "description": "Randomization mentioned",
  "designs": [
    "rct_parallel",
    "rct_crossover",
    "rct_cluster",
    "rct_factorial"
  ],
  "weight": 9
}
2025-12-07 01:47:43 [[32minfo[39m]: Statistical pattern match {
  "service": "medresearch-ai",
  "version": "4.1.0",
  "description": "Blinding mentioned",
  "designs": [
    "rct_parallel",
    "rct_crossover"
  ],
  "weight": 8
}
2025-12-07 01:47:43 [[32minfo[39m]: Enhanced hybrid classification complete {
  "service": "medresearch-ai",
  "version": "4.1.0",
  "primary_design": "rct_parallel",
  "confidence": 0.3162563494245672,
  "method": "ensemble",
  "keyword_weight": 0.4,
  "mesh_weight": 0.3,
  "statistical_weight": 0.3
}
2025-12-07 01:47:43 [[32minfo[39m]: Extracting data using NLP {
  "service": "medresearch-ai",
  "version": "4.1.0",
  "study_id": "PERF-001",
  "design": "randomized_controlled_trial"
}
2025-12-07 01:47:43 [[32minfo[39m]: Data extraction complete {
  "service": "medresearch-ai",
  "version": "4.1.0",
  "study_id": "PERF-001",
  "confidence": 0.4,
  "requires_review": true
}
  ✓ Classification time: 2ms
  ✓ Extraction time: 1ms
  ✓ Duplicate detection time: 0ms
✅ Test 5 passed: All operations complete in reasonable time

============================================================
INTEGRATION TEST SUMMARY
============================================================
Total tests: 5
Passed: 5 ✅
Failed: 0 ❌
Success rate: 100.0%
============================================================
✔ tests\test-phase3-integration.js (453.8772ms)
╔════════════════════════════════════════════════════════════╗
║   Phase 4 Integration Testing - Test Suite                ║
║   Advanced Systematic Review Tools                        ║
║   Version: 6.0.0-beta                                      ║
╚════════════════════════════════════════════════════════════╝

=== Test 1: Systematic Review Planning Workflow ===
  Step 1: Research question: Does aspirin reduce cardiovascular events in diabetic patients compared to placebo?
  Step 2: PICO extracted
    - Population: Does aspirin reduce cardiovascular events in diabetic
    - Intervention: aspirin
    - Comparison: placebo
    - Outcome: cardiovascular events
  Step 3: Question scored
    - Overall score: 63
    - Rating: fair
    - Strengths: 2
    - Recommendations: 2
  Step 4: Search terms generated: 7 terms
✅ Test 1 passed: Systematic review planning workflow

=== Test 2: Systematic Review Assessment Workflow ===
  Step 1: Systematic review identified
2025-12-07 01:47:43 [[32minfo[39m]: Assessing systematic review quality using AMSTAR-2 {
  "service": "medresearch-ai",
  "version": "4.1.0",
  "study_id": "SR001",
  "design": "systematic_review"
}
2025-12-07 01:47:43 [[32minfo[39m]: AMSTAR-2 assessment complete {
  "service": "medresearch-ai",
  "version": "4.1.0",
  "study_id": "SR001",
  "overall_rating": "high",
  "confidence": 0.6571428571428571
}
  Step 2: AMSTAR-2 quality assessment
    - Overall rating: high
    - Confidence: 65.7%
    - Requires review: false
2025-12-07 01:47:43 [[32minfo[39m]: Assessing systematic review bias using ROBIS {
  "service": "medresearch-ai",
  "version": "4.1.0",
  "study_id": "SR001",
  "design": "systematic_review"
}
2025-12-07 01:47:43 [[32minfo[39m]: ROBIS assessment complete {
  "service": "medresearch-ai",
  "version": "4.1.0",
  "study_id": "SR001",
  "overall_risk": "high",
  "confidence": 0.525
}
  Step 3: ROBIS bias assessment
    - Overall risk: high
    - Confidence: 52.5%
    - Requires review: true
  Step 4: Inclusion decision
    - High quality: true
    - Low bias: false
    - Include in review: false
✅ Test 2 passed: Systematic review assessment workflow

=== Test 3: Multiple Questions Comparison ===
  Question 1: Does aspirin reduce cardiovascular events in diabe...
    - Score: 63, Rating: fair
  Question 2: Is exercise effective for depression?...
    - Score: 67, Rating: good
  Question 3: Does treatment help?...
    - Score: 58, Rating: fair
✅ Test 3 passed: Multiple questions comparison

=== Test 4: PICO to Search Terms Workflow ===
  PICO elements:
    - P: Not clearly specified
    - I: cognitive behavioral therapy
    - C: medication
    - O: anxiety
  Search terms: therapy, cognitive, behavioral, medication, anxiety
  Structured question: does cognitive behavioral therapy, compared to medication, affect anxiety?
✅ Test 4 passed: PICO to search terms workflow

=== Test 5: Quality Assessment Consistency ===
2025-12-07 01:47:43 [[32minfo[39m]: Assessing systematic review quality using AMSTAR-2 {
  "service": "medresearch-ai",
  "version": "4.1.0",
  "study_id": "SR002",
  "design": "systematic_review"
}
2025-12-07 01:47:43 [[32minfo[39m]: AMSTAR-2 assessment complete {
  "service": "medresearch-ai",
  "version": "4.1.0",
  "study_id": "SR002",
  "overall_rating": "critically_low",
  "confidence": 0.4714285714285714
}
2025-12-07 01:47:43 [[32minfo[39m]: Assessing systematic review bias using ROBIS {
  "service": "medresearch-ai",
  "version": "4.1.0",
  "study_id": "SR002",
  "design": "systematic_review"
}
2025-12-07 01:47:43 [[32minfo[39m]: ROBIS assessment complete {
  "service": "medresearch-ai",
  "version": "4.1.0",
  "study_id": "SR002",
  "overall_risk": "high",
  "confidence": 0.5
}
  AMSTAR-2 rating: critically_low
  ROBIS risk: high
  Assessments are consistent ✓
✅ Test 5 passed: Quality assessment consistency

=== Test 6: End-to-End Systematic Review Workflow ===
  Phase 1: Planning
    ✓ Question scored: good
    ✓ PICO extracted
    ✓ Search terms generated: 7
  Phase 2: Search and screening
    ✓ Search databases using terms
    ✓ Screen studies
  Phase 3: Quality assessment
2025-12-07 01:47:43 [[32minfo[39m]: Assessing systematic review quality using AMSTAR-2 {
  "service": "medresearch-ai",
  "version": "4.1.0",
  "study_id": "SR003",
  "design": "systematic_review"
}
2025-12-07 01:47:43 [[32minfo[39m]: AMSTAR-2 assessment complete {
  "service": "medresearch-ai",
  "version": "4.1.0",
  "study_id": "SR003",
  "overall_rating": "high",
  "confidence": 0.6571428571428571
}
2025-12-07 01:47:43 [[32minfo[39m]: Assessing systematic review bias using ROBIS {
  "service": "medresearch-ai",
  "version": "4.1.0",
  "study_id": "SR003",
  "design": "systematic_review"
}
2025-12-07 01:47:43 [[32minfo[39m]: ROBIS assessment complete {
  "service": "medresearch-ai",
  "version": "4.1.0",
  "study_id": "SR003",
  "overall_risk": "high",
  "confidence": 0.525
}
    ✓ AMSTAR-2: high
    ✓ ROBIS: high
  Phase 4: Data extraction and synthesis
    ✓ Extract outcomes
    ✓ Synthesize findings
  Phase 5: Reporting
    ✓ PRISMA flowchart
    ✓ Quality assessment tables
    ✓ Summary of findings
✅ Test 6 passed: End-to-end workflow

============================================================
TEST SUMMARY
============================================================
Total tests: 6
Passed: 6 ✅
Failed: 0 ❌
Success rate: 100.0%
============================================================
✔ tests\test-phase4-integration.js (446.1499ms)
╔════════════════════════════════════════════════════════════╗
║   Phase 5 Integration Tests - Test Suite                  ║
║   Version: 6.0.0-beta                                      ║
╚════════════════════════════════════════════════════════════╝

=== Test 1: Binary Meta-Analysis Workflow ===
  ✓ Step 1: Calculated effect sizes for 3 studies
    - Study 1 OR: 0.375
    - Study 2 OR: 0.385
    - Study 3 OR: 0.368
  ✓ Step 2: Pooled effect sizes
    - Pooled log(OR): -0.982
    - Pooled OR: 0.375
    - Model: fixed
    - P-value: 0.0000
  ✓ Step 3: Assessed heterogeneity
    - I²: 0.0%
    - Q p-value: 0.9958
    - Interpretation: low
    - Recommended model: fixed
✅ Test 1 passed: Binary meta-analysis workflow complete

=== Test 2: Continuous Meta-Analysis Workflow ===
  ✓ Step 1: Calculated SMD for 3 studies
    - Study 1 SMD: -0.996
    - Study 2 SMD: -0.663
    - Study 3 SMD: -0.544
  ✓ Step 2: Pooled SMD
    - Pooled SMD: -0.730
    - 95% CI: [-1.002, -0.458]
    - Model: random
  ✓ Step 3: Assessed heterogeneity
    - I²: 62.4%
    - τ²: 0.036
✅ Test 2 passed: Continuous meta-analysis workflow complete

=== Test 3: Heterogeneity-Driven Model Selection ===
  ✓ Low heterogeneity scenario:
    - I²: 0.0%
    - Recommended model: fixed
    - Selected model: fixed
  ✓ High heterogeneity scenario:
    - I²: 97.6%
    - Recommended model: random
    - Selected model: random
✅ Test 3 passed: Model selection based on heterogeneity works

=== Test 4: Confidence Scoring Consistency ===
  ✓ Good quality data confidence: 70.0%
  ✓ Poor quality data confidence: 30.0%
✅ Test 4 passed: Confidence scoring is consistent

=== Test 5: End-to-End Meta-Analysis ===
  Scenario: Meta-analysis of 5 RCTs comparing treatment vs control
  ✓ Calculated effect sizes for 5 studies
  ✓ Heterogeneity assessment:
    - I²: 0.0%
    - Q statistic: 0.042
    - Q p-value: 0.9998
    - Recommended model: fixed
  ✓ Pooled effect:
    - Pooled log(OR): -0.981
    - Pooled OR: 0.375
    - 95% CI: [0.282, 0.497]
    - P-value: 0.0000
    - Model: fixed
✅ Test 5 passed: End-to-end meta-analysis complete

============================================================
TEST SUMMARY
============================================================
Total tests: 5
Passed: 5 ✅
Failed: 0 ❌
Success rate: 100.0%
============================================================
✔ tests\test-phase5-integration.js (408.9924ms)
╔════════════════════════════════════════════════════════════╗
║   PICO Extraction from Questions - Test Suite             ║
║   Version: 6.0.0-beta                                      ║
╚════════════════════════════════════════════════════════════╝

=== Test 1: Classic PICO Question ===
  ✓ Population: Does aspirin reduce cardiovascular events in diabetic
  ✓ Intervention: aspirin
  ✓ Comparison: placebo
  ✓ Outcome: cardiovascular events
  ✓ Search terms: aspirin, events, does, reduce, cardiovascular
✅ Test 1 passed: Classic PICO question

=== Test 2: Question with Age Group ===
  ✓ Population keywords: elderly, depression
✅ Test 2 passed: Age group extraction

=== Test 3: Question without Explicit Comparison ===
  ✓ Comparison: Not clearly specified
✅ Test 3 passed: Question without comparison

=== Test 4: Complex Intervention Question ===
✅ Test 4 passed: Complex intervention question

=== Test 5: Therapy vs Standard Care ===
✅ Test 5 passed: Therapy vs standard care

=== Test 6: Prevention Question ===
✅ Test 6 passed: Prevention question

=== Test 7: Search Term Generation ===
  ✓ Generated 7 unique search terms
✅ Test 7 passed: Search term generation

=== Test 8: Structured Question Creation ===
  ✓ Original: Does aspirin reduce cardiovascular events in diabetic patients compared to placebo?
  ✓ Structured: In Does aspirin reduce cardiovascular events in diabetic, does aspirin, compared to placebo, affect cardiovascular events?
✅ Test 8 passed: Structured question creation

=== Test 9: Vague Question (Low Confidence) ===
  ✓ Overall confidence: 40.0%
✅ Test 9 passed: Vague question handled

=== Test 10: Multiple Outcomes ===
  ✓ Outcome: cardiovascular health and reduce mortality
✅ Test 10 passed: Multiple outcomes

============================================================
TEST SUMMARY
============================================================
Total tests: 10
Passed: 10 ✅
Failed: 0 ❌
Success rate: 100.0%
============================================================
✔ tests\test-pico-extraction.js (354.6292ms)
╔════════════════════════════════════════════════════════════╗
║   PICO Extraction with NER - Test Suite                   ║
║   Version: 6.0.0-beta                                      ║
╚════════════════════════════════════════════════════════════╝

=== Test 1: RCT with Clear PICO Elements ===
2025-12-07 01:47:43 [[32minfo[39m]: Extracted 14 entities from text
  ✓ Population detected: type 2 diabetes, diabetes, adults, type 2 diabetes, diabetes, Patients
  ✓ Intervention detected: Metformin, metformin
  ✓ Comparison detected: versus, placebo, placebo
  ✓ Outcome detected: HbA1c, at 12 weeks, 12 weeks
  ✓ Overall confidence >= 50%: 75.0%
✅ Test passed: Test 1: RCT with Clear PICO Elements

=== Test 2: Entity Extraction Accuracy ===
2025-12-07 01:47:43 [[32minfo[39m]: Extracted 7 entities from text
  ✓ Entities found: 7
  ✓ Population entities: 3
  ✓ Intervention entities: 2
  ✓ Outcome entities: 2
✅ Test passed: Test 2: Entity Extraction Accuracy

=== Test 3: Disease Entity Recognition ===
2025-12-07 01:47:43 [[32minfo[39m]: Extracted 6 entities from text
  ✓ Diseases detected in population: hypertension, Patients, hypertension, diabetes
  ✓ Disease entities identified
✅ Test passed: Test 3: Disease Entity Recognition

=== Test 4: Drug Entity Recognition ===
2025-12-07 01:47:43 [[32minfo[39m]: Extracted 8 entities from text
  ✓ Drug/therapy detected: Insulin, therapy, insulin, treatment, care
  ✓ Intervention entities found
✅ Test passed: Test 4: Drug Entity Recognition

=== Test 5: Outcome Entity Recognition ===
2025-12-07 01:47:43 [[32minfo[39m]: Extracted 4 entities from text
  ✓ Outcomes detected: Mortality, mortality, quality of life, adverse events
  ✓ Multiple outcome entities: 4
✅ Test passed: Test 5: Outcome Entity Recognition

=== Test 6: Confidence Scoring Based on Entities ===
2025-12-07 01:47:43 [[32minfo[39m]: Extracted 0 entities from text
2025-12-07 01:47:43 [[32minfo[39m]: Extracted 12 entities from text
  ✓ Rich text has higher confidence: 67.5% vs 20.0%
  ✓ Rich text has more entities: 12 vs 0
✅ Test passed: Test 6: Confidence Scoring Based on Entities

=== Test 7: Age Group Entity Detection ===
2025-12-07 01:47:43 [[32minfo[39m]: Extracted 8 entities from text
  ✓ Age group entities detected
  ✓ Age information in population: elderly, patients, Patients, aged 65-80, 65-80 years, Children, adolescents
✅ Test passed: Test 7: Age Group Entity Detection

=== Test 8: Comparison Group Detection ===
2025-12-07 01:47:43 [[32minfo[39m]: Extracted 6 entities from text
  ✓ Comparison detected: versus, placebo, Compared to, standard care
✅ Test passed: Test 8: Comparison Group Detection

=== Test 9: Warnings for Low Entity Count ===
2025-12-07 01:47:43 [[32minfo[39m]: Extracted 0 entities from text
  ✓ Warnings generated: 4
  ✓ Appropriate warnings for sparse text
✅ Test passed: Test 9: Warnings for Low Entity Count

=== Test 10: Recommendations Based on Confidence ===
2025-12-07 01:47:43 [[32minfo[39m]: Extracted 4 entities from text
  ✓ Recommendations: 3
  ✓ Recommendations is array
✅ Test passed: Test 10: Recommendations Based on Confidence

=== Test 11: Interpretation Quality ===
2025-12-07 01:47:43 [[32minfo[39m]: Extracted 8 entities from text
  ✓ Detailed interpretation
  ✓ Mentions entity count
  ✓ Mentions confidence
✅ Test passed: Test 11: Interpretation Quality

=== Test 12: Multiple Disease Detection ===
2025-12-07 01:47:43 [[32minfo[39m]: Extracted 4 entities from text
  ✓ Multiple diseases detected: 3
✅ Test passed: Test 12: Multiple Disease Detection

=== Test 13: Surgical Procedure Detection ===
2025-12-07 01:47:43 [[32minfo[39m]: Extracted 8 entities from text
  ✓ Procedure detected: Bypass, surgery, bypass, surgery, medical, management
  ✓ Procedure entity type identified
✅ Test passed: Test 13: Surgical Procedure Detection

=== Test 14: Time Period Entity Detection ===
2025-12-07 01:47:43 [[32minfo[39m]: Extracted 6 entities from text
  ✓ Time periods detected: 5
✅ Test passed: Test 14: Time Period Entity Detection

=== Test 15: Entity Confidence Scores ===
2025-12-07 01:47:43 [[32minfo[39m]: Extracted 8 entities from text
  ✓ Population confidence valid: 90.0%
  ✓ Intervention confidence valid: 60.0%
  ✓ Outcome confidence valid: 45.0%
✅ Test passed: Test 15: Entity Confidence Scores

============================================================
TEST SUMMARY
============================================================
Total tests: 15
Passed: 15 ✅
Failed: 0 ❌
Success rate: 100.0%
============================================================
✔ tests\test-pico-ner.js (335.1947ms)
node:internal/modules/run_main:107
    triggerUncaughtException(
    ^

Error [ERR_MODULE_NOT_FOUND]: Cannot find module 'C:\Users\Admin\Documents\AI-Projects\OpenAgents-main\Project\MedResearch-AI\tests\dist\src\mcp\tools\plagiarism-detection.js' imported from C:\Users\Admin\Documents\AI-Projects\OpenAgents-main\Project\MedResearch-AI\tests\test-plagiarism.js
Did you mean to import "../dist/src/mcp/tools/plagiarism-detection.js"?
    at finalizeResolution (node:internal/modules/esm/resolve:274:11)
    at moduleResolve (node:internal/modules/esm/resolve:864:10)
    at defaultResolve (node:internal/modules/esm/resolve:990:11)
    at #cachedDefaultResolve (node:internal/modules/esm/loader:757:20)
    at ModuleLoader.resolve (node:internal/modules/esm/loader:734:38)
    at ModuleLoader.getModuleJobForImport (node:internal/modules/esm/loader:317:38)
    at #link (node:internal/modules/esm/module_job:208:49) {
  code: 'ERR_MODULE_NOT_FOUND',
  url: 'file:///C:/Users/Admin/Documents/AI-Projects/OpenAgents-main/Project/MedResearch-AI/tests/dist/src/mcp/tools/plagiarism-detection.js'
}

Node.js v24.11.0
✖ tests\test-plagiarism.js (139.7089ms)
╔════════════════════════════════════════════════════════════╗
║   Pooled Effect Size Calculation - Test Suite             ║
║   Version: 6.0.0-beta                                      ║
╚════════════════════════════════════════════════════════════╝

=== Test 1: Fixed-Effect Pooling ===
  ✓ Pooled effect: 0.537
  ✓ 95% CI: [0.403, 0.671]
  ✓ P-value: 0.0000
  ✓ I²: 0.0%
✅ Test 1 passed: Fixed-effect pooling works

=== Test 2: Random-Effects Pooling ===
  ✓ Pooled effect: 0.833
  ✓ Tau²: 0.413
  ✓ I²: 97.6%
✅ Test 2 passed: Random-effects pooling works

=== Test 3: Single Study ===
  ✓ Pooled effect: 0.500
  ✓ Warnings: 1
✅ Test 3 passed: Single study handled correctly

=== Test 4: Two Studies ===
  ✓ Pooled effect: 0.500
✅ Test 4 passed: Two studies pooled correctly

=== Test 5: Multiple Studies (5+) ===
  ✓ Number of studies: 5
  ✓ Pooled effect: 0.540
  ✓ Confidence: 70.0%
✅ Test 5 passed: Multiple studies pooled correctly

=== Test 6: Automatic Model Selection ===
  ✓ Low heterogeneity model: fixed
  ✓ High heterogeneity model: random
✅ Test 6 passed: Automatic model selection works

=== Test 7: Weight Calculation ===
  ✓ Study 1 weight: 59.0%
  ✓ Study 2 weight: 14.8%
  ✓ Study 3 weight: 26.2%
✅ Test 7 passed: Weight calculation works correctly

=== Test 8: Calculate SE from CI ===
  ✓ Pooled effect: 0.531
✅ Test 8 passed: SE calculated from CI correctly

=== Test 9: Input Validation ===
  ✓ Empty array rejected
  ✓ Missing SE/CI rejected
  ✓ Invalid CI rejected
✅ Test 9 passed: Input validation works

=== Test 10: P-value Calculation ===
  ✓ Significant effect p-value: 0.0000
  ✓ Null effect p-value: 1.0000
✅ Test 10 passed: P-value calculation works

============================================================
TEST SUMMARY
============================================================
Total tests: 10
Passed: 10 ✅
Failed: 0 ❌
Success rate: 100.0%
============================================================
✔ tests\test-pooled-effect.js (313.4714ms)
🧪 PRISMA 2020 Compliance Checker - Test Suite

============================================================

🚀 Starting PRISMA Compliance Checker Tests...


📋 Test 1: Good PRISMA Compliance
------------------------------------------------------------
2025-12-07 01:47:43 [[32minfo[39m]: Starting PRISMA compliance check for PRISMA_2020
2025-12-07 01:47:43 [[32minfo[39m]: Identified 6 manuscript sections
2025-12-07 01:47:43 [[32minfo[39m]: PRISMA compliance check complete: 30.8% compliant
2025-12-07 01:47:43 [[32minfo[39m]: Complete: 12, Partial: 0, Incomplete: 27
✅ Compliance score: 30.8%
✅ Complete items: 12
✅ Partial items: 0
✅ Incomplete items: 27
✅ Assessment: Low compliance with PRISMA 2020 guidelines, major revisions needed

❌ TEST FAILED: Good manuscript should have higher compliance score

📋 Test 2: Poor PRISMA Compliance
------------------------------------------------------------
2025-12-07 01:47:43 [[32minfo[39m]: Starting PRISMA compliance check for PRISMA_2020
2025-12-07 01:47:43 [[32minfo[39m]: Identified 6 manuscript sections
2025-12-07 01:47:43 [[32minfo[39m]: PRISMA compliance check complete: 2.6% compliant
2025-12-07 01:47:43 [[32minfo[39m]: Complete: 1, Partial: 0, Incomplete: 38
✅ Compliance score: 2.6%
✅ Complete items: 1
✅ Incomplete items: 38
✅ Assessment: Low compliance with PRISMA 2020 guidelines, major revisions needed

✅ TEST PASSED: Poor manuscript correctly identified as non-compliant

📋 Test 3: Specific Items Detection
------------------------------------------------------------
2025-12-07 01:47:43 [[32minfo[39m]: Starting PRISMA compliance check for PRISMA_2020
2025-12-07 01:47:43 [[32minfo[39m]: Identified 6 manuscript sections
2025-12-07 01:47:43 [[32minfo[39m]: PRISMA compliance check complete: 30.8% compliant
2025-12-07 01:47:43 [[32minfo[39m]: Complete: 12, Partial: 0, Incomplete: 27
✅ Item 1 (Title): complete
✅ Item 4 (Objectives): incomplete
✅ Item 5 (Eligibility): complete
✅ Item 24a (Registration): complete

⚠️ TEST WARNING: Some expected items not detected as complete

📋 Test 4: Recommendations Generation
------------------------------------------------------------
2025-12-07 01:47:43 [[32minfo[39m]: Starting PRISMA compliance check for PRISMA_2020
2025-12-07 01:47:43 [[32minfo[39m]: Identified 6 manuscript sections
2025-12-07 01:47:43 [[32minfo[39m]: PRISMA compliance check complete: 2.6% compliant
2025-12-07 01:47:43 [[32minfo[39m]: Complete: 1, Partial: 0, Incomplete: 38
✅ Incomplete items: 38
✅ Items with recommendations: 38

📊 Sample Recommendations:
   Item 1: Add "systematic review" or "meta-analysis" to the title
   Item 2: Include a structured abstract with Background, Methods, Results, and Conclusions
   Item 3: Add a paragraph explaining why this review is needed

✅ TEST PASSED: Recommendations generated for incomplete items

📋 Test 5: Report Generation
------------------------------------------------------------
2025-12-07 01:47:43 [[32minfo[39m]: Starting PRISMA compliance check for PRISMA_2020
2025-12-07 01:47:43 [[32minfo[39m]: Identified 6 manuscript sections
2025-12-07 01:47:43 [[32minfo[39m]: PRISMA compliance check complete: 30.8% compliant
2025-12-07 01:47:43 [[32minfo[39m]: Complete: 12, Partial: 0, Incomplete: 27
✅ Report generated: 8065 characters
✅ Contains overall assessment: true
✅ Contains compliance score: true
✅ Contains incomplete items: true

📊 Report Preview:
# PRISMA 2020 Compliance Report

## Overall Assessment

**Low compliance with PRISMA 2020 guidelines, major revisions needed**

- **Compliance Score**: 30.8%
- **Complete**: 12 items
- **Partial**: 0 items
- **Incomplete**: 27 items

**Progress**: ██████░░░░░░░░░░░░░░

## ❌ Incomplete Items (27)

These items require immediate attention:

### Item 4: Introduction - Objectives

**Requirement**: Provide an explicit statement of the objective(s) or question(s)

**Recommendation**: Clearly state the ...

✅ TEST PASSED: Report generated successfully

📋 Test 6: Section Identification
------------------------------------------------------------
2025-12-07 01:47:43 [[32minfo[39m]: Starting PRISMA compliance check for PRISMA_2020
2025-12-07 01:47:43 [[32minfo[39m]: Identified 6 manuscript sections
2025-12-07 01:47:43 [[32minfo[39m]: PRISMA compliance check complete: 30.8% compliant
2025-12-07 01:47:43 [[32minfo[39m]: Complete: 12, Partial: 0, Incomplete: 27
✅ Items with identified sections: 12

📊 Sample Section Identifications:
   Item 1: Found in "title"
   Item 2: Found in "abstract"
   Item 3: Found in "introduction"
   Item 5: Found in "methods"
   Item 16a: Found in "results"

✅ TEST PASSED: Sections identified correctly

📋 Test 7: Performance Test
------------------------------------------------------------
2025-12-07 01:47:43 [[32minfo[39m]: Starting PRISMA compliance check for PRISMA_2020
2025-12-07 01:47:43 [[32minfo[39m]: Identified 6 manuscript sections
2025-12-07 01:47:43 [[32minfo[39m]: PRISMA compliance check complete: 30.8% compliant
2025-12-07 01:47:43 [[32minfo[39m]: Complete: 12, Partial: 0, Incomplete: 27
✅ Processing time: 1ms
✅ Items checked: 39
✅ Time per item: 0ms

✅ TEST PASSED: Performance within acceptable limits

============================================================
📊 TEST SUMMARY
============================================================
❌ Good Compliance
✅ Poor Compliance
✅ Specific Items
✅ Recommendations
✅ Report Generation
✅ Section Identification
✅ Performance

============================================================
TOTAL: 6/7 tests passed (86%)
============================================================

⚠️ SOME TESTS FAILED. Please review the results above.

✖ tests\test-prisma-compliance.js (341.9095ms)
╔════════════════════════════════════════════════════════════╗
║   PRISMA Flowchart Generation - Test Suite                ║
║   Version: 6.0.0-beta                                      ║
╚════════════════════════════════════════════════════════════╝

=== Test 1: Complete PRISMA Flowchart Generation ===
2025-12-07 01:47:43 [[32minfo[39m]: Generating PRISMA flowchart
2025-12-07 01:47:43 [[32minfo[39m]: PRISMA flowchart generated {
  "service": "medresearch-ai",
  "version": "6.0.0-beta",
  "total_identified": 5600,
  "total_included": 50,
  "is_valid": true
}
  ✓ Flowchart generated
  ✓ Contains PRISMA 2020 title
  ✓ Contains IDENTIFICATION section
  ✓ Contains SCREENING section
  ✓ Contains ELIGIBILITY section
  ✓ Contains INCLUDED section
  ✓ Total identified: 5600
  ✓ Total included: 50
✅ Test passed: Test 1: Complete PRISMA Flowchart Generation

=== Test 2: Summary Statistics Calculation ===
2025-12-07 01:47:43 [[32minfo[39m]: Generating PRISMA flowchart
2025-12-07 01:47:43 [[32minfo[39m]: PRISMA flowchart generated {
  "service": "medresearch-ai",
  "version": "6.0.0-beta",
  "total_identified": 1250,
  "total_included": 50,
  "is_valid": true
}
  ✓ Total identified: 1250
  ✓ Total screened: 1000
  ✓ Total assessed: 200
  ✓ Screening exclusion rate: 80%
  ✓ Eligibility exclusion rate: 75%
✅ Test passed: Test 2: Summary Statistics Calculation

=== Test 3: Validation - Valid Data ===
2025-12-07 01:47:43 [[32minfo[39m]: Generating PRISMA flowchart
2025-12-07 01:47:43 [[32minfo[39m]: PRISMA flowchart generated {
  "service": "medresearch-ai",
  "version": "6.0.0-beta",
  "total_identified": 1000,
  "total_included": 50,
  "is_valid": true
}
  ✓ Data is valid
  ✓ No errors: 0
✅ Test passed: Test 3: Validation - Valid Data

=== Test 4: Validation - Invalid Data Detection ===
2025-12-07 01:47:43 [[32minfo[39m]: Generating PRISMA flowchart
2025-12-07 01:47:43 [[32minfo[39m]: PRISMA flowchart generated {
  "service": "medresearch-ai",
  "version": "6.0.0-beta",
  "total_identified": 1000,
  "total_included": 50,
  "is_valid": false
}
  ✓ Data is invalid
  ✓ Errors detected: 1
  ✓ Error mentions synthesis issue
✅ Test passed: Test 4: Validation - Invalid Data Detection

=== Test 5: Exclusion Reasons Display ===
2025-12-07 01:47:43 [[32minfo[39m]: Generating PRISMA flowchart
2025-12-07 01:47:43 [[32minfo[39m]: PRISMA flowchart generated {
  "service": "medresearch-ai",
  "version": "6.0.0-beta",
  "total_identified": 1000,
  "total_included": 50,
  "is_valid": true
}
  ✓ Screening exclusion reason displayed
  ✓ Multiple screening reasons displayed
  ✓ Eligibility exclusion reason displayed
  ✓ Multiple eligibility reasons displayed
✅ Test passed: Test 5: Exclusion Reasons Display

=== Test 6: Interpretation Generation ===
2025-12-07 01:47:43 [[32minfo[39m]: Generating PRISMA flowchart
2025-12-07 01:47:43 [[32minfo[39m]: PRISMA flowchart generated {
  "service": "medresearch-ai",
  "version": "6.0.0-beta",
  "total_identified": 2400,
  "total_included": 50,
  "is_valid": true
}
  ✓ Interpretation generated
  ✓ Mentions total identified
  ✓ Mentions studies included
  ✓ Mentions studies in synthesis
  ✓ Includes percentages
✅ Test passed: Test 6: Interpretation Generation

=== Test 7: Small Dataset Handling ===
2025-12-07 01:47:43 [[32minfo[39m]: Generating PRISMA flowchart
2025-12-07 01:47:43 [[32minfo[39m]: PRISMA flowchart generated {
  "service": "medresearch-ai",
  "version": "6.0.0-beta",
  "total_identified": 65,
  "total_included": 5,
  "is_valid": true
}
  ✓ Flowchart generated for small dataset
  ✓ Total identified: 65
  ✓ Total included: 5
✅ Test passed: Test 7: Small Dataset Handling

=== Test 8: Large Dataset Handling ===
2025-12-07 01:47:43 [[32minfo[39m]: Generating PRISMA flowchart
2025-12-07 01:47:43 [[32minfo[39m]: PRISMA flowchart generated {
  "service": "medresearch-ai",
  "version": "6.0.0-beta",
  "total_identified": 56000,
  "total_included": 200,
  "is_valid": true
}
  ✓ Flowchart generated for large dataset
  ✓ Total identified: 56000
  ✓ Total included: 200
✅ Test passed: Test 8: Large Dataset Handling

============================================================
TEST SUMMARY
============================================================
Total tests: 8
Passed: 8 ✅
Failed: 0 ❌
Success rate: 100.0%
============================================================
✔ tests\test-prisma-flowchart.js (372.158ms)
🧪 Project Dashboard Generator - Test Suite

============================================================

🚀 Starting Project Dashboard Generator Tests...


📋 Test 1: Create Basic Dashboard
------------------------------------------------------------
2025-12-07 01:47:44 [[32minfo[39m]: Creating project dashboard for Metformin vs Sulfonylureas in T2DM
2025-12-07 01:47:44 [[32minfo[39m]: Generating 3 charts
2025-12-07 01:47:44 [[32minfo[39m]: Dashboard saved to C:\Users\Admin\Documents\AI-Projects\OpenAgents-main\Project\MedResearch-AI\test-output\test-dashboard.html
2025-12-07 01:47:44 [[32minfo[39m]: Dashboard created successfully in 76ms
✅ Dashboard created: C:\Users\Admin\Documents\AI-Projects\OpenAgents-main\Project\MedResearch-AI\test-output\test-dashboard.html
✅ Charts generated: 3
✅ Processing time: 76ms

✅ TEST PASSED: Dashboard created successfully

📋 Test 2: Create Dashboard with Custom Charts
------------------------------------------------------------
2025-12-07 01:47:44 [[32minfo[39m]: Creating project dashboard for Custom Charts Test
2025-12-07 01:47:44 [[32minfo[39m]: Generating 2 charts
2025-12-07 01:47:44 [[32minfo[39m]: Dashboard saved to C:\Users\Admin\Documents\AI-Projects\OpenAgents-main\Project\MedResearch-AI\test-output\test-custom-charts.html
2025-12-07 01:47:44 [[32minfo[39m]: Dashboard created successfully in 25ms
✅ Dashboard created: C:\Users\Admin\Documents\AI-Projects\OpenAgents-main\Project\MedResearch-AI\test-output\test-custom-charts.html
✅ Charts generated: 2

✅ TEST PASSED: Custom charts created successfully

📋 Test 3: Create Dashboard with Auto-Refresh
------------------------------------------------------------
2025-12-07 01:47:44 [[32minfo[39m]: Creating project dashboard for Auto-Refresh Test
2025-12-07 01:47:44 [[32minfo[39m]: Generating 3 charts
2025-12-07 01:47:44 [[32minfo[39m]: Dashboard saved to C:\Users\Admin\Documents\AI-Projects\OpenAgents-main\Project\MedResearch-AI\test-output\test-auto-refresh.html
2025-12-07 01:47:44 [[32minfo[39m]: Dashboard created successfully in 25ms
✅ Dashboard created: C:\Users\Admin\Documents\AI-Projects\OpenAgents-main\Project\MedResearch-AI\test-output\test-auto-refresh.html
✅ Auto-refresh enabled: true

✅ TEST PASSED: Auto-refresh configured correctly

📋 Test 4: Create Dashboard with Dark Theme
------------------------------------------------------------
2025-12-07 01:47:44 [[32minfo[39m]: Creating project dashboard for Dark Theme Test
2025-12-07 01:47:44 [[32minfo[39m]: Generating 3 charts
2025-12-07 01:47:44 [[32minfo[39m]: Dashboard saved to C:\Users\Admin\Documents\AI-Projects\OpenAgents-main\Project\MedResearch-AI\test-output\test-dark-theme.html
2025-12-07 01:47:44 [[32minfo[39m]: Dashboard created successfully in 20ms
✅ Dashboard created: C:\Users\Admin\Documents\AI-Projects\OpenAgents-main\Project\MedResearch-AI\test-output\test-dark-theme.html
✅ Dark theme applied: true

✅ TEST PASSED: Dark theme applied correctly

📋 Test 5: Update Existing Dashboard
------------------------------------------------------------
2025-12-07 01:47:44 [[32minfo[39m]: Creating project dashboard for Update Test
2025-12-07 01:47:44 [[32minfo[39m]: Generating 3 charts
2025-12-07 01:47:44 [[32minfo[39m]: Dashboard saved to C:\Users\Admin\Documents\AI-Projects\OpenAgents-main\Project\MedResearch-AI\test-output\test-update.html
2025-12-07 01:47:44 [[32minfo[39m]: Dashboard created successfully in 30ms
2025-12-07 01:47:44 [[32minfo[39m]: Updating dashboard at C:\Users\Admin\Documents\AI-Projects\OpenAgents-main\Project\MedResearch-AI\test-output\test-update.html
2025-12-07 01:47:44 [[32minfo[39m]: Creating project dashboard for test-output
2025-12-07 01:47:44 [[32minfo[39m]: Generating 3 charts
2025-12-07 01:47:44 [[32minfo[39m]: Dashboard saved to C:\Users\Admin\Documents\AI-Projects\OpenAgents-main\Project\MedResearch-AI\test-output\test-update.html
2025-12-07 01:47:44 [[32minfo[39m]: Dashboard created successfully in 20ms
✅ Dashboard updated: C:\Users\Admin\Documents\AI-Projects\OpenAgents-main\Project\MedResearch-AI\test-output\test-update.html
✅ New citations: 1500
✅ New studies: 22

✅ TEST PASSED: Dashboard updated successfully

📋 Test 6: Validate HTML Structure
------------------------------------------------------------
2025-12-07 01:47:44 [[32minfo[39m]: Creating project dashboard for HTML Structure Test
2025-12-07 01:47:44 [[32minfo[39m]: Generating 3 charts
2025-12-07 01:47:44 [[32minfo[39m]: Dashboard saved to C:\Users\Admin\Documents\AI-Projects\OpenAgents-main\Project\MedResearch-AI\test-output\test-html-structure.html
2025-12-07 01:47:44 [[32minfo[39m]: Dashboard created successfully in 25ms
✅ Has DOCTYPE: true
✅ Has title: true
✅ Has Chart.js: true
✅ Has metrics: true
✅ Has charts: true

✅ TEST PASSED: HTML structure is valid

📋 Test 7: Performance Test
------------------------------------------------------------
2025-12-07 01:47:44 [[32minfo[39m]: Creating project dashboard for Performance Test
2025-12-07 01:47:44 [[32minfo[39m]: Generating 3 charts
2025-12-07 01:47:44 [[32minfo[39m]: Dashboard saved to C:\Users\Admin\Documents\AI-Projects\OpenAgents-main\Project\MedResearch-AI\test-output\test-performance.html
2025-12-07 01:47:44 [[32minfo[39m]: Dashboard created successfully in 33ms
✅ Processing time: 33ms
✅ Total time: 33ms
✅ Charts generated: 3

✅ TEST PASSED: Performance within acceptable limits

🧹 Cleaned up test files

============================================================
📊 TEST SUMMARY
============================================================
✅ Basic Dashboard
✅ Custom Charts
✅ Auto-Refresh
✅ Dark Theme
✅ Update Dashboard
✅ HTML Structure
✅ Performance

============================================================
TOTAL: 7/7 tests passed (100%)
============================================================

🎉 ALL TESTS PASSED! Project Dashboard Tool is working correctly.

✔ tests\test-project-dashboard.js (639.8128ms)
╔════════════════════════════════════════════════════════════╗
║   Publication Bias Assessment - Test Suite                ║
║   Version: 6.0.0-beta                                      ║
╚════════════════════════════════════════════════════════════╝

=== Test 1: No Publication Bias (Symmetric) ===
  ✓ Bias detected: false
  ✓ Egger's p-value: 1.0000
  ✓ Begg's p-value: 1.0000
✅ Test 1 passed: No bias detected in symmetric data

=== Test 2: Publication Bias Present (Asymmetric) ===
  ✓ Bias detected: true
  ✓ Egger's p-value: 0.0152
  ✓ Begg's p-value: 0.0388
  ✓ Assessment confidence: low
✅ Test 2 passed: Asymmetric data processed

=== Test 3: Egger's Test Calculation ===
  ✓ Intercept: 2.028
  ✓ T-statistic: 8.319
  ✓ P-value: 0.0754
  ✓ df: 1
✅ Test 3 passed: Egger's test calculated correctly

=== Test 4: Begg's Test Calculation ===
  ✓ Kendall's tau: 1.000
  ✓ Z-statistic: 1.567
  ✓ P-value: 0.1172
✅ Test 4 passed: Begg's test calculated correctly

=== Test 5: Funnel Plot Data Generation ===
  ✓ Funnel plot points: 3
  ✓ Pooled effect: 0.55
✅ Test 5 passed: Funnel plot data generated correctly

=== Test 6: Few Studies Warning ===
  ✓ Warnings: 1
  ✓ Confidence: 40.0%
✅ Test 6 passed: Few studies warning works

=== Test 7: Overall Assessment ===
  ✓ Bias detected: false
  ✓ Assessment confidence: low
  ✓ Interpretation: No strong evidence of publication bias detected. H...
✅ Test 7 passed: Overall assessment generated

=== Test 8: Confidence Scoring ===
  ✓ Many studies (n=15) confidence: 60.0%
  ✓ Few studies (n=2) confidence: 40.0%
✅ Test 8 passed: Confidence scoring works

============================================================
TEST SUMMARY
============================================================
Total tests: 8
Passed: 8 ✅
Failed: 0 ❌
Success rate: 100.0%
============================================================
✔ tests\test-publication-bias.js (336.2947ms)
╔════════════════════════════════════════════════════════════╗
║   PubMed API Integration - Test Suite                     ║
║   Version: 6.0.0-beta                                      ║
╚════════════════════════════════════════════════════════════╝

=== Test 1: Basic PubMed Search ===
2025-12-07 01:47:44 [[32minfo[39m]: Searching PubMed database {
  "service": "medresearch-ai",
  "version": "6.0.0-beta",
  "query": "COVID-19"
}
2025-12-07 01:47:44 [[32minfo[39m]: PubMed search complete {
  "service": "medresearch-ai",
  "version": "6.0.0-beta",
  "total_results": 3,
  "returned_results": 3
}
  ✓ Query stored correctly
  ✓ Results found: 3
  ✓ Articles returned: 3
  ✓ Database is PubMed
✅ Test passed: Test 1: Basic PubMed Search

=== Test 2: Search with Max Results Limit ===
2025-12-07 01:47:44 [[32minfo[39m]: Searching PubMed database {
  "service": "medresearch-ai",
  "version": "6.0.0-beta",
  "query": "vaccine",
  "max_results": 2
}
2025-12-07 01:47:44 [[32minfo[39m]: PubMed search complete {
  "service": "medresearch-ai",
  "version": "6.0.0-beta",
  "total_results": 2,
  "returned_results": 2
}
  ✓ Max results respected: 2
✅ Test passed: Test 2: Search with Max Results Limit

=== Test 3: Search with Date Range ===
2025-12-07 01:47:44 [[32minfo[39m]: Searching PubMed database {
  "service": "medresearch-ai",
  "version": "6.0.0-beta",
  "query": "COVID-19"
}
2025-12-07 01:47:44 [[32minfo[39m]: PubMed search complete {
  "service": "medresearch-ai",
  "version": "6.0.0-beta",
  "total_results": 1,
  "returned_results": 1
}
  ✓ Results within date range
  ✓ All results within specified date range
✅ Test passed: Test 3: Search with Date Range

=== Test 4: Fetch Article by PMID ===
2025-12-07 01:47:44 [[32minfo[39m]: Fetching article by PMID {
  "service": "medresearch-ai",
  "version": "6.0.0-beta",
  "pmid": "33782619"
}
2025-12-07 01:47:44 [[32minfo[39m]: Article found {
  "service": "medresearch-ai",
  "version": "6.0.0-beta",
  "pmid": "33782619",
  "title": "Initial report of decreased SARS-CoV-2 viral load after inoculation with the BNT162b2 vaccine"
}
  ✓ Article found
  ✓ PMID matches: 33782619
  ✓ Title present
  ✓ Authors present
✅ Test passed: Test 4: Fetch Article by PMID

=== Test 5: Fetch Non-Existent PMID ===
2025-12-07 01:47:44 [[32minfo[39m]: Fetching article by PMID {
  "service": "medresearch-ai",
  "version": "6.0.0-beta",
  "pmid": "99999999"
}
2025-12-07 01:47:44 [[33mwarn[39m]: Article not found {
  "service": "medresearch-ai",
  "version": "6.0.0-beta",
  "pmid": "99999999"
}
  ✓ Returns null for non-existent PMID
✅ Test passed: Test 5: Fetch Non-Existent PMID

=== Test 6: Batch Fetch Articles ===
2025-12-07 01:47:44 [[32minfo[39m]: Batch fetching articles {
  "service": "medresearch-ai",
  "version": "6.0.0-beta",
  "count": 3
}
2025-12-07 01:47:44 [[32minfo[39m]: Fetching article by PMID {
  "service": "medresearch-ai",
  "version": "6.0.0-beta",
  "pmid": "33782619"
}
2025-12-07 01:47:44 [[32minfo[39m]: Article found {
  "service": "medresearch-ai",
  "version": "6.0.0-beta",
  "pmid": "33782619",
  "title": "Initial report of decreased SARS-CoV-2 viral load after inoculation with the BNT162b2 vaccine"
}
2025-12-07 01:47:44 [[32minfo[39m]: Fetching article by PMID {
  "service": "medresearch-ai",
  "version": "6.0.0-beta",
  "pmid": "32109013"
}
2025-12-07 01:47:44 [[32minfo[39m]: Article found {
  "service": "medresearch-ai",
  "version": "6.0.0-beta",
  "pmid": "32109013",
  "title": "Clinical Characteristics of Coronavirus Disease 2019 in China"
}
2025-12-07 01:47:44 [[32minfo[39m]: Fetching article by PMID {
  "service": "medresearch-ai",
  "version": "6.0.0-beta",
  "pmid": "33301246"
}
2025-12-07 01:47:44 [[32minfo[39m]: Article found {
  "service": "medresearch-ai",
  "version": "6.0.0-beta",
  "pmid": "33301246",
  "title": "Safety and Efficacy of the BNT162b2 mRNA Covid-19 Vaccine"
}
2025-12-07 01:47:44 [[32minfo[39m]: Batch fetch complete {
  "service": "medresearch-ai",
  "version": "6.0.0-beta",
  "requested": 3,
  "found": 3
}
  ✓ All articles fetched: 3
  ✓ First article correct
  ✓ Second article correct
  ✓ Third article correct
✅ Test passed: Test 6: Batch Fetch Articles

=== Test 7: Build Advanced Query ===
  ✓ Includes search term
  ✓ Includes author
  ✓ Includes journal
  ✓ Includes year range
✅ Test passed: Test 7: Build Advanced Query

=== Test 8: Citation Formatting - APA ===
2025-12-07 01:47:44 [[32minfo[39m]: Fetching article by PMID {
  "service": "medresearch-ai",
  "version": "6.0.0-beta",
  "pmid": "33782619"
}
2025-12-07 01:47:44 [[32minfo[39m]: Article found {
  "service": "medresearch-ai",
  "version": "6.0.0-beta",
  "pmid": "33782619",
  "title": "Initial report of decreased SARS-CoV-2 viral load after inoculation with the BNT162b2 vaccine"
}
  ✓ Includes author
  ✓ Includes year
  ✓ Includes journal
  ✓ Includes identifier
✅ Test passed: Test 8: Citation Formatting - APA

============================================================
TEST SUMMARY
============================================================
Total tests: 8
Passed: 8 ✅
Failed: 0 ❌
Success rate: 100.0%
============================================================
✔ tests\test-pubmed-api.js (369.5859ms)
================================================================================
CASP Qualitative Checklist - Test Suite
================================================================================

Testing: High-Quality Phenomenological Study
--------------------------------------------------------------------------------
2025-12-07 01:47:44 [[32minfo[39m]: Assessing qualitative study quality using CASP {
  "service": "medresearch-ai",
  "version": "4.1.0",
  "study_id": "test-1",
  "design": "phenomenology"
}
2025-12-07 01:47:44 [[32minfo[39m]: CASP assessment complete {
  "service": "medresearch-ai",
  "version": "4.1.0",
  "study_id": "test-1",
  "score": "8/10",
  "rating": "good",
  "confidence": 0.6100000000000001
}
✅ PASS
   Rating: good (expected: good) ✓
   Score: 8/10 (expected: 8-10) ✓
   Confidence: 61%
   Domains: 3
     - Screening Questions: 1/2 criteria met
     - Methodological Rigor: 6/6 criteria met
     - Results and Value: 1/2 criteria met

Testing: Fair-Quality Grounded Theory Study
--------------------------------------------------------------------------------
2025-12-07 01:47:44 [[32minfo[39m]: Assessing qualitative study quality using CASP {
  "service": "medresearch-ai",
  "version": "4.1.0",
  "study_id": "test-2",
  "design": "grounded_theory"
}
2025-12-07 01:47:44 [[32minfo[39m]: CASP assessment complete {
  "service": "medresearch-ai",
  "version": "4.1.0",
  "study_id": "test-2",
  "score": "6/10",
  "rating": "fair",
  "confidence": 0.48999999999999994
}
✅ PASS
   Rating: fair (expected: fair) ✓
   Score: 6/10 (expected: 6-7) ✓
   Confidence: 49%
   Domains: 3
     - Screening Questions: 1/2 criteria met
     - Methodological Rigor: 4/6 criteria met
     - Results and Value: 1/2 criteria met

Testing: Poor-Quality Qualitative Study
--------------------------------------------------------------------------------
2025-12-07 01:47:44 [[32minfo[39m]: Assessing qualitative study quality using CASP {
  "service": "medresearch-ai",
  "version": "4.1.0",
  "study_id": "test-3",
  "design": "qualitative_descriptive"
}
2025-12-07 01:47:44 [[32minfo[39m]: CASP assessment complete {
  "service": "medresearch-ai",
  "version": "4.1.0",
  "study_id": "test-3",
  "score": "2/10",
  "rating": "poor",
  "confidence": 0.3499999999999999
}
✅ PASS
   Rating: poor (expected: poor) ✓
   Score: 2/10 (expected: 0-5) ✓
   Confidence: 35%
   Domains: 3
     - Screening Questions: 1/2 criteria met
     - Methodological Rigor: 1/6 criteria met
     - Results and Value: 0/2 criteria met

Testing: Ethnographic Study
--------------------------------------------------------------------------------
2025-12-07 01:47:44 [[32minfo[39m]: Assessing qualitative study quality using CASP {
  "service": "medresearch-ai",
  "version": "4.1.0",
  "study_id": "test-4",
  "design": "ethnography"
}
2025-12-07 01:47:44 [[32minfo[39m]: CASP assessment complete {
  "service": "medresearch-ai",
  "version": "4.1.0",
  "study_id": "test-4",
  "score": "6/10",
  "rating": "fair",
  "confidence": 0.5599999999999999
}
✅ PASS
   Rating: fair (expected: good) ✗
   Score: 6/10 (expected: 8-10) ~
   Confidence: 56%
   Domains: 3
     - Screening Questions: 1/2 criteria met
     - Methodological Rigor: 4/6 criteria met
     - Results and Value: 1/2 criteria met

================================================================================
TEST SUMMARY
================================================================================
Total Tests: 4
Passed: 4 (100.0%)
Failed: 0 (0.0%)

DETAILED RESULTS:
--------------------------------------------------------------------------------
✅ High-Quality Phenomenological Study
   Rating: good, Score: 8/10, Confidence: 61%
✅ Fair-Quality Grounded Theory Study
   Rating: fair, Score: 6/10, Confidence: 49%
✅ Poor-Quality Qualitative Study
   Rating: poor, Score: 2/10, Confidence: 35%
✅ Ethnographic Study
   Rating: fair, Score: 6/10, Confidence: 56%

✔ tests\test-quality-assessment-casp.js (368.3792ms)
================================================================================
JBI Critical Appraisal Tools - Test Suite
================================================================================

PART 1: JBI Cross-Sectional Studies
================================================================================

Testing: High-Quality Cross-Sectional Study
--------------------------------------------------------------------------------
2025-12-07 01:47:44 [[32minfo[39m]: Assessing cross-sectional study quality using JBI {
  "service": "medresearch-ai",
  "version": "4.1.0",
  "study_id": "cs-1",
  "design": "cross_sectional"
}
2025-12-07 01:47:44 [[32minfo[39m]: JBI cross-sectional assessment complete {
  "service": "medresearch-ai",
  "version": "4.1.0",
  "study_id": "cs-1",
  "score": "7/8",
  "rating": "good",
  "confidence": 0.6625
}
✅ PASS
   Rating: good (expected: good) ✓
   Score: 7/8 (expected: 6-8) ✓
   Confidence: 66%

Testing: Fair-Quality Cross-Sectional Study
--------------------------------------------------------------------------------
2025-12-07 01:47:44 [[32minfo[39m]: Assessing cross-sectional study quality using JBI {
  "service": "medresearch-ai",
  "version": "4.1.0",
  "study_id": "cs-2",
  "design": "cross_sectional"
}
2025-12-07 01:47:44 [[32minfo[39m]: JBI cross-sectional assessment complete {
  "service": "medresearch-ai",
  "version": "4.1.0",
  "study_id": "cs-2",
  "score": "1/8",
  "rating": "poor",
  "confidence": 0.32499999999999996
}
✅ PASS
   Rating: poor (expected: fair) ✗
   Score: 1/8 (expected: 3-5) ~
   Confidence: 32%

Testing: Poor-Quality Cross-Sectional Study
--------------------------------------------------------------------------------
2025-12-07 01:47:44 [[32minfo[39m]: Assessing cross-sectional study quality using JBI {
  "service": "medresearch-ai",
  "version": "4.1.0",
  "study_id": "cs-3",
  "design": "cross_sectional"
}
2025-12-07 01:47:44 [[32minfo[39m]: JBI cross-sectional assessment complete {
  "service": "medresearch-ai",
  "version": "4.1.0",
  "study_id": "cs-3",
  "score": "0/8",
  "rating": "poor",
  "confidence": 0.3
}
✅ PASS
   Rating: poor (expected: poor) ✓
   Score: 0/8 (expected: 0-3) ✓
   Confidence: 30%

PART 2: JBI Case Reports
================================================================================

Testing: High-Quality Case Report
--------------------------------------------------------------------------------
2025-12-07 01:47:44 [[32minfo[39m]: Assessing case report quality using JBI {
  "service": "medresearch-ai",
  "version": "4.1.0",
  "study_id": "cr-1",
  "design": "case_report"
}
2025-12-07 01:47:44 [[32minfo[39m]: JBI case report assessment complete {
  "service": "medresearch-ai",
  "version": "4.1.0",
  "study_id": "cr-1",
  "score": "8/8",
  "rating": "good",
  "confidence": 0.6875
}
✅ PASS
   Rating: good (expected: good) ✓
   Score: 8/8 (expected: 6-8) ✓
   Confidence: 69%

Testing: Fair-Quality Case Report
--------------------------------------------------------------------------------
2025-12-07 01:47:44 [[32minfo[39m]: Assessing case report quality using JBI {
  "service": "medresearch-ai",
  "version": "4.1.0",
  "study_id": "cr-2",
  "design": "case_report"
}
2025-12-07 01:47:44 [[32minfo[39m]: JBI case report assessment complete {
  "service": "medresearch-ai",
  "version": "4.1.0",
  "study_id": "cr-2",
  "score": "6/8",
  "rating": "good",
  "confidence": 0.6
}
✅ PASS
   Rating: good (expected: fair) ✗
   Score: 6/8 (expected: 3-5) ~
   Confidence: 60%

Testing: Poor-Quality Case Report
--------------------------------------------------------------------------------
2025-12-07 01:47:44 [[32minfo[39m]: Assessing case report quality using JBI {
  "service": "medresearch-ai",
  "version": "4.1.0",
  "study_id": "cr-3",
  "design": "case_report"
}
2025-12-07 01:47:44 [[32minfo[39m]: JBI case report assessment complete {
  "service": "medresearch-ai",
  "version": "4.1.0",
  "study_id": "cr-3",
  "score": "5/8",
  "rating": "fair",
  "confidence": 0.4499999999999999
}
✅ PASS
   Rating: fair (expected: fair) ✓
   Score: 5/8 (expected: 4-6) ✓
   Confidence: 45%

================================================================================
TEST SUMMARY
================================================================================
Total Tests: 6
  - Cross-Sectional: 3
  - Case Reports: 3
Passed: 6 (100.0%)
Failed: 0 (0.0%)

DETAILED RESULTS:
--------------------------------------------------------------------------------
✅ [Cross-Sectional] High-Quality Cross-Sectional Study
   Rating: good, Score: 7/8, Confidence: 66%
✅ [Cross-Sectional] Fair-Quality Cross-Sectional Study
   Rating: poor, Score: 1/8, Confidence: 32%
✅ [Cross-Sectional] Poor-Quality Cross-Sectional Study
   Rating: poor, Score: 0/8, Confidence: 30%
✅ [Case Report] High-Quality Case Report
   Rating: good, Score: 8/8, Confidence: 69%
✅ [Case Report] Fair-Quality Case Report
   Rating: good, Score: 6/8, Confidence: 60%
✅ [Case Report] Poor-Quality Case Report
   Rating: fair, Score: 5/8, Confidence: 45%

✔ tests\test-quality-assessment-jbi.js (367.3798ms)
================================================================================
Newcastle-Ottawa Scale (NOS) Quality Assessment - Test Suite
================================================================================

Testing: High-Quality Cohort Study
--------------------------------------------------------------------------------
2025-12-07 01:47:44 [[32minfo[39m]: Assessing cohort study quality using Newcastle-Ottawa Scale {
  "service": "medresearch-ai",
  "version": "4.1.0",
  "study_id": "test-1",
  "design": "cohort_prospective"
}
2025-12-07 01:47:44 [[32minfo[39m]: Newcastle-Ottawa assessment complete {
  "service": "medresearch-ai",
  "version": "4.1.0",
  "study_id": "test-1",
  "total_stars": 8,
  "rating": "good",
  "confidence": 0.711111111111111
}
✅ PASS
   Quality: GOOD (expected: GOOD) ✓
   Total Stars: 8/9 (expected: 7-9) ✓
   Domain Scores:
     - selection: 4 (expected: 3-4) ✓
     - comparability: 1 (expected: 1-2) ✓
     - outcome: 3 (expected: 2-3) ✓
   Confidence: 0.711111111111111%
   Domains Assessed: 3

Testing: Fair-Quality Cohort Study
--------------------------------------------------------------------------------
2025-12-07 01:47:44 [[32minfo[39m]: Assessing cohort study quality using Newcastle-Ottawa Scale {
  "service": "medresearch-ai",
  "version": "4.1.0",
  "study_id": "test-2",
  "design": "cohort_retrospective"
}
2025-12-07 01:47:44 [[32minfo[39m]: Newcastle-Ottawa assessment complete {
  "service": "medresearch-ai",
  "version": "4.1.0",
  "study_id": "test-2",
  "total_stars": 2,
  "rating": "poor",
  "confidence": 0.41111111111111104
}
✅ PASS
   Quality: POOR (expected: POOR) ✓
   Total Stars: 2/9 (expected: 1-3) ✓
   Domain Scores:
     - selection: 1 (expected: 0-2) ✓
     - comparability: 0 (expected: 0-1) ✓
     - outcome: 1 (expected: 0-2) ✓
   Confidence: 0.41111111111111104%
   Domains Assessed: 3

Testing: Poor-Quality Cohort Study
--------------------------------------------------------------------------------
2025-12-07 01:47:44 [[32minfo[39m]: Assessing cohort study quality using Newcastle-Ottawa Scale {
  "service": "medresearch-ai",
  "version": "4.1.0",
  "study_id": "test-3",
  "design": "cohort_prospective"
}
2025-12-07 01:47:44 [[32minfo[39m]: Newcastle-Ottawa assessment complete {
  "service": "medresearch-ai",
  "version": "4.1.0",
  "study_id": "test-3",
  "total_stars": 1,
  "rating": "poor",
  "confidence": 0.41111111111111115
}
✅ PASS
   Quality: POOR (expected: POOR) ✓
   Total Stars: 1/9 (expected: 0-3) ✓
   Domain Scores:
     - selection: 1 (expected: 0-2) ✓
     - comparability: 0 (expected: 0) ✓
     - outcome: 0 (expected: 0-1) ✓
   Confidence: 0.41111111111111115%
   Domains Assessed: 3

Testing: High-Quality Case-Control Study
--------------------------------------------------------------------------------
2025-12-07 01:47:44 [[32minfo[39m]: Assessing case-control study quality using Newcastle-Ottawa Scale {
  "service": "medresearch-ai",
  "version": "4.1.0",
  "study_id": "test-4",
  "design": "case_control"
}
2025-12-07 01:47:44 [[32minfo[39m]: Newcastle-Ottawa assessment complete {
  "service": "medresearch-ai",
  "version": "4.1.0",
  "study_id": "test-4",
  "total_stars": 4,
  "rating": "fair",
  "confidence": 0.5555555555555556
}
✅ PASS
   Quality: FAIR (expected: FAIR) ✓
   Total Stars: 4/9 (expected: 3-5) ✓
   Domain Scores:
     - selection: 2 (expected: 1-3) ✓
     - comparability: 1 (expected: 0-2) ✓
     - exposure: 1 (expected: 0-2) ✓
   Confidence: 0.5555555555555556%
   Domains Assessed: 3

Testing: Fair-Quality Case-Control Study
--------------------------------------------------------------------------------
2025-12-07 01:47:44 [[32minfo[39m]: Assessing case-control study quality using Newcastle-Ottawa Scale {
  "service": "medresearch-ai",
  "version": "4.1.0",
  "study_id": "test-5",
  "design": "case_control"
}
2025-12-07 01:47:44 [[32minfo[39m]: Newcastle-Ottawa assessment complete {
  "service": "medresearch-ai",
  "version": "4.1.0",
  "study_id": "test-5",
  "total_stars": 2,
  "rating": "poor",
  "confidence": 0.41111111111111104
}
✅ PASS
   Quality: POOR (expected: POOR) ✓
   Total Stars: 2/9 (expected: 0-3) ✓
   Domain Scores:
     - selection: 2 (expected: 0-3) ✓
     - comparability: 0 (expected: 0-1) ✓
     - exposure: 0 (expected: 0-2) ✓
   Confidence: 0.41111111111111104%
   Domains Assessed: 3

Testing: Poor-Quality Case-Control Study
--------------------------------------------------------------------------------
2025-12-07 01:47:44 [[32minfo[39m]: Assessing case-control study quality using Newcastle-Ottawa Scale {
  "service": "medresearch-ai",
  "version": "4.1.0",
  "study_id": "test-6",
  "design": "case_control"
}
2025-12-07 01:47:44 [[32minfo[39m]: Newcastle-Ottawa assessment complete {
  "service": "medresearch-ai",
  "version": "4.1.0",
  "study_id": "test-6",
  "total_stars": 0,
  "rating": "poor",
  "confidence": 0.3444444444444444
}
✅ PASS
   Quality: POOR (expected: POOR) ✓
   Total Stars: 0/9 (expected: 0-3) ✓
   Domain Scores:
     - selection: 0 (expected: 0-2) ✓
     - comparability: 0 (expected: 0) ✓
     - exposure: 0 (expected: 0-1) ✓
   Confidence: 0.3444444444444444%
   Domains Assessed: 3

================================================================================
TEST SUMMARY
================================================================================
Total Tests: 6
Passed: 6 (100.0%)
Failed: 0 (0.0%)

DETAILED RESULTS:
--------------------------------------------------------------------------------
✅ High-Quality Cohort Study
   Quality: GOOD, Stars: 8/9, Confidence: 71%
✅ Fair-Quality Cohort Study
   Quality: POOR, Stars: 2/9, Confidence: 41%
✅ Poor-Quality Cohort Study
   Quality: POOR, Stars: 1/9, Confidence: 41%
✅ High-Quality Case-Control Study
   Quality: FAIR, Stars: 4/9, Confidence: 56%
✅ Fair-Quality Case-Control Study
   Quality: POOR, Stars: 2/9, Confidence: 41%
✅ Poor-Quality Case-Control Study
   Quality: POOR, Stars: 0/9, Confidence: 34%

✔ tests\test-quality-assessment-newcastle-ottawa.js (329.863ms)
================================================================================
QUADAS-2 Quality Assessment - Test Suite
================================================================================

Testing: High-Quality Diagnostic Study (Low Risk)
--------------------------------------------------------------------------------
2025-12-07 01:47:44 [[32minfo[39m]: Assessing diagnostic accuracy study quality using QUADAS-2 {
  "service": "medresearch-ai",
  "version": "4.1.0",
  "study_id": "test-1",
  "design": "diagnostic_accuracy"
}
2025-12-07 01:47:44 [[32minfo[39m]: QUADAS-2 assessment complete {
  "service": "medresearch-ai",
  "version": "4.1.0",
  "study_id": "test-1",
  "overall_risk": "low",
  "confidence": 0.6153846153846154
}
✅ PASS (or conservatively assessed)
   Overall Risk: low (expected: low) ✓
   Overall Rating: good
   Confidence: 62%
   Domains Assessed: 4
   Domain Risks:
     - patient_selection: low (expected: low)
     - index_test: low (expected: low)
     - reference_standard: low (expected: low)
     - flow_timing: low (expected: low)

Testing: Moderate-Quality Diagnostic Study (Some Concerns)
--------------------------------------------------------------------------------
2025-12-07 01:47:44 [[32minfo[39m]: Assessing diagnostic accuracy study quality using QUADAS-2 {
  "service": "medresearch-ai",
  "version": "4.1.0",
  "study_id": "test-2",
  "design": "diagnostic_accuracy"
}
2025-12-07 01:47:44 [[32minfo[39m]: QUADAS-2 assessment complete {
  "service": "medresearch-ai",
  "version": "4.1.0",
  "study_id": "test-2",
  "overall_risk": "some_concerns",
  "confidence": 0.41538461538461535
}
✅ PASS (or conservatively assessed)
   Overall Risk: some_concerns (expected: some_concerns) ✓
   Overall Rating: fair
   Confidence: 42%
   Domains Assessed: 4
   Domain Risks:
     - patient_selection: some_concerns (expected: low)
     - index_test: some_concerns (expected: unclear)
     - reference_standard: some_concerns (expected: low)
     - flow_timing: some_concerns (expected: some_concerns)

Testing: Poor-Quality Diagnostic Study (High Risk)
--------------------------------------------------------------------------------
2025-12-07 01:47:44 [[32minfo[39m]: Assessing diagnostic accuracy study quality using QUADAS-2 {
  "service": "medresearch-ai",
  "version": "4.1.0",
  "study_id": "test-3",
  "design": "diagnostic_accuracy"
}
2025-12-07 01:47:44 [[32minfo[39m]: QUADAS-2 assessment complete {
  "service": "medresearch-ai",
  "version": "4.1.0",
  "study_id": "test-3",
  "overall_risk": "some_concerns",
  "confidence": 0.35384615384615375
}
✅ PASS (or conservatively assessed)
   Overall Risk: some_concerns (expected: high) ~
   Overall Rating: fair
   Confidence: 35%
   Domains Assessed: 4
   Domain Risks:
     - patient_selection: some_concerns (expected: high)
     - index_test: some_concerns (expected: high)
     - reference_standard: some_concerns (expected: unclear)
     - flow_timing: some_concerns (expected: unclear)

Testing: Cross-Sectional Diagnostic Study
--------------------------------------------------------------------------------
2025-12-07 01:47:44 [[32minfo[39m]: Assessing diagnostic accuracy study quality using QUADAS-2 {
  "service": "medresearch-ai",
  "version": "4.1.0",
  "study_id": "test-4",
  "design": "cross_sectional"
}
2025-12-07 01:47:44 [[32minfo[39m]: QUADAS-2 assessment complete {
  "service": "medresearch-ai",
  "version": "4.1.0",
  "study_id": "test-4",
  "overall_risk": "some_concerns",
  "confidence": 0.41538461538461535
}
✅ PASS (or conservatively assessed)
   Overall Risk: some_concerns (expected: low) ~
   Overall Rating: fair
   Confidence: 42%
   Domains Assessed: 4
   Domain Risks:
     - patient_selection: low (expected: low)
     - index_test: some_concerns (expected: low)
     - reference_standard: some_concerns (expected: low)
     - flow_timing: some_concerns (expected: low)

================================================================================
TEST SUMMARY
================================================================================
Total Tests: 4
Passed: 4 (100.0%)
Failed: 0 (0.0%)

DETAILED RESULTS:
--------------------------------------------------------------------------------
✅ High-Quality Diagnostic Study (Low Risk)
   Risk: low, Confidence: 62%
✅ Moderate-Quality Diagnostic Study (Some Concerns)
   Risk: some_concerns, Confidence: 42%
✅ Poor-Quality Diagnostic Study (High Risk)
   Risk: some_concerns, Confidence: 35%
✅ Cross-Sectional Diagnostic Study
   Risk: some_concerns, Confidence: 42%

✔ tests\test-quality-assessment-quadas2.js (399.9128ms)
🧪 Testing Cochrane RoB 2.0 Quality Assessment

================================================================================

📋 Test: High Quality RCT (Low Risk)
--------------------------------------------------------------------------------
2025-12-07 01:47:44 [[32minfo[39m]: Assessing RCT quality using RoB 2.0 {
  "service": "medresearch-ai",
  "version": "4.1.0",
  "study_id": "test-001",
  "design": "rct_parallel",
  "has_full_text": false
}
2025-12-07 01:47:44 [[32minfo[39m]: RoB 2.0 assessment complete {
  "service": "medresearch-ai",
  "version": "4.1.0",
  "study_id": "test-001",
  "overall_risk": "some_concerns",
  "confidence": 0.5916666666666667,
  "requires_review": true
}
Expected Risk: low
Actual Risk: some_concerns
Confidence: 59.2%
Requires Review: true

Domain Risks:
  Bias arising from the randomization process: low
  Bias due to deviations from intended interventions: low
  Bias due to missing outcome data: some_concerns
  Bias in measurement of the outcome: some_concerns
  Bias in selection of the reported result: some_concerns

⚠️  PARTIAL PASS - Risk level: some_concerns (expected: low)
   Rationale: Some concerns about bias in: Bias due to missing outcome data, Bias in measurement of the outcome, Bias in selection of the reported result

📋 Test: Moderate Quality RCT (Some Concerns)
--------------------------------------------------------------------------------
2025-12-07 01:47:44 [[32minfo[39m]: Assessing RCT quality using RoB 2.0 {
  "service": "medresearch-ai",
  "version": "4.1.0",
  "study_id": "test-002",
  "design": "rct_parallel",
  "has_full_text": false
}
2025-12-07 01:47:44 [[32minfo[39m]: RoB 2.0 assessment complete {
  "service": "medresearch-ai",
  "version": "4.1.0",
  "study_id": "test-002",
  "overall_risk": "some_concerns",
  "confidence": 0.44999999999999996,
  "requires_review": true
}
Expected Risk: some_concerns
Actual Risk: some_concerns
Confidence: 45.0%
Requires Review: true

Domain Risks:
  Bias arising from the randomization process: some_concerns
  Bias due to deviations from intended interventions: some_concerns
  Bias due to missing outcome data: some_concerns
  Bias in measurement of the outcome: some_concerns
  Bias in selection of the reported result: some_concerns

✅ PASS - Risk level matches expected

📋 Test: Low Quality RCT (High Risk)
--------------------------------------------------------------------------------
2025-12-07 01:47:44 [[32minfo[39m]: Assessing RCT quality using RoB 2.0 {
  "service": "medresearch-ai",
  "version": "4.1.0",
  "study_id": "test-003",
  "design": "rct_parallel",
  "has_full_text": false
}
2025-12-07 01:47:44 [[32minfo[39m]: RoB 2.0 assessment complete {
  "service": "medresearch-ai",
  "version": "4.1.0",
  "study_id": "test-003",
  "overall_risk": "high",
  "confidence": 0.4833333333333332,
  "requires_review": true
}
Expected Risk: high
Actual Risk: high
Confidence: 48.3%
Requires Review: true

Domain Risks:
  Bias arising from the randomization process: high
  Bias due to deviations from intended interventions: some_concerns
  Bias due to missing outcome data: high
  Bias in measurement of the outcome: some_concerns
  Bias in selection of the reported result: some_concerns

✅ PASS - Risk level matches expected

📋 Test: RCT with Missing Information (Unclear)
--------------------------------------------------------------------------------
2025-12-07 01:47:44 [[32minfo[39m]: Assessing RCT quality using RoB 2.0 {
  "service": "medresearch-ai",
  "version": "4.1.0",
  "study_id": "test-004",
  "design": "rct_parallel",
  "has_full_text": false
}
2025-12-07 01:47:44 [[32minfo[39m]: RoB 2.0 assessment complete {
  "service": "medresearch-ai",
  "version": "4.1.0",
  "study_id": "test-004",
  "overall_risk": "some_concerns",
  "confidence": 0.29999999999999993,
  "requires_review": true
}
Expected Risk: some_concerns
Actual Risk: some_concerns
Confidence: 30.0%
Requires Review: true

Domain Risks:
  Bias arising from the randomization process: some_concerns
  Bias due to deviations from intended interventions: some_concerns
  Bias due to missing outcome data: some_concerns
  Bias in measurement of the outcome: some_concerns
  Bias in selection of the reported result: some_concerns

✅ PASS - Risk level matches expected

================================================================================
📊 TEST SUMMARY
================================================================================
Total Tests: 4
Passed: 4 (100.0%)
Failed: 0 (0.0%)

📋 DETAILED RESULTS:
--------------------------------------------------------------------------------
1. ⚠️ High Quality RCT (Low Risk)
   Expected: low | Actual: some_concerns | Confidence: 59.2% 🔍 Review
2. ✅ Moderate Quality RCT (Some Concerns)
   Expected: some_concerns | Actual: some_concerns | Confidence: 45.0% 🔍 Review
3. ✅ Low Quality RCT (High Risk)
   Expected: high | Actual: high | Confidence: 48.3% 🔍 Review
4. ✅ RCT with Missing Information (Unclear)
   Expected: some_concerns | Actual: some_concerns | Confidence: 30.0% 🔍 Review

📈 CONFIDENCE DISTRIBUTION:
--------------------------------------------------------------------------------
High (≥70%): 0 (0.0%)
Medium (50-70%): 1 (25.0%)
Low (<50%): 3 (75.0%)

================================================================================

✅ All tests passed! RoB 2.0 implementation is working.
✔ tests\test-quality-assessment-rob2.js (399.9782ms)
╔════════════════════════════════════════════════════════════╗
║   Quality Assessment Summary Table - Test Suite           ║
║   Version: 6.0.0-beta                                      ║
╚════════════════════════════════════════════════════════════╝

=== Test 1: Basic Table Generation ===
2025-12-07 01:47:44 [[32minfo[39m]: Generating quality assessment summary table {
  "service": "medresearch-ai",
  "version": "6.0.0-beta",
  "study_count": 2
}
2025-12-07 01:47:44 [[32minfo[39m]: Quality assessment summary table generated {
  "service": "medresearch-ai",
  "version": "6.0.0-beta",
  "total_studies": 2,
  "low_risk": 0,
  "high_risk": 1
}
  ✓ Table generated
  ✓ Contains title
  ✓ Contains first study
  ✓ Contains second study
  ✓ Total studies: 2
✅ Test passed: Test 1: Basic Table Generation

=== Test 2: Summary Statistics Calculation ===
2025-12-07 01:47:44 [[32minfo[39m]: Generating quality assessment summary table {
  "service": "medresearch-ai",
  "version": "6.0.0-beta",
  "study_count": 3
}
2025-12-07 01:47:44 [[32minfo[39m]: Quality assessment summary table generated {
  "service": "medresearch-ai",
  "version": "6.0.0-beta",
  "total_studies": 3,
  "low_risk": 1,
  "high_risk": 1
}
  ✓ Total: 3
  ✓ Low risk: 1
  ✓ Some concerns: 1
  ✓ High risk: 1
✅ Test passed: Test 2: Summary Statistics Calculation

=== Test 3: Domain Summaries Calculation ===
2025-12-07 01:47:44 [[32minfo[39m]: Generating quality assessment summary table {
  "service": "medresearch-ai",
  "version": "6.0.0-beta",
  "study_count": 2
}
2025-12-07 01:47:44 [[32minfo[39m]: Quality assessment summary table generated {
  "service": "medresearch-ai",
  "version": "6.0.0-beta",
  "total_studies": 2,
  "low_risk": 1,
  "high_risk": 1
}
  ✓ Randomization: 2 low risk
  ✓ Blinding: 1 low risk
  ✓ Blinding: 1 high risk
✅ Test passed: Test 3: Domain Summaries Calculation

=== Test 4: Empty Studies List Handling ===
2025-12-07 01:47:44 [[32minfo[39m]: Generating quality assessment summary table {
  "service": "medresearch-ai",
  "version": "6.0.0-beta",
  "study_count": 0
}
  ✓ Shows no studies message
  ✓ Total studies is 0
  ✓ Interpretation mentions no studies
✅ Test passed: Test 4: Empty Studies List Handling

=== Test 5: Multiple Domains Display ===
2025-12-07 01:47:44 [[32minfo[39m]: Generating quality assessment summary table {
  "service": "medresearch-ai",
  "version": "6.0.0-beta",
  "study_count": 1
}
2025-12-07 01:47:44 [[32minfo[39m]: Quality assessment summary table generated {
  "service": "medresearch-ai",
  "version": "6.0.0-beta",
  "total_studies": 1,
  "low_risk": 0,
  "high_risk": 1
}
  ✓ Contains Domain 1
  ✓ Contains Domain 2
  ✓ Contains Domain 3
  ✓ Contains Domain 4
✅ Test passed: Test 5: Multiple Domains Display

=== Test 6: Interpretation Generation ===
2025-12-07 01:47:44 [[32minfo[39m]: Generating quality assessment summary table {
  "service": "medresearch-ai",
  "version": "6.0.0-beta",
  "study_count": 2
}
2025-12-07 01:47:44 [[32minfo[39m]: Quality assessment summary table generated {
  "service": "medresearch-ai",
  "version": "6.0.0-beta",
  "total_studies": 2,
  "low_risk": 1,
  "high_risk": 1
}
  ✓ Interpretation generated
  ✓ Mentions study count
  ✓ Includes percentages
✅ Test passed: Test 6: Interpretation Generation

============================================================
TEST SUMMARY
============================================================
Total tests: 6
Passed: 6 ✅
Failed: 0 ❌
Success rate: 100.0%
============================================================
✔ tests\test-quality-summary-table.js (386.7712ms)
╔════════════════════════════════════════════════════════════╗
║   Research Question Scoring - Test Suite                  ║
║   FINER Criteria Assessment                                ║
║   Version: 6.0.0-beta                                      ║
╚════════════════════════════════════════════════════════════╝

=== Test 1: Excellent Question ===
  ✓ Overall score: 72.5
  ✓ Rating: good
  ✓ Strengths: 4
  ✓ Weaknesses: 1
✅ Test 1 passed: Excellent question

=== Test 2: Good Question ===
  ✓ Overall score: 74.5
  ✓ Rating: good
✅ Test 2 passed: Good question

=== Test 3: Fair Question ===
  ✓ Overall score: 58
  ✓ Rating: fair
  ✓ Recommendations: 2
✅ Test 3 passed: Fair question

=== Test 4: Poor Question ===
  ✓ Overall score: 56
  ✓ Rating: fair
  ✓ Weaknesses: 4
✅ Test 4 passed: Poor question

=== Test 5: Feasibility Assessment ===
  ✓ Feasible score: 80
  ✓ Infeasible score: 15
  ✓ Feasible rationale: Question appears feasible with adequate resources
  ✓ Infeasible rationale: Question may face feasibility challenges
✅ Test 5 passed: Feasibility assessment

=== Test 6: Novelty Assessment ===
  ✓ Novel score: 85
  ✓ Established score: 40
✅ Test 6 passed: Novelty assessment

=== Test 7: Ethical Concerns Detection ===
  ✓ Ethical score: 90
  ✓ Unethical score: 50
  ✓ Unethical rationale: Significant ethical concerns need addressing
✅ Test 7 passed: Ethical concerns detection

=== Test 8: Relevance Assessment ===
  ✓ Relevant score: 90
  ✓ Less relevant score: 60
✅ Test 8 passed: Relevance assessment

=== Test 9: Recommendations Generation ===
  ✓ Recommendations: 1
  ✓ Has feasibility recommendation: true
  ✓ Has novelty recommendation: false
    - Consider narrowing scope or identifying more accessible population
✅ Test 9 passed: Recommendations generation

=== Test 10: Confidence Scoring ===
  ✓ Specific question confidence: 56.0%
  ✓ Vague question confidence: 56.0%
✅ Test 10 passed: Confidence scoring

============================================================
TEST SUMMARY
============================================================
Total tests: 10
Passed: 10 ✅
Failed: 0 ❌
Success rate: 100.0%
============================================================
✔ tests\test-question-scoring.js (334.927ms)
╔════════════════════════════════════════════════════════════╗
║   Study Relevance Screening - Test Suite                  ║
║   Version: 6.0.0-beta                                      ║
╚════════════════════════════════════════════════════════════╝

=== Test 1: Clear Include Decision ===
2025-12-07 01:47:44 [[32minfo[39m]: Screening study for relevance
  ✓ Valid decision: Exclude
  ✓ Confidence: 80.0%
  ✓ Overall PICO score: 23.1%
✅ Test passed: Test 1: Clear Include Decision

=== Test 2: Clear Exclude Decision ===
2025-12-07 01:47:44 [[32minfo[39m]: Screening study for relevance
  ✓ Decision: Exclude
  ✓ Exclusion reasons: 4
✅ Test passed: Test 2: Clear Exclude Decision

=== Test 3: PICO Match Scoring ===
2025-12-07 01:47:44 [[32minfo[39m]: Screening study for relevance
  ✓ Population score valid: 33.3%
  ✓ Intervention score valid: 16.7%
  ✓ Overall score valid: 35.0%
✅ Test passed: Test 3: PICO Match Scoring

=== Test 4: Study Design Exclusion ===
2025-12-07 01:47:44 [[32minfo[39m]: Screening study for relevance
  ✓ Study design exclusion detected
  ✓ Decision: Exclude
✅ Test passed: Test 4: Study Design Exclusion

=== Test 5: Publication Year Filtering ===
2025-12-07 01:47:44 [[32minfo[39m]: Screening study for relevance
2025-12-07 01:47:44 [[32minfo[39m]: Screening study for relevance
  ✓ Too old detected
  ✓ Too new detected
✅ Test passed: Test 5: Publication Year Filtering

=== Test 6: Uncertain Decision Handling ===
2025-12-07 01:47:44 [[32minfo[39m]: Screening study for relevance
  ✓ Valid decision: Exclude
✅ Test passed: Test 6: Uncertain Decision Handling

=== Test 7: Manual Review Flagging Logic ===
2025-12-07 01:47:44 [[32minfo[39m]: Screening study for relevance
  Manual review: false, Confidence: 80.0%
✅ Test passed: Test 7: Manual Review Flagging Logic

=== Test 8: Exclusion Reason Severity ===
2025-12-07 01:47:44 [[32minfo[39m]: Screening study for relevance
  ✓ Major exclusions: 2
✅ Test passed: Test 8: Exclusion Reason Severity

=== Test 9: Recommendations Quality ===
2025-12-07 01:47:44 [[32minfo[39m]: Screening study for relevance
  ✓ Recommendations: 1
  ✓ Recommendations is array
✅ Test passed: Test 9: Recommendations Quality

=== Test 10: Interpretation Quality ===
2025-12-07 01:47:44 [[32minfo[39m]: Screening study for relevance
  ✓ Detailed interpretation
  ✓ Mentions confidence
  ✓ Mentions PICO scores
✅ Test passed: Test 10: Interpretation Quality

============================================================
TEST SUMMARY
============================================================
Total tests: 10
Passed: 10 ✅
Failed: 0 ❌
Success rate: 100.0%
============================================================
✔ tests\test-relevance-screening.js (355.8763ms)
╔════════════════════════════════════════════════════════════╗
║   Automated Risk of Bias Assessment - Test Suite          ║
║   Version: 6.0.0-beta                                      ║
╚════════════════════════════════════════════════════════════╝

=== Test 1: Low Risk RCT ===
2025-12-07 01:47:44 [[32minfo[39m]: Performing automated risk of bias assessment
  ✓ 5 domains assessed: 5
  ✓ Valid overall judgment: High
  ✓ Confidence >= 40%: 72.0%
✅ Test passed: Test 1: Low Risk RCT

=== Test 2: High Risk Study ===
2025-12-07 01:47:44 [[32minfo[39m]: Performing automated risk of bias assessment
  ✓ High risk detected: High
  ✓ Manual review flagged
✅ Test passed: Test 2: High Risk Study

=== Test 3: Individual Domain Assessments ===
2025-12-07 01:47:44 [[32minfo[39m]: Performing automated risk of bias assessment
  ✓ All domains have required fields
  ✓ All confidences in valid range
✅ Test passed: Test 3: Individual Domain Assessments

=== Test 4: Evidence Extraction ===
2025-12-07 01:47:44 [[32minfo[39m]: Performing automated risk of bias assessment
  ✓ Evidence extracted: 2 items
  ✓ Randomization evidence found
✅ Test passed: Test 4: Evidence Extraction

=== Test 5: Blinding Detection ===
2025-12-07 01:47:44 [[32minfo[39m]: Performing automated risk of bias assessment
  ✓ Blinding domain assessed
  ✓ Blinding assessed as low risk: Low
✅ Test passed: Test 5: Blinding Detection

=== Test 6: ITT Analysis Detection ===
2025-12-07 01:47:44 [[32minfo[39m]: Performing automated risk of bias assessment
  ✓ Incomplete data domain assessed
  ITT evidence: 0 items
✅ Test passed: Test 6: ITT Analysis Detection

=== Test 7: Trial Registration Detection ===
2025-12-07 01:47:44 [[32minfo[39m]: Performing automated risk of bias assessment
  ✓ Selective reporting domain assessed
  ✓ Registration evidence found: 3
✅ Test passed: Test 7: Trial Registration Detection

=== Test 8: Warnings for Limited Information ===
2025-12-07 01:47:44 [[32minfo[39m]: Performing automated risk of bias assessment
  ✓ Warnings generated: 2
  ✓ Appropriate warnings for sparse text
✅ Test passed: Test 8: Warnings for Limited Information

=== Test 9: Recommendations Based on Assessment ===
2025-12-07 01:47:44 [[32minfo[39m]: Performing automated risk of bias assessment
  ✓ Recommendations: 2
  ✓ Recommendations is array
✅ Test passed: Test 9: Recommendations Based on Assessment

=== Test 10: Interpretation Generation ===
2025-12-07 01:47:44 [[32minfo[39m]: Performing automated risk of bias assessment
  ✓ Detailed interpretation
  ✓ Mentions risk
  ✓ Mentions confidence
✅ Test passed: Test 10: Interpretation Generation

=== Test 11: Manual Review Flagging Logic ===
2025-12-07 01:47:44 [[32minfo[39m]: Performing automated risk of bias assessment
2025-12-07 01:47:44 [[32minfo[39m]: Performing automated risk of bias assessment
  ✓ Low confidence triggers manual review
  ✓ Confidence differs based on evidence
✅ Test passed: Test 11: Manual Review Flagging Logic

=== Test 12: High Risk Indicator Detection ===
2025-12-07 01:47:44 [[32minfo[39m]: Performing automated risk of bias assessment
  ✓ High risk domains detected: 2
✅ Test passed: Test 12: High Risk Indicator Detection

=== Test 13: Some Concerns Detection ===
2025-12-07 01:47:44 [[32minfo[39m]: Performing automated risk of bias assessment
  ✓ Domains with concerns: 5
✅ Test passed: Test 13: Some Concerns Detection

=== Test 14: Domain Reasoning Quality ===
2025-12-07 01:47:44 [[32minfo[39m]: Performing automated risk of bias assessment
  ✓ All domains have reasoning
  Sample reasoning: Insufficient information to determine randomizatio...
✅ Test passed: Test 14: Domain Reasoning Quality

=== Test 15: Overall Judgment Logic ===
2025-12-07 01:47:44 [[32minfo[39m]: Performing automated risk of bias assessment
2025-12-07 01:47:44 [[32minfo[39m]: Performing automated risk of bias assessment
  ✓ Good study: Some concerns
  ✓ Mixed study: High
✅ Test passed: Test 15: Overall Judgment Logic

============================================================
TEST SUMMARY
============================================================
Total tests: 15
Passed: 15 ✅
Failed: 0 ❌
Success rate: 100.0%
============================================================
✔ tests\test-rob-ml.js (363.4831ms)
╔════════════════════════════════════════════════════════════╗
║   RoB Traffic Light Plot - Test Suite                     ║
║   Version: 6.0.0-beta                                      ║
╚════════════════════════════════════════════════════════════╝

=== Test 1: Basic Traffic Light Plot Generation ===
2025-12-07 01:47:44 [[32minfo[39m]: Generating RoB traffic light plot {
  "service": "medresearch-ai",
  "version": "6.0.0-beta",
  "study_count": 2
}
2025-12-07 01:47:44 [[32minfo[39m]: RoB traffic light plot generated {
  "service": "medresearch-ai",
  "version": "6.0.0-beta",
  "total_studies": 2,
  "total_domains": 2
}
  ✓ Plot generated
  ✓ Contains title
  ✓ Contains first study
  ✓ Contains second study
  ✓ Total studies: 2
  ✓ Total domains: 2
✅ Test passed: Test 1: Basic Traffic Light Plot Generation

=== Test 2: Domain Risk Percentages Calculation ===
2025-12-07 01:47:44 [[32minfo[39m]: Generating RoB traffic light plot {
  "service": "medresearch-ai",
  "version": "6.0.0-beta",
  "study_count": 4
}
2025-12-07 01:47:44 [[32minfo[39m]: RoB traffic light plot generated {
  "service": "medresearch-ai",
  "version": "6.0.0-beta",
  "total_studies": 4,
  "total_domains": 1
}
  ✓ Low risk: 50%
  ✓ High risk: 50%
✅ Test passed: Test 2: Domain Risk Percentages Calculation

=== Test 3: Multiple Domains Display ===
2025-12-07 01:47:44 [[32minfo[39m]: Generating RoB traffic light plot {
  "service": "medresearch-ai",
  "version": "6.0.0-beta",
  "study_count": 1
}
2025-12-07 01:47:44 [[32minfo[39m]: RoB traffic light plot generated {
  "service": "medresearch-ai",
  "version": "6.0.0-beta",
  "total_studies": 1,
  "total_domains": 3
}
  ✓ Contains Randomization domain
  ✓ Contains Blinding domain
  ✓ Contains Incomplete data domain
  ✓ Total domains: 3
✅ Test passed: Test 3: Multiple Domains Display

=== Test 4: Empty Studies List Handling ===
2025-12-07 01:47:44 [[32minfo[39m]: Generating RoB traffic light plot {
  "service": "medresearch-ai",
  "version": "6.0.0-beta",
  "study_count": 0
}
  ✓ Shows no studies message
  ✓ Total studies is 0
  ✓ Interpretation mentions no studies
✅ Test passed: Test 4: Empty Studies List Handling

=== Test 5: Risk Distribution Calculation ===
2025-12-07 01:47:44 [[32minfo[39m]: Generating RoB traffic light plot {
  "service": "medresearch-ai",
  "version": "6.0.0-beta",
  "study_count": 1
}
2025-12-07 01:47:44 [[32minfo[39m]: RoB traffic light plot generated {
  "service": "medresearch-ai",
  "version": "6.0.0-beta",
  "total_studies": 1,
  "total_domains": 2
}
  ✓ Low risk count: 1
  ✓ High risk count: 1
✅ Test passed: Test 5: Risk Distribution Calculation

=== Test 6: Interpretation Generation ===
2025-12-07 01:47:44 [[32minfo[39m]: Generating RoB traffic light plot {
  "service": "medresearch-ai",
  "version": "6.0.0-beta",
  "study_count": 2
}
2025-12-07 01:47:44 [[32minfo[39m]: RoB traffic light plot generated {
  "service": "medresearch-ai",
  "version": "6.0.0-beta",
  "total_studies": 2,
  "total_domains": 1
}
  ✓ Interpretation generated
  ✓ Mentions study count
  ✓ Mentions domains
✅ Test passed: Test 6: Interpretation Generation

=== Test 7: Legend Display ===
2025-12-07 01:47:44 [[32minfo[39m]: Generating RoB traffic light plot {
  "service": "medresearch-ai",
  "version": "6.0.0-beta",
  "study_count": 1
}
2025-12-07 01:47:44 [[32minfo[39m]: RoB traffic light plot generated {
  "service": "medresearch-ai",
  "version": "6.0.0-beta",
  "total_studies": 1,
  "total_domains": 1
}
  ✓ Contains legend
  ✓ Legend explains low risk
  ✓ Legend explains some concerns
  ✓ Legend explains high risk
✅ Test passed: Test 7: Legend Display

============================================================
TEST SUMMARY
============================================================
Total tests: 7
Passed: 7 ✅
Failed: 0 ❌
Success rate: 100.0%
============================================================
✔ tests\test-rob-traffic-light.js (348.9544ms)
╔════════════════════════════════════════════════════════════╗
║   ROBIS Bias Assessment - Test Suite                      ║
║   Risk of Bias in Systematic Reviews                      ║
║   Version: 6.0.0-beta                                      ║
╚════════════════════════════════════════════════════════════╝

=== Test 1: Low Risk Review ===
2025-12-07 01:47:44 [[32minfo[39m]: Assessing systematic review bias using ROBIS {
  "service": "medresearch-ai",
  "version": "4.1.0",
  "study_id": "SR001",
  "design": "systematic_review"
}
2025-12-07 01:47:44 [[32minfo[39m]: ROBIS assessment complete {
  "service": "medresearch-ai",
  "version": "4.1.0",
  "study_id": "SR001",
  "overall_risk": "low",
  "confidence": 0.6
}
  ✓ Overall risk: low
  ✓ Domains assessed: 4
  ✓ Confidence: 60.0%
  ✓ Requires review: true
✅ Test 1 passed: Low risk review

=== Test 2: High Risk Review ===
2025-12-07 01:47:44 [[32minfo[39m]: Assessing systematic review bias using ROBIS {
  "service": "medresearch-ai",
  "version": "4.1.0",
  "study_id": "SR002",
  "design": "systematic_review"
}
2025-12-07 01:47:44 [[32minfo[39m]: ROBIS assessment complete {
  "service": "medresearch-ai",
  "version": "4.1.0",
  "study_id": "SR002",
  "overall_risk": "high",
  "confidence": 0.425
}
  ✓ Overall risk: high
  ✓ High risk domains: 3
  ✓ Requires review: true
✅ Test 2 passed: High risk review

=== Test 3: Unclear Risk Review ===
2025-12-07 01:47:44 [[32minfo[39m]: Assessing systematic review bias using ROBIS {
  "service": "medresearch-ai",
  "version": "4.1.0",
  "study_id": "SR003",
  "design": "systematic_review"
}
2025-12-07 01:47:44 [[32minfo[39m]: ROBIS assessment complete {
  "service": "medresearch-ai",
  "version": "4.1.0",
  "study_id": "SR003",
  "overall_risk": "unclear",
  "confidence": 0.575
}
  ✓ Overall risk: unclear
  ✓ Unclear domains: 3
✅ Test 3 passed: Unclear risk review

=== Test 4: Eligibility Criteria Assessment ===
2025-12-07 01:47:44 [[32minfo[39m]: Assessing systematic review bias using ROBIS {
  "service": "medresearch-ai",
  "version": "4.1.0",
  "study_id": "SR004",
  "design": "systematic_review"
}
2025-12-07 01:47:44 [[32minfo[39m]: ROBIS assessment complete {
  "service": "medresearch-ai",
  "version": "4.1.0",
  "study_id": "SR004",
  "overall_risk": "high",
  "confidence": 0.425
}
2025-12-07 01:47:44 [[32minfo[39m]: Assessing systematic review bias using ROBIS {
  "service": "medresearch-ai",
  "version": "4.1.0",
  "study_id": "SR005",
  "design": "systematic_review"
}
2025-12-07 01:47:44 [[32minfo[39m]: ROBIS assessment complete {
  "service": "medresearch-ai",
  "version": "4.1.0",
  "study_id": "SR005",
  "overall_risk": "high",
  "confidence": 0.35
}
  ✓ Clear criteria risk: low
  ✓ Unclear criteria risk: high
✅ Test 4 passed: Eligibility criteria assessment

=== Test 5: Search and Selection Assessment ===
2025-12-07 01:47:44 [[32minfo[39m]: Assessing systematic review bias using ROBIS {
  "service": "medresearch-ai",
  "version": "4.1.0",
  "study_id": "SR006",
  "design": "systematic_review"
}
2025-12-07 01:47:44 [[32minfo[39m]: ROBIS assessment complete {
  "service": "medresearch-ai",
  "version": "4.1.0",
  "study_id": "SR006",
  "overall_risk": "high",
  "confidence": 0.5
}
2025-12-07 01:47:44 [[32minfo[39m]: Assessing systematic review bias using ROBIS {
  "service": "medresearch-ai",
  "version": "4.1.0",
  "study_id": "SR007",
  "design": "systematic_review"
}
2025-12-07 01:47:44 [[32minfo[39m]: ROBIS assessment complete {
  "service": "medresearch-ai",
  "version": "4.1.0",
  "study_id": "SR007",
  "overall_risk": "high",
  "confidence": 0.425
}
  ✓ Comprehensive search risk: low
  ✓ Limited search risk: high
✅ Test 5 passed: Search and selection assessment

=== Test 6: Data Collection Assessment ===
2025-12-07 01:47:44 [[32minfo[39m]: Assessing systematic review bias using ROBIS {
  "service": "medresearch-ai",
  "version": "4.1.0",
  "study_id": "SR008",
  "design": "systematic_review"
}
2025-12-07 01:47:44 [[32minfo[39m]: ROBIS assessment complete {
  "service": "medresearch-ai",
  "version": "4.1.0",
  "study_id": "SR008",
  "overall_risk": "high",
  "confidence": 0.5
}
2025-12-07 01:47:44 [[32minfo[39m]: Assessing systematic review bias using ROBIS {
  "service": "medresearch-ai",
  "version": "4.1.0",
  "study_id": "SR009",
  "design": "systematic_review"
}
2025-12-07 01:47:44 [[32minfo[39m]: ROBIS assessment complete {
  "service": "medresearch-ai",
  "version": "4.1.0",
  "study_id": "SR009",
  "overall_risk": "high",
  "confidence": 0.425
}
  ✓ Rigorous data collection risk: unclear
  ✓ Weak data collection risk: high
✅ Test 6 passed: Data collection assessment

=== Test 7: Synthesis Assessment ===
2025-12-07 01:47:44 [[32minfo[39m]: Assessing systematic review bias using ROBIS {
  "service": "medresearch-ai",
  "version": "4.1.0",
  "study_id": "SR010",
  "design": "meta_analysis"
}
2025-12-07 01:47:44 [[32minfo[39m]: ROBIS assessment complete {
  "service": "medresearch-ai",
  "version": "4.1.0",
  "study_id": "SR010",
  "overall_risk": "high",
  "confidence": 0.375
}
2025-12-07 01:47:44 [[32minfo[39m]: Assessing systematic review bias using ROBIS {
  "service": "medresearch-ai",
  "version": "4.1.0",
  "study_id": "SR011",
  "design": "systematic_review"
}
2025-12-07 01:47:44 [[32minfo[39m]: ROBIS assessment complete {
  "service": "medresearch-ai",
  "version": "4.1.0",
  "study_id": "SR011",
  "overall_risk": "high",
  "confidence": 0.35
}
  ✓ Meta-analysis synthesis risk: low
  ✓ Narrative synthesis risk: unclear
✅ Test 7 passed: Synthesis assessment

=== Test 8: Overall Risk Calculation ===
2025-12-07 01:47:44 [[32minfo[39m]: Assessing systematic review bias using ROBIS {
  "service": "medresearch-ai",
  "version": "4.1.0",
  "study_id": "SR012",
  "design": "systematic_review"
}
2025-12-07 01:47:44 [[32minfo[39m]: ROBIS assessment complete {
  "service": "medresearch-ai",
  "version": "4.1.0",
  "study_id": "SR012",
  "overall_risk": "unclear",
  "confidence": 0.575
}
  ✓ Overall risk: unclear
  ✓ Domain risks: unclear, low, unclear, unclear
  ✓ Rationale: Unclear risk in 3 domain(s), no high risk domains
✅ Test 8 passed: Overall risk calculation

============================================================
TEST SUMMARY
============================================================
Total tests: 8
Passed: 8 ✅
Failed: 0 ❌
Success rate: 100.0%
============================================================
✔ tests\test-robis.js (345.5017ms)
╔════════════════════════════════════════════════════════════╗
║   Summary of Findings Table - Test Suite                  ║
║   Version: 6.0.0-beta                                      ║
╚════════════════════════════════════════════════════════════╝

=== Test 1: Basic SoF Table Generation ===
2025-12-07 01:47:44 [[32minfo[39m]: Generating Summary of Findings table {
  "service": "medresearch-ai",
  "version": "6.0.0-beta",
  "outcome_count": 2
}
2025-12-07 01:47:44 [[32minfo[39m]: Summary of Findings table generated {
  "service": "medresearch-ai",
  "version": "6.0.0-beta",
  "total_outcomes": 2,
  "high_quality": 1
}
  ✓ Table generated
  ✓ Contains title
  ✓ Contains first outcome
  ✓ Contains second outcome
  ✓ Total outcomes: 2
✅ Test passed: Test 1: Basic SoF Table Generation

=== Test 2: Quality Symbols Display ===
2025-12-07 01:47:44 [[32minfo[39m]: Generating Summary of Findings table {
  "service": "medresearch-ai",
  "version": "6.0.0-beta",
  "outcome_count": 4
}
2025-12-07 01:47:44 [[32minfo[39m]: Summary of Findings table generated {
  "service": "medresearch-ai",
  "version": "6.0.0-beta",
  "total_outcomes": 4,
  "high_quality": 1
}
  ✓ Contains high quality symbol
  ✓ Contains moderate quality symbol
  ✓ Contains low quality symbol
  ✓ Contains very low quality symbol
✅ Test passed: Test 2: Quality Symbols Display

=== Test 3: Summary Statistics Calculation ===
2025-12-07 01:47:44 [[32minfo[39m]: Generating Summary of Findings table {
  "service": "medresearch-ai",
  "version": "6.0.0-beta",
  "outcome_count": 4
}
2025-12-07 01:47:44 [[32minfo[39m]: Summary of Findings table generated {
  "service": "medresearch-ai",
  "version": "6.0.0-beta",
  "total_outcomes": 4,
  "high_quality": 2
}
  ✓ Total: 4
  ✓ High: 2
  ✓ Moderate: 1
  ✓ Low: 1
✅ Test passed: Test 3: Summary Statistics Calculation

=== Test 4: Configuration Display ===
2025-12-07 01:47:44 [[32minfo[39m]: Generating Summary of Findings table {
  "service": "medresearch-ai",
  "version": "6.0.0-beta",
  "outcome_count": 1
}
2025-12-07 01:47:44 [[32minfo[39m]: Summary of Findings table generated {
  "service": "medresearch-ai",
  "version": "6.0.0-beta",
  "total_outcomes": 1,
  "high_quality": 1
}
  ✓ Contains population
  ✓ Contains setting
  ✓ Contains intervention
  ✓ Contains control
✅ Test passed: Test 4: Configuration Display

=== Test 5: Empty Outcomes List Handling ===
2025-12-07 01:47:44 [[32minfo[39m]: Generating Summary of Findings table {
  "service": "medresearch-ai",
  "version": "6.0.0-beta",
  "outcome_count": 0
}
  ✓ Shows no outcomes message
  ✓ Total outcomes is 0
  ✓ Interpretation mentions no outcomes
✅ Test passed: Test 5: Empty Outcomes List Handling

=== Test 6: Interpretation Generation ===
2025-12-07 01:47:44 [[32minfo[39m]: Generating Summary of Findings table {
  "service": "medresearch-ai",
  "version": "6.0.0-beta",
  "outcome_count": 2
}
2025-12-07 01:47:44 [[32minfo[39m]: Summary of Findings table generated {
  "service": "medresearch-ai",
  "version": "6.0.0-beta",
  "total_outcomes": 2,
  "high_quality": 1
}
  ✓ Interpretation generated
  ✓ Mentions outcome count
  ✓ Includes percentages
  ✓ Mentions confidence
✅ Test passed: Test 6: Interpretation Generation

=== Test 7: GRADE Legend Display ===
2025-12-07 01:47:44 [[32minfo[39m]: Generating Summary of Findings table {
  "service": "medresearch-ai",
  "version": "6.0.0-beta",
  "outcome_count": 1
}
2025-12-07 01:47:44 [[32minfo[39m]: Summary of Findings table generated {
  "service": "medresearch-ai",
  "version": "6.0.0-beta",
  "total_outcomes": 1,
  "high_quality": 1
}
  ✓ Contains GRADE reference
  ✓ Explains high quality
  ✓ Explains moderate quality
  ✓ Explains low quality
  ✓ Explains very low quality
✅ Test passed: Test 7: GRADE Legend Display

=== Test 8: Effect Estimate Display ===
2025-12-07 01:47:44 [[32minfo[39m]: Generating Summary of Findings table {
  "service": "medresearch-ai",
  "version": "6.0.0-beta",
  "outcome_count": 1
}
2025-12-07 01:47:44 [[32minfo[39m]: Summary of Findings table generated {
  "service": "medresearch-ai",
  "version": "6.0.0-beta",
  "total_outcomes": 1,
  "high_quality": 1
}
  ✓ Contains effect estimate
  ✓ Contains confidence interval
  ✓ Contains participant count
  ✓ Contains study count
✅ Test passed: Test 8: Effect Estimate Display

============================================================
TEST SUMMARY
============================================================
Total tests: 8
Passed: 8 ✅
Failed: 0 ❌
Success rate: 100.0%
============================================================
✔ tests\test-sof-table.js (311.7436ms)
🧪 Extended Study Design Classifier Test Suite
📊 Testing 35 real-world studies

================================================================================
2025-12-07 01:47:44 [[32minfo[39m]: Classifying study design {
  "service": "medresearch-ai",
  "version": "4.1.0",
  "title": "Efficacy and Safety of the mRNA-1273 SARS-CoV-2 Vaccine",
  "has_abstract": true,
  "has_methods": false,
  "has_full_text": false
}
2025-12-07 01:47:44 [[32minfo[39m]: Starting enhanced hybrid classification {
  "service": "medresearch-ai",
  "version": "4.1.0",
  "title": "Efficacy and Safety of the mRNA-1273 SARS-CoV-2 Vaccine",
  "has_mesh": false,
  "has_pub_type": false
}
2025-12-07 01:47:44 [[32minfo[39m]: Starting keyword-based classification {
  "service": "medresearch-ai",
  "version": "4.1.0",
  "title": "Efficacy and Safety of the mRNA-1273 SARS-CoV-2 Vaccine",
  "has_abstract": true,
  "has_methods": false
}
2025-12-07 01:47:44 [[32minfo[39m]: Keyword classification complete {
  "service": "medresearch-ai",
  "version": "4.1.0",
  "primary_design": "rct_parallel",
  "confidence": 0.09689087356141791,
  "requires_review": true,
  "ambiguous": false
}
2025-12-07 01:47:44 [[32minfo[39m]: Classifying using statistical methods {
  "service": "medresearch-ai",
  "version": "4.1.0",
  "text_length": 504
}
2025-12-07 01:47:44 [[32minfo[39m]: Statistical pattern match {
  "service": "medresearch-ai",
  "version": "4.1.0",
  "description": "Randomization mentioned",
  "designs": [
    "rct_parallel",
    "rct_crossover",
    "rct_cluster",
    "rct_factorial"
  ],
  "weight": 9
}
2025-12-07 01:47:44 [[32minfo[39m]: Statistical pattern match {
  "service": "medresearch-ai",
  "version": "4.1.0",
  "description": "Placebo control",
  "designs": [
    "rct_parallel"
  ],
  "weight": 8
}
2025-12-07 01:47:44 [[32minfo[39m]: Statistical pattern match {
  "service": "medresearch-ai",
  "version": "4.1.0",
  "description": "Odds ratio / logistic regression",
  "designs": [
    "case_control"
  ],
  "weight": 7
}
2025-12-07 01:47:44 [[32minfo[39m]: Enhanced hybrid classification complete {
  "service": "medresearch-ai",
  "version": "4.1.0",
  "primary_design": "rct_parallel",
  "confidence": 0.3162563494245672,
  "method": "ensemble",
  "keyword_weight": 0.4,
  "mesh_weight": 0.3,
  "statistical_weight": 0.3
}
2025-12-07 01:47:44 [[32minfo[39m]: Classifying study design {
  "service": "medresearch-ai",
  "version": "4.1.0",
  "title": "Comparison of formoterol and salmeterol in patients with asthma: a crossover study",
  "has_abstract": true,
  "has_methods": false,
  "has_full_text": false
}
2025-12-07 01:47:44 [[32minfo[39m]: Starting enhanced hybrid classification {
  "service": "medresearch-ai",
  "version": "4.1.0",
  "title": "Comparison of formoterol and salmeterol in patients with asthma: a crossover study",
  "has_mesh": false,
  "has_pub_type": false
}
2025-12-07 01:47:44 [[32minfo[39m]: Starting keyword-based classification {
  "service": "medresearch-ai",
  "version": "4.1.0",
  "title": "Comparison of formoterol and salmeterol in patients with asthma: a crossover study",
  "has_abstract": true,
  "has_methods": false
}
2025-12-07 01:47:44 [[32minfo[39m]: Keyword classification complete {
  "service": "medresearch-ai",
  "version": "4.1.0",
  "primary_design": "rct_crossover",
  "confidence": 0.5708079963702607,
  "requires_review": true,
  "ambiguous": false
}
2025-12-07 01:47:44 [[32minfo[39m]: Classifying using statistical methods {
  "service": "medresearch-ai",
  "version": "4.1.0",
  "text_length": 320
}
2025-12-07 01:47:44 [[32minfo[39m]: Statistical pattern match {
  "service": "medresearch-ai",
  "version": "4.1.0",
  "description": "Randomization mentioned",
  "designs": [
    "rct_parallel",
    "rct_crossover",
    "rct_cluster",
    "rct_factorial"
  ],
  "weight": 9
}
2025-12-07 01:47:44 [[32minfo[39m]: Statistical pattern match {
  "service": "medresearch-ai",
  "version": "4.1.0",
  "description": "Blinding mentioned",
  "designs": [
    "rct_parallel",
    "rct_crossover"
  ],
  "weight": 8
}
2025-12-07 01:47:44 [[32minfo[39m]: Statistical pattern match {
  "service": "medresearch-ai",
  "version": "4.1.0",
  "description": "Crossover RCT methods",
  "designs": [
    "rct_crossover"
  ],
  "weight": 9
}
2025-12-07 01:47:44 [[32minfo[39m]: Enhanced hybrid classification complete {
  "service": "medresearch-ai",
  "version": "4.1.0",
  "primary_design": "rct_crossover",
  "confidence": 0.6223231985481043,
  "method": "ensemble",
  "keyword_weight": 0.4,
  "mesh_weight": 0.3,
  "statistical_weight": 0.3
}
2025-12-07 01:47:44 [[32minfo[39m]: Classifying study design {
  "service": "medresearch-ai",
  "version": "4.1.0",
  "title": "Cluster randomized trial of a school-based physical activity intervention",
  "has_abstract": true,
  "has_methods": false,
  "has_full_text": false
}
2025-12-07 01:47:44 [[32minfo[39m]: Starting enhanced hybrid classification {
  "service": "medresearch-ai",
  "version": "4.1.0",
  "title": "Cluster randomized trial of a school-based physical activity intervention",
  "has_mesh": false,
  "has_pub_type": false
}
2025-12-07 01:47:44 [[32minfo[39m]: Starting keyword-based classification {
  "service": "medresearch-ai",
  "version": "4.1.0",
  "title": "Cluster randomized trial of a school-based physical activity intervention",
  "has_abstract": true,
  "has_methods": false
}
2025-12-07 01:47:44 [[32minfo[39m]: Keyword classification complete {
  "service": "medresearch-ai",
  "version": "4.1.0",
  "primary_design": "rct_cluster",
  "confidence": 0.2279713002575384,
  "requires_review": true,
  "ambiguous": false
}
2025-12-07 01:47:44 [[32minfo[39m]: Classifying using statistical methods {
  "service": "medresearch-ai",
  "version": "4.1.0",
  "text_length": 280
}
2025-12-07 01:47:44 [[32minfo[39m]: Statistical pattern match {
  "service": "medresearch-ai",
  "version": "4.1.0",
  "description": "Randomization mentioned",
  "designs": [
    "rct_parallel",
    "rct_crossover",
    "rct_cluster",
    "rct_factorial"
  ],
  "weight": 9
}
2025-12-07 01:47:44 [[32minfo[39m]: Statistical pattern match {
  "service": "medresearch-ai",
  "version": "4.1.0",
  "description": "Odds ratio / logistic regression",
  "designs": [
    "case_control"
  ],
  "weight": 7
}
2025-12-07 01:47:44 [[32minfo[39m]: Statistical pattern match {
  "service": "medresearch-ai",
  "version": "4.1.0",
  "description": "Cluster RCT methods",
  "designs": [
    "rct_cluster"
  ],
  "weight": 9
}
2025-12-07 01:47:44 [[32minfo[39m]: Enhanced hybrid classification complete {
  "service": "medresearch-ai",
  "version": "4.1.0",
  "primary_design": "rct_cluster",
  "confidence": 0.37618852010301534,
  "method": "ensemble",
  "keyword_weight": 0.4,
  "mesh_weight": 0.3,
  "statistical_weight": 0.3
}
2025-12-07 01:47:44 [[32minfo[39m]: Classifying study design {
  "service": "medresearch-ai",
  "version": "4.1.0",
  "title": "Factorial trial of diet and drug therapy in hypertension",
  "has_abstract": true,
  "has_methods": false,
  "has_full_text": false
}
2025-12-07 01:47:44 [[32minfo[39m]: Starting enhanced hybrid classification {
  "service": "medresearch-ai",
  "version": "4.1.0",
  "title": "Factorial trial of diet and drug therapy in hypertension",
  "has_mesh": false,
  "has_pub_type": false
}
2025-12-07 01:47:44 [[32minfo[39m]: Starting keyword-based classification {
  "service": "medresearch-ai",
  "version": "4.1.0",
  "title": "Factorial trial of diet and drug therapy in hypertension",
  "has_abstract": true,
  "has_methods": false
}
2025-12-07 01:47:44 [[32minfo[39m]: Keyword classification complete {
  "service": "medresearch-ai",
  "version": "4.1.0",
  "primary_design": "rct_factorial",
  "confidence": 0.894101037764082,
  "requires_review": false,
  "ambiguous": false
}
2025-12-07 01:47:44 [[32minfo[39m]: Classifying using statistical methods {
  "service": "medresearch-ai",
  "version": "4.1.0",
  "text_length": 291
}
2025-12-07 01:47:44 [[32minfo[39m]: Statistical pattern match {
  "service": "medresearch-ai",
  "version": "4.1.0",
  "description": "Randomization mentioned",
  "designs": [
    "rct_parallel",
    "rct_crossover",
    "rct_cluster",
    "rct_factorial"
  ],
  "weight": 9
}
2025-12-07 01:47:44 [[32minfo[39m]: Statistical pattern match {
  "service": "medresearch-ai",
  "version": "4.1.0",
  "description": "Odds ratio / logistic regression",
  "designs": [
    "case_control"
  ],
  "weight": 7
}
2025-12-07 01:47:44 [[32minfo[39m]: Enhanced hybrid classification complete {
  "service": "medresearch-ai",
  "version": "4.1.0",
  "primary_design": "rct_factorial",
  "confidence": 0.7251404151056329,
  "method": "ensemble",
  "keyword_weight": 0.4,
  "mesh_weight": 0.3,
  "statistical_weight": 0.3
}
2025-12-07 01:47:44 [[32minfo[39m]: Classifying study design {
  "service": "medresearch-ai",
  "version": "4.1.0",
  "title": "Impact of smoke-free legislation on hospital admissions: a quasi-experimental study",
  "has_abstract": true,
  "has_methods": false,
  "has_full_text": false
}
2025-12-07 01:47:44 [[32minfo[39m]: Starting enhanced hybrid classification {
  "service": "medresearch-ai",
  "version": "4.1.0",
  "title": "Impact of smoke-free legislation on hospital admissions: a quasi-experimental study",
  "has_mesh": false,
  "has_pub_type": false
}
2025-12-07 01:47:44 [[32minfo[39m]: Starting keyword-based classification {
  "service": "medresearch-ai",
  "version": "4.1.0",
  "title": "Impact of smoke-free legislation on hospital admissions: a quasi-experimental study",
  "has_abstract": true,
  "has_methods": false
}
2025-12-07 01:47:44 [[32minfo[39m]: Keyword classification complete {
  "service": "medresearch-ai",
  "version": "4.1.0",
  "primary_design": "quasi_experimental",
  "confidence": 0.21024374859347433,
  "requires_review": true,
  "ambiguous": false
}
2025-12-07 01:47:44 [[32minfo[39m]: Classifying using statistical methods {
  "service": "medresearch-ai",
  "version": "4.1.0",
  "text_length": 267
}
2025-12-07 01:47:44 [[32minfo[39m]: Statistical pattern match {
  "service": "medresearch-ai",
  "version": "4.1.0",
  "description": "Randomization mentioned",
  "designs": [
    "rct_parallel",
    "rct_crossover",
    "rct_cluster",
    "rct_factorial"
  ],
  "weight": 9
}
2025-12-07 01:47:44 [[32minfo[39m]: Enhanced hybrid classification complete {
  "service": "medresearch-ai",
  "version": "4.1.0",
  "primary_design": "rct_parallel",
  "confidence": 0.3015974994373897,
  "method": "ensemble",
  "keyword_weight": 0.4,
  "mesh_weight": 0.3,
  "statistical_weight": 0.3
}

❌ FAILED: Quasi-Experimental (Policy evaluation)
   Expected: quasi_experimental
   Predicted: rct_parallel (30.2%)
   Alternatives: rct_crossover (99.7%), rct_cluster (99.1%), rct_factorial (99.1%)
2025-12-07 01:47:44 [[32minfo[39m]: Classifying study design {
  "service": "medresearch-ai",
  "version": "4.1.0",
  "title": "Cardiovascular disease risk factors: the Framingham Heart Study",
  "has_abstract": true,
  "has_methods": false,
  "has_full_text": false
}
2025-12-07 01:47:44 [[32minfo[39m]: Starting enhanced hybrid classification {
  "service": "medresearch-ai",
  "version": "4.1.0",
  "title": "Cardiovascular disease risk factors: the Framingham Heart Study",
  "has_mesh": false,
  "has_pub_type": false
}
2025-12-07 01:47:44 [[32minfo[39m]: Starting keyword-based classification {
  "service": "medresearch-ai",
  "version": "4.1.0",
  "title": "Cardiovascular disease risk factors: the Framingham Heart Study",
  "has_abstract": true,
  "has_methods": false
}
2025-12-07 01:47:44 [[32minfo[39m]: Keyword classification complete {
  "service": "medresearch-ai",
  "version": "4.1.0",
  "primary_design": "cohort_prospective",
  "confidence": 0.11472366718776275,
  "requires_review": true,
  "ambiguous": false
}
2025-12-07 01:47:44 [[32minfo[39m]: Classifying using statistical methods {
  "service": "medresearch-ai",
  "version": "4.1.0",
  "text_length": 327
}
2025-12-07 01:47:44 [[32minfo[39m]: Statistical pattern match {
  "service": "medresearch-ai",
  "version": "4.1.0",
  "description": "Hazard ratio / Cox regression",
  "designs": [
    "cohort_prospective",
    "cohort_retrospective"
  ],
  "weight": 9
}
2025-12-07 01:47:44 [[32minfo[39m]: Enhanced hybrid classification complete {
  "service": "medresearch-ai",
  "version": "4.1.0",
  "primary_design": "cohort_prospective",
  "confidence": 0.2633894668751051,
  "method": "ensemble",
  "keyword_weight": 0.4,
  "mesh_weight": 0.3,
  "statistical_weight": 0.3
}
2025-12-07 01:47:44 [[32minfo[39m]: Classifying study design {
  "service": "medresearch-ai",
  "version": "4.1.0",
  "title": "Retrospective cohort study of antibiotic use and C. difficile infection",
  "has_abstract": true,
  "has_methods": false,
  "has_full_text": false
}
2025-12-07 01:47:44 [[32minfo[39m]: Starting enhanced hybrid classification {
  "service": "medresearch-ai",
  "version": "4.1.0",
  "title": "Retrospective cohort study of antibiotic use and C. difficile infection",
  "has_mesh": false,
  "has_pub_type": false
}
2025-12-07 01:47:44 [[32minfo[39m]: Starting keyword-based classification {
  "service": "medresearch-ai",
  "version": "4.1.0",
  "title": "Retrospective cohort study of antibiotic use and C. difficile infection",
  "has_abstract": true,
  "has_methods": false
}
2025-12-07 01:47:44 [[32minfo[39m]: Keyword classification complete {
  "service": "medresearch-ai",
  "version": "4.1.0",
  "primary_design": "cohort_retrospective",
  "confidence": 0.19431344562024822,
  "requires_review": true,
  "ambiguous": false
}
2025-12-07 01:47:44 [[32minfo[39m]: Classifying using statistical methods {
  "service": "medresearch-ai",
  "version": "4.1.0",
  "text_length": 263
}
2025-12-07 01:47:44 [[32minfo[39m]: Enhanced hybrid classification complete {
  "service": "medresearch-ai",
  "version": "4.1.0",
  "primary_design": "cohort_retrospective",
  "confidence": 0.07772537824809929,
  "method": "ensemble",
  "keyword_weight": 0.4,
  "mesh_weight": 0.3,
  "statistical_weight": 0.3
}
2025-12-07 01:47:44 [[32minfo[39m]: Classifying study design {
  "service": "medresearch-ai",
  "version": "4.1.0",
  "title": "Smoking and lung cancer: a case-control study",
  "has_abstract": true,
  "has_methods": false,
  "has_full_text": false
}
2025-12-07 01:47:44 [[32minfo[39m]: Starting enhanced hybrid classification {
  "service": "medresearch-ai",
  "version": "4.1.0",
  "title": "Smoking and lung cancer: a case-control study",
  "has_mesh": false,
  "has_pub_type": false
}
2025-12-07 01:47:44 [[32minfo[39m]: Starting keyword-based classification {
  "service": "medresearch-ai",
  "version": "4.1.0",
  "title": "Smoking and lung cancer: a case-control study",
  "has_abstract": true,
  "has_methods": false
}
2025-12-07 01:47:44 [[32minfo[39m]: Keyword classification complete {
  "service": "medresearch-ai",
  "version": "4.1.0",
  "primary_design": "case_control",
  "confidence": 0.8504673940852796,
  "requires_review": false,
  "ambiguous": false
}
2025-12-07 01:47:44 [[32minfo[39m]: Classifying using statistical methods {
  "service": "medresearch-ai",
  "version": "4.1.0",
  "text_length": 272
}
2025-12-07 01:47:44 [[32minfo[39m]: Statistical pattern match {
  "service": "medresearch-ai",
  "version": "4.1.0",
  "description": "Odds ratio / logistic regression",
  "designs": [
    "case_control"
  ],
  "weight": 7
}
2025-12-07 01:47:44 [[32minfo[39m]: Statistical pattern match {
  "service": "medresearch-ai",
  "version": "4.1.0",
  "description": "Matched case-control",
  "designs": [
    "case_control"
  ],
  "weight": 8
}
2025-12-07 01:47:44 [[32minfo[39m]: Enhanced hybrid classification complete {
  "service": "medresearch-ai",
  "version": "4.1.0",
  "primary_design": "case_control",
  "confidence": 0.7526869576341119,
  "method": "ensemble",
  "keyword_weight": 0.4,
  "mesh_weight": 0.3,
  "statistical_weight": 0.3
}
2025-12-07 01:47:44 [[32minfo[39m]: Classifying study design {
  "service": "medresearch-ai",
  "version": "4.1.0",
  "title": "Nested case-control study of inflammatory biomarkers and coronary heart disease",
  "has_abstract": true,
  "has_methods": false,
  "has_full_text": false
}
2025-12-07 01:47:44 [[32minfo[39m]: Starting enhanced hybrid classification {
  "service": "medresearch-ai",
  "version": "4.1.0",
  "title": "Nested case-control study of inflammatory biomarkers and coronary heart disease",
  "has_mesh": false,
  "has_pub_type": false
}
2025-12-07 01:47:44 [[32minfo[39m]: Starting keyword-based classification {
  "service": "medresearch-ai",
  "version": "4.1.0",
  "title": "Nested case-control study of inflammatory biomarkers and coronary heart disease",
  "has_abstract": true,
  "has_methods": false
}
2025-12-07 01:47:44 [[32minfo[39m]: Keyword classification complete {
  "service": "medresearch-ai",
  "version": "4.1.0",
  "primary_design": "case_control",
  "confidence": 0.20216146885849437,
  "requires_review": true,
  "ambiguous": false
}
2025-12-07 01:47:44 [[32minfo[39m]: Classifying using statistical methods {
  "service": "medresearch-ai",
  "version": "4.1.0",
  "text_length": 257
}
2025-12-07 01:47:44 [[32minfo[39m]: Enhanced hybrid classification complete {
  "service": "medresearch-ai",
  "version": "4.1.0",
  "primary_design": "case_control",
  "confidence": 0.08086458754339776,
  "method": "ensemble",
  "keyword_weight": 0.4,
  "mesh_weight": 0.3,
  "statistical_weight": 0.3
}
2025-12-07 01:47:44 [[32minfo[39m]: Classifying study design {
  "service": "medresearch-ai",
  "version": "4.1.0",
  "title": "Prevalence of diabetes in the United States: NHANES 2015-2018",
  "has_abstract": true,
  "has_methods": false,
  "has_full_text": false
}
2025-12-07 01:47:44 [[32minfo[39m]: Starting enhanced hybrid classification {
  "service": "medresearch-ai",
  "version": "4.1.0",
  "title": "Prevalence of diabetes in the United States: NHANES 2015-2018",
  "has_mesh": false,
  "has_pub_type": false
}
2025-12-07 01:47:44 [[32minfo[39m]: Starting keyword-based classification {
  "service": "medresearch-ai",
  "version": "4.1.0",
  "title": "Prevalence of diabetes in the United States: NHANES 2015-2018",
  "has_abstract": true,
  "has_methods": false
}
2025-12-07 01:47:44 [[32minfo[39m]: Keyword classification complete {
  "service": "medresearch-ai",
  "version": "4.1.0",
  "primary_design": "cross_sectional",
  "confidence": 0.5362996595198513,
  "requires_review": true,
  "ambiguous": false
}
2025-12-07 01:47:44 [[32minfo[39m]: Classifying using statistical methods {
  "service": "medresearch-ai",
  "version": "4.1.0",
  "text_length": 260
}
2025-12-07 01:47:44 [[32minfo[39m]: Statistical pattern match {
  "service": "medresearch-ai",
  "version": "4.1.0",
  "description": "Prevalence / chi-square",
  "designs": [
    "cross_sectional"
  ],
  "weight": 6
}
2025-12-07 01:47:44 [[32minfo[39m]: Enhanced hybrid classification complete {
  "service": "medresearch-ai",
  "version": "4.1.0",
  "primary_design": "cross_sectional",
  "confidence": 0.4595198638079405,
  "method": "ensemble",
  "keyword_weight": 0.4,
  "mesh_weight": 0.3,
  "statistical_weight": 0.3
}
2025-12-07 01:47:44 [[32minfo[39m]: Classifying study design {
  "service": "medresearch-ai",
  "version": "4.1.0",
  "title": "Ecological study of air pollution and respiratory disease across US counties",
  "has_abstract": true,
  "has_methods": false,
  "has_full_text": false
}
2025-12-07 01:47:44 [[32minfo[39m]: Starting enhanced hybrid classification {
  "service": "medresearch-ai",
  "version": "4.1.0",
  "title": "Ecological study of air pollution and respiratory disease across US counties",
  "has_mesh": false,
  "has_pub_type": false
}
2025-12-07 01:47:44 [[32minfo[39m]: Starting keyword-based classification {
  "service": "medresearch-ai",
  "version": "4.1.0",
  "title": "Ecological study of air pollution and respiratory disease across US counties",
  "has_abstract": true,
  "has_methods": false
}
2025-12-07 01:47:44 [[32minfo[39m]: Keyword classification complete {
  "service": "medresearch-ai",
  "version": "4.1.0",
  "primary_design": "ecological",
  "confidence": 0.9707645715639718,
  "requires_review": false,
  "ambiguous": false
}
2025-12-07 01:47:44 [[32minfo[39m]: Classifying using statistical methods {
  "service": "medresearch-ai",
  "version": "4.1.0",
  "text_length": 279
}
2025-12-07 01:47:44 [[32minfo[39m]: Enhanced hybrid classification complete {
  "service": "medresearch-ai",
  "version": "4.1.0",
  "primary_design": "ecological",
  "confidence": 0.3883058286255887,
  "method": "ensemble",
  "keyword_weight": 0.4,
  "mesh_weight": 0.3,
  "statistical_weight": 0.3
}
2025-12-07 01:47:44 [[32minfo[39m]: Classifying study design {
  "service": "medresearch-ai",
  "version": "4.1.0",
  "title": "Case series of 15 patients with Kawasaki disease",
  "has_abstract": true,
  "has_methods": false,
  "has_full_text": false
}
2025-12-07 01:47:44 [[32minfo[39m]: Starting enhanced hybrid classification {
  "service": "medresearch-ai",
  "version": "4.1.0",
  "title": "Case series of 15 patients with Kawasaki disease",
  "has_mesh": false,
  "has_pub_type": false
}
2025-12-07 01:47:44 [[32minfo[39m]: Starting keyword-based classification {
  "service": "medresearch-ai",
  "version": "4.1.0",
  "title": "Case series of 15 patients with Kawasaki disease",
  "has_abstract": true,
  "has_methods": false
}
2025-12-07 01:47:44 [[32minfo[39m]: Keyword classification complete {
  "service": "medresearch-ai",
  "version": "4.1.0",
  "primary_design": "case_series",
  "confidence": 0.6899744811276125,
  "requires_review": true,
  "ambiguous": false
}
2025-12-07 01:47:44 [[32minfo[39m]: Classifying using statistical methods {
  "service": "medresearch-ai",
  "version": "4.1.0",
  "text_length": 226
}
2025-12-07 01:47:44 [[32minfo[39m]: Enhanced hybrid classification complete {
  "service": "medresearch-ai",
  "version": "4.1.0",
  "primary_design": "case_series",
  "confidence": 0.275989792451045,
  "method": "ensemble",
  "keyword_weight": 0.4,
  "mesh_weight": 0.3,
  "statistical_weight": 0.3
}
2025-12-07 01:47:44 [[32minfo[39m]: Classifying study design {
  "service": "medresearch-ai",
  "version": "4.1.0",
  "title": "Rare neurological manifestation of COVID-19: a case report",
  "has_abstract": true,
  "has_methods": false,
  "has_full_text": false
}
2025-12-07 01:47:44 [[32minfo[39m]: Starting enhanced hybrid classification {
  "service": "medresearch-ai",
  "version": "4.1.0",
  "title": "Rare neurological manifestation of COVID-19: a case report",
  "has_mesh": false,
  "has_pub_type": false
}
2025-12-07 01:47:44 [[32minfo[39m]: Starting keyword-based classification {
  "service": "medresearch-ai",
  "version": "4.1.0",
  "title": "Rare neurological manifestation of COVID-19: a case report",
  "has_abstract": true,
  "has_methods": false
}
2025-12-07 01:47:44 [[32minfo[39m]: Keyword classification complete {
  "service": "medresearch-ai",
  "version": "4.1.0",
  "primary_design": "case_report",
  "confidence": 0.20198837101772651,
  "requires_review": true,
  "ambiguous": false
}
2025-12-07 01:47:44 [[32minfo[39m]: Classifying using statistical methods {
  "service": "medresearch-ai",
  "version": "4.1.0",
  "text_length": 223
}
2025-12-07 01:47:44 [[32minfo[39m]: Enhanced hybrid classification complete {
  "service": "medresearch-ai",
  "version": "4.1.0",
  "primary_design": "case_report",
  "confidence": 0.08079534840709061,
  "method": "ensemble",
  "keyword_weight": 0.4,
  "mesh_weight": 0.3,
  "statistical_weight": 0.3
}
2025-12-07 01:47:44 [[32minfo[39m]: Classifying study design {
  "service": "medresearch-ai",
  "version": "4.1.0",
  "title": "Antidepressants for depression in adults: a systematic review",
  "has_abstract": true,
  "has_methods": false,
  "has_full_text": false
}
2025-12-07 01:47:44 [[32minfo[39m]: Starting enhanced hybrid classification {
  "service": "medresearch-ai",
  "version": "4.1.0",
  "title": "Antidepressants for depression in adults: a systematic review",
  "has_mesh": false,
  "has_pub_type": false
}
2025-12-07 01:47:44 [[32minfo[39m]: Starting keyword-based classification {
  "service": "medresearch-ai",
  "version": "4.1.0",
  "title": "Antidepressants for depression in adults: a systematic review",
  "has_abstract": true,
  "has_methods": false
}
2025-12-07 01:47:44 [[32minfo[39m]: Keyword classification complete {
  "service": "medresearch-ai",
  "version": "4.1.0",
  "primary_design": "systematic_review",
  "confidence": 0.5460232035558019,
  "requires_review": true,
  "ambiguous": false
}
2025-12-07 01:47:44 [[32minfo[39m]: Classifying using statistical methods {
  "service": "medresearch-ai",
  "version": "4.1.0",
  "text_length": 340
}
2025-12-07 01:47:44 [[32minfo[39m]: Reporting guideline match {
  "service": "medresearch-ai",
  "version": "4.1.0",
  "description": "PRISMA guideline",
  "designs": [
    "systematic_review",
    "meta_analysis"
  ],
  "weight": 10
}
2025-12-07 01:47:44 [[32minfo[39m]: Enhanced hybrid classification complete {
  "service": "medresearch-ai",
  "version": "4.1.0",
  "primary_design": "systematic_review",
  "confidence": 0.5434092814223207,
  "method": "ensemble",
  "keyword_weight": 0.4,
  "mesh_weight": 0.3,
  "statistical_weight": 0.3
}
2025-12-07 01:47:44 [[32minfo[39m]: Classifying study design {
  "service": "medresearch-ai",
  "version": "4.1.0",
  "title": "Statins for primary prevention of cardiovascular disease: meta-analysis of randomized trials",
  "has_abstract": true,
  "has_methods": false,
  "has_full_text": false
}
2025-12-07 01:47:44 [[32minfo[39m]: Starting enhanced hybrid classification {
  "service": "medresearch-ai",
  "version": "4.1.0",
  "title": "Statins for primary prevention of cardiovascular disease: meta-analysis of randomized trials",
  "has_mesh": false,
  "has_pub_type": false
}
2025-12-07 01:47:44 [[32minfo[39m]: Starting keyword-based classification {
  "service": "medresearch-ai",
  "version": "4.1.0",
  "title": "Statins for primary prevention of cardiovascular disease: meta-analysis of randomized trials",
  "has_abstract": true,
  "has_methods": false
}
2025-12-07 01:47:44 [[32minfo[39m]: Keyword classification complete {
  "service": "medresearch-ai",
  "version": "4.1.0",
  "primary_design": "meta_analysis",
  "confidence": 0.5222076018581396,
  "requires_review": true,
  "ambiguous": false
}
2025-12-07 01:47:44 [[32minfo[39m]: Classifying using statistical methods {
  "service": "medresearch-ai",
  "version": "4.1.0",
  "text_length": 378
}
2025-12-07 01:47:44 [[32minfo[39m]: Statistical pattern match {
  "service": "medresearch-ai",
  "version": "4.1.0",
  "description": "Randomization mentioned",
  "designs": [
    "rct_parallel",
    "rct_crossover",
    "rct_cluster",
    "rct_factorial"
  ],
  "weight": 9
}
2025-12-07 01:47:44 [[32minfo[39m]: Statistical pattern match {
  "service": "medresearch-ai",
  "version": "4.1.0",
  "description": "Relative risk",
  "designs": [
    "cohort_prospective",
    "cohort_retrospective"
  ],
  "weight": 7
}
2025-12-07 01:47:44 [[32minfo[39m]: Statistical pattern match {
  "service": "medresearch-ai",
  "version": "4.1.0",
  "description": "Forest/funnel plot",
  "designs": [
    "meta_analysis"
  ],
  "weight": 10
}
2025-12-07 01:47:44 [[32minfo[39m]: Statistical pattern match {
  "service": "medresearch-ai",
  "version": "4.1.0",
  "description": "Heterogeneity assessment",
  "designs": [
    "meta_analysis"
  ],
  "weight": 9
}
2025-12-07 01:47:44 [[32minfo[39m]: Statistical pattern match {
  "service": "medresearch-ai",
  "version": "4.1.0",
  "description": "Meta-analysis models",
  "designs": [
    "meta_analysis"
  ],
  "weight": 8
}
2025-12-07 01:47:44 [[32minfo[39m]: Statistical pattern match {
  "service": "medresearch-ai",
  "version": "4.1.0",
  "description": "Publication bias assessment",
  "designs": [
    "meta_analysis"
  ],
  "weight": 7
}
2025-12-07 01:47:44 [[32minfo[39m]: Enhanced hybrid classification complete {
  "service": "medresearch-ai",
  "version": "4.1.0",
  "primary_design": "meta_analysis",
  "confidence": 0.6028830407432558,
  "method": "ensemble",
  "keyword_weight": 0.4,
  "mesh_weight": 0.3,
  "statistical_weight": 0.3
}
2025-12-07 01:47:44 [[32minfo[39m]: Classifying study design {
  "service": "medresearch-ai",
  "version": "4.1.0",
  "title": "Network meta-analysis of antihypertensive drugs",
  "has_abstract": true,
  "has_methods": false,
  "has_full_text": false
}
2025-12-07 01:47:44 [[32minfo[39m]: Starting enhanced hybrid classification {
  "service": "medresearch-ai",
  "version": "4.1.0",
  "title": "Network meta-analysis of antihypertensive drugs",
  "has_mesh": false,
  "has_pub_type": false
}
2025-12-07 01:47:44 [[32minfo[39m]: Starting keyword-based classification {
  "service": "medresearch-ai",
  "version": "4.1.0",
  "title": "Network meta-analysis of antihypertensive drugs",
  "has_abstract": true,
  "has_methods": false
}
2025-12-07 01:47:44 [[32minfo[39m]: Keyword classification complete {
  "service": "medresearch-ai",
  "version": "4.1.0",
  "primary_design": "network_meta_analysis",
  "confidence": 0.2132805687032224,
  "requires_review": true,
  "ambiguous": false
}
2025-12-07 01:47:44 [[32minfo[39m]: Classifying using statistical methods {
  "service": "medresearch-ai",
  "version": "4.1.0",
  "text_length": 279
}
2025-12-07 01:47:44 [[32minfo[39m]: Statistical pattern match {
  "service": "medresearch-ai",
  "version": "4.1.0",
  "description": "Forest/funnel plot",
  "designs": [
    "meta_analysis"
  ],
  "weight": 10
}
2025-12-07 01:47:44 [[32minfo[39m]: Enhanced hybrid classification complete {
  "service": "medresearch-ai",
  "version": "4.1.0",
  "primary_design": "meta_analysis",
  "confidence": 0.31031222748128895,
  "method": "ensemble",
  "keyword_weight": 0.4,
  "mesh_weight": 0.3,
  "statistical_weight": 0.3
}

❌ FAILED: Network Meta-Analysis (Multiple treatments)
   Expected: network_meta_analysis
   Predicted: meta_analysis (31.0%)
   Alternatives: network_meta_analysis (2.8%), case_control (0.9%), rct_parallel (0.5%)
2025-12-07 01:47:44 [[32minfo[39m]: Classifying study design {
  "service": "medresearch-ai",
  "version": "4.1.0",
  "title": "Scoping review of artificial intelligence in medical diagnosis",
  "has_abstract": true,
  "has_methods": false,
  "has_full_text": false
}
2025-12-07 01:47:44 [[32minfo[39m]: Starting enhanced hybrid classification {
  "service": "medresearch-ai",
  "version": "4.1.0",
  "title": "Scoping review of artificial intelligence in medical diagnosis",
  "has_mesh": false,
  "has_pub_type": false
}
2025-12-07 01:47:44 [[32minfo[39m]: Starting keyword-based classification {
  "service": "medresearch-ai",
  "version": "4.1.0",
  "title": "Scoping review of artificial intelligence in medical diagnosis",
  "has_abstract": true,
  "has_methods": false
}
2025-12-07 01:47:44 [[32minfo[39m]: Keyword classification complete {
  "service": "medresearch-ai",
  "version": "4.1.0",
  "primary_design": "scoping_review",
  "confidence": 0.20071715051915365,
  "requires_review": true,
  "ambiguous": false
}
2025-12-07 01:47:44 [[32minfo[39m]: Classifying using statistical methods {
  "service": "medresearch-ai",
  "version": "4.1.0",
  "text_length": 279
}
2025-12-07 01:47:44 [[32minfo[39m]: Enhanced hybrid classification complete {
  "service": "medresearch-ai",
  "version": "4.1.0",
  "primary_design": "scoping_review",
  "confidence": 0.08028686020766146,
  "method": "ensemble",
  "keyword_weight": 0.4,
  "mesh_weight": 0.3,
  "statistical_weight": 0.3
}
2025-12-07 01:47:44 [[32minfo[39m]: Classifying study design {
  "service": "medresearch-ai",
  "version": "4.1.0",
  "title": "Umbrella review of systematic reviews on diet and cancer",
  "has_abstract": true,
  "has_methods": false,
  "has_full_text": false
}
2025-12-07 01:47:44 [[32minfo[39m]: Starting enhanced hybrid classification {
  "service": "medresearch-ai",
  "version": "4.1.0",
  "title": "Umbrella review of systematic reviews on diet and cancer",
  "has_mesh": false,
  "has_pub_type": false
}
2025-12-07 01:47:44 [[32minfo[39m]: Starting keyword-based classification {
  "service": "medresearch-ai",
  "version": "4.1.0",
  "title": "Umbrella review of systematic reviews on diet and cancer",
  "has_abstract": true,
  "has_methods": false
}
2025-12-07 01:47:44 [[32minfo[39m]: Keyword classification complete {
  "service": "medresearch-ai",
  "version": "4.1.0",
  "primary_design": "umbrella_review",
  "confidence": 0.712612867199481,
  "requires_review": false,
  "ambiguous": false
}
2025-12-07 01:47:44 [[32minfo[39m]: Classifying using statistical methods {
  "service": "medresearch-ai",
  "version": "4.1.0",
  "text_length": 284
}
2025-12-07 01:47:44 [[32minfo[39m]: Enhanced hybrid classification complete {
  "service": "medresearch-ai",
  "version": "4.1.0",
  "primary_design": "umbrella_review",
  "confidence": 0.28504514687979243,
  "method": "ensemble",
  "keyword_weight": 0.4,
  "mesh_weight": 0.3,
  "statistical_weight": 0.3
}
2025-12-07 01:47:44 [[32minfo[39m]: Classifying study design {
  "service": "medresearch-ai",
  "version": "4.1.0",
  "title": "Rapid review of COVID-19 treatments",
  "has_abstract": true,
  "has_methods": false,
  "has_full_text": false
}
2025-12-07 01:47:44 [[32minfo[39m]: Starting enhanced hybrid classification {
  "service": "medresearch-ai",
  "version": "4.1.0",
  "title": "Rapid review of COVID-19 treatments",
  "has_mesh": false,
  "has_pub_type": false
}
2025-12-07 01:47:44 [[32minfo[39m]: Starting keyword-based classification {
  "service": "medresearch-ai",
  "version": "4.1.0",
  "title": "Rapid review of COVID-19 treatments",
  "has_abstract": true,
  "has_methods": false
}
2025-12-07 01:47:44 [[32minfo[39m]: Keyword classification complete {
  "service": "medresearch-ai",
  "version": "4.1.0",
  "primary_design": "rapid_review",
  "confidence": 0.2733329435864668,
  "requires_review": true,
  "ambiguous": false
}
2025-12-07 01:47:44 [[32minfo[39m]: Classifying using statistical methods {
  "service": "medresearch-ai",
  "version": "4.1.0",
  "text_length": 242
}
2025-12-07 01:47:44 [[32minfo[39m]: Enhanced hybrid classification complete {
  "service": "medresearch-ai",
  "version": "4.1.0",
  "primary_design": "rapid_review",
  "confidence": 0.10933317743458673,
  "method": "ensemble",
  "keyword_weight": 0.4,
  "mesh_weight": 0.3,
  "statistical_weight": 0.3
}
2025-12-07 01:47:44 [[32minfo[39m]: Classifying study design {
  "service": "medresearch-ai",
  "version": "4.1.0",
  "title": "Narrative review of advances in cancer immunotherapy",
  "has_abstract": true,
  "has_methods": false,
  "has_full_text": false
}
2025-12-07 01:47:44 [[32minfo[39m]: Starting enhanced hybrid classification {
  "service": "medresearch-ai",
  "version": "4.1.0",
  "title": "Narrative review of advances in cancer immunotherapy",
  "has_mesh": false,
  "has_pub_type": false
}
2025-12-07 01:47:44 [[32minfo[39m]: Starting keyword-based classification {
  "service": "medresearch-ai",
  "version": "4.1.0",
  "title": "Narrative review of advances in cancer immunotherapy",
  "has_abstract": true,
  "has_methods": false
}
2025-12-07 01:47:44 [[32minfo[39m]: Keyword classification complete {
  "service": "medresearch-ai",
  "version": "4.1.0",
  "primary_design": "narrative_review",
  "confidence": 0.3152349450679883,
  "requires_review": true,
  "ambiguous": false
}
2025-12-07 01:47:44 [[32minfo[39m]: Classifying using statistical methods {
  "service": "medresearch-ai",
  "version": "4.1.0",
  "text_length": 240
}
2025-12-07 01:47:44 [[32minfo[39m]: Enhanced hybrid classification complete {
  "service": "medresearch-ai",
  "version": "4.1.0",
  "primary_design": "narrative_review",
  "confidence": 0.12609397802719532,
  "method": "ensemble",
  "keyword_weight": 0.4,
  "mesh_weight": 0.3,
  "statistical_weight": 0.3
}
2025-12-07 01:47:44 [[32minfo[39m]: Classifying study design {
  "service": "medresearch-ai",
  "version": "4.1.0",
  "title": "Lived experiences of breast cancer survivors: a phenomenological study",
  "has_abstract": true,
  "has_methods": false,
  "has_full_text": false
}
2025-12-07 01:47:44 [[32minfo[39m]: Starting enhanced hybrid classification {
  "service": "medresearch-ai",
  "version": "4.1.0",
  "title": "Lived experiences of breast cancer survivors: a phenomenological study",
  "has_mesh": false,
  "has_pub_type": false
}
2025-12-07 01:47:44 [[32minfo[39m]: Starting keyword-based classification {
  "service": "medresearch-ai",
  "version": "4.1.0",
  "title": "Lived experiences of breast cancer survivors: a phenomenological study",
  "has_abstract": true,
  "has_methods": false
}
2025-12-07 01:47:44 [[32minfo[39m]: Keyword classification complete {
  "service": "medresearch-ai",
  "version": "4.1.0",
  "primary_design": "phenomenology",
  "confidence": 0.8839899871502821,
  "requires_review": false,
  "ambiguous": false
}

❌ FAILED: Convergent (Parallel collection)
   Expected: convergent
   Predicted: case_report (26.5%)
   Alternatives: convergent (1.7%), cross_sectional (1.3%), rct_parallel (0.6%)

❌ FAILED: Prognostic Factor Study (Risk prediction)
   Expected: prognostic_factor
   Predicted: cohort_prospective (37.1%)
   Alternatives: cohort_retrospective (99.0%), prognostic_factor (5.6%), case_control (1.0%)

❌ FAILED: Prediction Model (Risk score)
   Expected: prediction_model
   Predicted: case_control (24.9%)
   Alternatives: prediction_model (2.2%), rct_parallel (0.7%), rct_crossover (0.7%)

❌ FAILED: Short Abstract - Minimal information
   Expected: case_report
   Predicted: case_control (2.7%)
   Alternatives: case_report (93.6%), rct_parallel (57.0%), rct_crossover (57.0%)

================================================================================
📊 TEST SUMMARY
================================================================================
Total Tests: 35
Passed: 29 (82.9%)
Failed: 6 (17.1%)
Accuracy: 82.9%

Performance:
  Total Time: 44ms
  Average Time: 1.3ms per test
  Target: <100ms ✅

📈 CONFIDENCE DISTRIBUTION:
--------------------------------------------------------------------------------
High (≥0.9): 0 (0.0%)
Medium (0.7-0.9): 3 (8.6%)
Low (<0.7): 32 (91.4%)

📋 ACCURACY BY CATEGORY:
--------------------------------------------------------------------------------
Experimental (RCTs): 4/5 (80.0%)
Observational: 8/8 (100.0%)
Reviews: 6/7 (85.7%)
Qualitative: 4/4 (100.0%)
Mixed Methods: 2/3 (66.7%)
Diagnostic/Prognostic: 1/3 (33.3%)
Edge Cases: 4/5 (80.0%)

❌ FAILED TESTS:
--------------------------------------------------------------------------------
1. Quasi-Experimental (Policy evaluation)
   Expected: quasi_experimental
   Predicted: rct_parallel (30.2%)
   Alternatives: rct_crossover (99.7%), rct_cluster (99.1%), rct_factorial (99.1%)
2. Network Meta-Analysis (Multiple treatments)
   Expected: network_meta_analysis
   Predicted: meta_analysis (31.0%)
   Alternatives: network_meta_analysis (2.8%), case_control (0.9%), rct_parallel (0.5%)
3. Convergent (Parallel collection)
   Expected: convergent
   Predicted: case_report (26.5%)
   Alternatives: convergent (1.7%), cross_sectional (1.3%), rct_parallel (0.6%)
4. Prognostic Factor Study (Risk prediction)
   Expected: prognostic_factor
   Predicted: cohort_prospective (37.1%)
   Alternatives: cohort_retrospective (99.0%), prognostic_factor (5.6%), case_control (1.0%)
5. Prediction Model (Risk score)
   Expected: prediction_model
   Predicted: case_control (24.9%)
   Alternatives: prediction_model (2.2%), rct_parallel (0.7%), rct_crossover (0.7%)
6. Short Abstract - Minimal information
   Expected: case_report
   Predicted: case_control (2.7%)
   Alternatives: case_report (93.6%), rct_parallel (57.0%), rct_crossover (57.0%)

🎯 TARGET CHECK:
--------------------------------------------------------------------------------
✅ Target met! Accuracy 82.9% ≥ 80%

================================================================================

✅ All tests complete! Enhanced hybrid classifier is ready for production.
✔ tests\test-study-design-classifier-extended.js (346.7081ms)
🧪 Testing Study Design Classifier

================================================================================

📋 Test: RCT - Parallel Group
--------------------------------------------------------------------------------
2025-12-07 01:47:44 [[32minfo[39m]: Classifying study design {
  "service": "medresearch-ai",
  "version": "4.1.0",
  "title": "Metformin versus sulfonylureas in type 2 diabetes: a randomized controlled trial",
  "has_abstract": true,
  "has_methods": false,
  "has_full_text": false
}
2025-12-07 01:47:44 [[32minfo[39m]: Starting enhanced hybrid classification {
  "service": "medresearch-ai",
  "version": "4.1.0",
  "title": "Metformin versus sulfonylureas in type 2 diabetes: a randomized controlled trial",
  "has_mesh": false,
  "has_pub_type": false
}
2025-12-07 01:47:44 [[32minfo[39m]: Starting keyword-based classification {
  "service": "medresearch-ai",
  "version": "4.1.0",
  "title": "Metformin versus sulfonylureas in type 2 diabetes: a randomized controlled trial",
  "has_abstract": true,
  "has_methods": false
}
2025-12-07 01:47:44 [[32minfo[39m]: Keyword classification complete {
  "service": "medresearch-ai",
  "version": "4.1.0",
  "primary_design": "rct_parallel",
  "confidence": 0.11519818619543697,
  "requires_review": true,
  "ambiguous": false
}
2025-12-07 01:47:44 [[32minfo[39m]: Classifying using statistical methods {
  "service": "medresearch-ai",
  "version": "4.1.0",
  "text_length": 545
}
2025-12-07 01:47:44 [[32minfo[39m]: Statistical pattern match {
  "service": "medresearch-ai",
  "version": "4.1.0",
  "description": "Randomization mentioned",
  "designs": [
    "rct_parallel",
    "rct_crossover",
    "rct_cluster",
    "rct_factorial"
  ],
  "weight": 9
}
2025-12-07 01:47:44 [[32minfo[39m]: Statistical pattern match {
  "service": "medresearch-ai",
  "version": "4.1.0",
  "description": "Odds ratio / logistic regression",
  "designs": [
    "case_control"
  ],
  "weight": 7
}
2025-12-07 01:47:44 [[32minfo[39m]: Enhanced hybrid classification complete {
  "service": "medresearch-ai",
  "version": "4.1.0",
  "primary_design": "rct_parallel",
  "confidence": 0.2635792744781748,
  "method": "ensemble",
  "keyword_weight": 0.4,
  "mesh_weight": 0.3,
  "statistical_weight": 0.3
}
Expected: rct_parallel
Predicted: rct_parallel
Confidence: 26.4%
Status: ✅ PASS
Top Keywords: randomized controlled trial, randomly assigned, Randomization mentioned

📋 Test: RCT - Crossover
--------------------------------------------------------------------------------
2025-12-07 01:47:44 [[32minfo[39m]: Classifying study design {
  "service": "medresearch-ai",
  "version": "4.1.0",
  "title": "Crossover trial of two bronchodilators in asthma",
  "has_abstract": true,
  "has_methods": false,
  "has_full_text": false
}
2025-12-07 01:47:44 [[32minfo[39m]: Starting enhanced hybrid classification {
  "service": "medresearch-ai",
  "version": "4.1.0",
  "title": "Crossover trial of two bronchodilators in asthma",
  "has_mesh": false,
  "has_pub_type": false
}
2025-12-07 01:47:44 [[32minfo[39m]: Starting keyword-based classification {
  "service": "medresearch-ai",
  "version": "4.1.0",
  "title": "Crossover trial of two bronchodilators in asthma",
  "has_abstract": true,
  "has_methods": false
}
2025-12-07 01:47:44 [[32minfo[39m]: Keyword classification complete {
  "service": "medresearch-ai",
  "version": "4.1.0",
  "primary_design": "rct_crossover",
  "confidence": 0.5708079963702607,
  "requires_review": true,
  "ambiguous": false
}
2025-12-07 01:47:44 [[32minfo[39m]: Classifying using statistical methods {
  "service": "medresearch-ai",
  "version": "4.1.0",
  "text_length": 258
}
2025-12-07 01:47:44 [[32minfo[39m]: Statistical pattern match {
  "service": "medresearch-ai",
  "version": "4.1.0",
  "description": "Randomization mentioned",
  "designs": [
    "rct_parallel",
    "rct_crossover",
    "rct_cluster",
    "rct_factorial"
  ],
  "weight": 9
}
2025-12-07 01:47:44 [[32minfo[39m]: Statistical pattern match {
  "service": "medresearch-ai",
  "version": "4.1.0",
  "description": "Odds ratio / logistic regression",
  "designs": [
    "case_control"
  ],
  "weight": 7
}
2025-12-07 01:47:44 [[32minfo[39m]: Statistical pattern match {
  "service": "medresearch-ai",
  "version": "4.1.0",
  "description": "Crossover RCT methods",
  "designs": [
    "rct_crossover"
  ],
  "weight": 9
}
2025-12-07 01:47:44 [[32minfo[39m]: Enhanced hybrid classification complete {
  "service": "medresearch-ai",
  "version": "4.1.0",
  "primary_design": "rct_crossover",
  "confidence": 0.6133231985481042,
  "method": "ensemble",
  "keyword_weight": 0.4,
  "mesh_weight": 0.3,
  "statistical_weight": 0.3
}
Expected: rct_crossover
Predicted: rct_crossover
Confidence: 61.3%
Status: ✅ PASS
Top Keywords: crossover, crossover trial, washout period

📋 Test: RCT - Cluster
--------------------------------------------------------------------------------
2025-12-07 01:47:44 [[32minfo[39m]: Classifying study design {
  "service": "medresearch-ai",
  "version": "4.1.0",
  "title": "Cluster randomized trial of hand hygiene intervention in schools",
  "has_abstract": true,
  "has_methods": false,
  "has_full_text": false
}
2025-12-07 01:47:44 [[32minfo[39m]: Starting enhanced hybrid classification {
  "service": "medresearch-ai",
  "version": "4.1.0",
  "title": "Cluster randomized trial of hand hygiene intervention in schools",
  "has_mesh": false,
  "has_pub_type": false
}
2025-12-07 01:47:44 [[32minfo[39m]: Starting keyword-based classification {
  "service": "medresearch-ai",
  "version": "4.1.0",
  "title": "Cluster randomized trial of hand hygiene intervention in schools",
  "has_abstract": true,
  "has_methods": false
}
2025-12-07 01:47:44 [[32minfo[39m]: Keyword classification complete {
  "service": "medresearch-ai",
  "version": "4.1.0",
  "primary_design": "rct_cluster",
  "confidence": 0.2279713002575384,
  "requires_review": true,
  "ambiguous": false
}
2025-12-07 01:47:44 [[32minfo[39m]: Classifying using statistical methods {
  "service": "medresearch-ai",
  "version": "4.1.0",
  "text_length": 248
}
2025-12-07 01:47:44 [[32minfo[39m]: Statistical pattern match {
  "service": "medresearch-ai",
  "version": "4.1.0",
  "description": "Randomization mentioned",
  "designs": [
    "rct_parallel",
    "rct_crossover",
    "rct_cluster",
    "rct_factorial"
  ],
  "weight": 9
}
2025-12-07 01:47:44 [[32minfo[39m]: Statistical pattern match {
  "service": "medresearch-ai",
  "version": "4.1.0",
  "description": "Odds ratio / logistic regression",
  "designs": [
    "case_control"
  ],
  "weight": 7
}
2025-12-07 01:47:44 [[32minfo[39m]: Statistical pattern match {
  "service": "medresearch-ai",
  "version": "4.1.0",
  "description": "Cluster RCT methods",
  "designs": [
    "rct_cluster"
  ],
  "weight": 9
}
2025-12-07 01:47:44 [[32minfo[39m]: Reporting guideline match {
  "service": "medresearch-ai",
  "version": "4.1.0",
  "description": "CARE guideline",
  "designs": [
    "case_report"
  ],
  "weight": 9
}
2025-12-07 01:47:44 [[32minfo[39m]: Enhanced hybrid classification complete {
  "service": "medresearch-ai",
  "version": "4.1.0",
  "primary_design": "rct_cluster",
  "confidence": 0.37618852010301534,
  "method": "ensemble",
  "keyword_weight": 0.4,
  "mesh_weight": 0.3,
  "statistical_weight": 0.3
}
Expected: rct_cluster
Predicted: rct_cluster
Confidence: 37.6%
Status: ✅ PASS
Top Keywords: cluster randomized, intracluster correlation, ICC

📋 Test: Cohort - Prospective
--------------------------------------------------------------------------------
2025-12-07 01:47:44 [[32minfo[39m]: Classifying study design {
  "service": "medresearch-ai",
  "version": "4.1.0",
  "title": "Smoking and lung cancer: a prospective cohort study",
  "has_abstract": true,
  "has_methods": false,
  "has_full_text": false
}
2025-12-07 01:47:44 [[32minfo[39m]: Starting enhanced hybrid classification {
  "service": "medresearch-ai",
  "version": "4.1.0",
  "title": "Smoking and lung cancer: a prospective cohort study",
  "has_mesh": false,
  "has_pub_type": false
}
2025-12-07 01:47:44 [[32minfo[39m]: Starting keyword-based classification {
  "service": "medresearch-ai",
  "version": "4.1.0",
  "title": "Smoking and lung cancer: a prospective cohort study",
  "has_abstract": true,
  "has_methods": false
}
2025-12-07 01:47:44 [[32minfo[39m]: Keyword classification complete {
  "service": "medresearch-ai",
  "version": "4.1.0",
  "primary_design": "cohort_prospective",
  "confidence": 0.7001878976035428,
  "requires_review": false,
  "ambiguous": false
}
2025-12-07 01:47:44 [[32minfo[39m]: Classifying using statistical methods {
  "service": "medresearch-ai",
  "version": "4.1.0",
  "text_length": 258
}
2025-12-07 01:47:44 [[32minfo[39m]: Statistical pattern match {
  "service": "medresearch-ai",
  "version": "4.1.0",
  "description": "Hazard ratio / Cox regression",
  "designs": [
    "cohort_prospective",
    "cohort_retrospective"
  ],
  "weight": 9
}
2025-12-07 01:47:44 [[32minfo[39m]: Enhanced hybrid classification complete {
  "service": "medresearch-ai",
  "version": "4.1.0",
  "primary_design": "cohort_prospective",
  "confidence": 0.6475751590414172,
  "method": "ensemble",
  "keyword_weight": 0.4,
  "mesh_weight": 0.3,
  "statistical_weight": 0.3
}
Expected: cohort_prospective
Predicted: cohort_prospective
Confidence: 64.8%
Status: ✅ PASS
Top Keywords: prospective cohort, cohort study, incidence

📋 Test: Case-Control
--------------------------------------------------------------------------------
2025-12-07 01:47:44 [[32minfo[39m]: Classifying study design {
  "service": "medresearch-ai",
  "version": "4.1.0",
  "title": "Risk factors for pancreatic cancer: a case-control study",
  "has_abstract": true,
  "has_methods": false,
  "has_full_text": false
}
2025-12-07 01:47:44 [[32minfo[39m]: Starting enhanced hybrid classification {
  "service": "medresearch-ai",
  "version": "4.1.0",
  "title": "Risk factors for pancreatic cancer: a case-control study",
  "has_mesh": false,
  "has_pub_type": false
}
2025-12-07 01:47:44 [[32minfo[39m]: Starting keyword-based classification {
  "service": "medresearch-ai",
  "version": "4.1.0",
  "title": "Risk factors for pancreatic cancer: a case-control study",
  "has_abstract": true,
  "has_methods": false
}
2025-12-07 01:47:44 [[32minfo[39m]: Keyword classification complete {
  "service": "medresearch-ai",
  "version": "4.1.0",
  "primary_design": "case_control",
  "confidence": 0.8504673940852796,
  "requires_review": false,
  "ambiguous": false
}
2025-12-07 01:47:44 [[32minfo[39m]: Classifying using statistical methods {
  "service": "medresearch-ai",
  "version": "4.1.0",
  "text_length": 226
}
2025-12-07 01:47:44 [[32minfo[39m]: Statistical pattern match {
  "service": "medresearch-ai",
  "version": "4.1.0",
  "description": "Odds ratio / logistic regression",
  "designs": [
    "case_control"
  ],
  "weight": 7
}
2025-12-07 01:47:44 [[32minfo[39m]: Statistical pattern match {
  "service": "medresearch-ai",
  "version": "4.1.0",
  "description": "Matched case-control",
  "designs": [
    "case_control"
  ],
  "weight": 8
}
2025-12-07 01:47:44 [[32minfo[39m]: Enhanced hybrid classification complete {
  "service": "medresearch-ai",
  "version": "4.1.0",
  "primary_design": "case_control",
  "confidence": 0.7526869576341119,
  "method": "ensemble",
  "keyword_weight": 0.4,
  "mesh_weight": 0.3,
  "statistical_weight": 0.3
}
Expected: case_control
Predicted: case_control
Confidence: 75.3%
Status: ✅ PASS
Top Keywords: case-control, case-control study, odds ratio

📋 Test: Cross-Sectional
--------------------------------------------------------------------------------
2025-12-07 01:47:44 [[32minfo[39m]: Classifying study design {
  "service": "medresearch-ai",
  "version": "4.1.0",
  "title": "Prevalence of hypertension in urban China: a cross-sectional survey",
  "has_abstract": true,
  "has_methods": false,
  "has_full_text": false
}
2025-12-07 01:47:44 [[32minfo[39m]: Starting enhanced hybrid classification {
  "service": "medresearch-ai",
  "version": "4.1.0",
  "title": "Prevalence of hypertension in urban China: a cross-sectional survey",
  "has_mesh": false,
  "has_pub_type": false
}
2025-12-07 01:47:44 [[32minfo[39m]: Starting keyword-based classification {
  "service": "medresearch-ai",
  "version": "4.1.0",
  "title": "Prevalence of hypertension in urban China: a cross-sectional survey",
  "has_abstract": true,
  "has_methods": false
}
2025-12-07 01:47:44 [[32minfo[39m]: Keyword classification complete {
  "service": "medresearch-ai",
  "version": "4.1.0",
  "primary_design": "cross_sectional",
  "confidence": 0.5362996595198513,
  "requires_review": true,
  "ambiguous": false
}
2025-12-07 01:47:44 [[32minfo[39m]: Classifying using statistical methods {
  "service": "medresearch-ai",
  "version": "4.1.0",
  "text_length": 242
}
2025-12-07 01:47:44 [[32minfo[39m]: Statistical pattern match {
  "service": "medresearch-ai",
  "version": "4.1.0",
  "description": "Prevalence / chi-square",
  "designs": [
    "cross_sectional"
  ],
  "weight": 6
}
2025-12-07 01:47:44 [[32minfo[39m]: Enhanced hybrid classification complete {
  "service": "medresearch-ai",
  "version": "4.1.0",
  "primary_design": "cross_sectional",
  "confidence": 0.4595198638079405,
  "method": "ensemble",
  "keyword_weight": 0.4,
  "mesh_weight": 0.3,
  "statistical_weight": 0.3
}
Expected: cross_sectional
Predicted: cross_sectional
Confidence: 46.0%
Status: ✅ PASS
Top Keywords: cross-sectional, prevalence, survey

📋 Test: Systematic Review
--------------------------------------------------------------------------------
2025-12-07 01:47:44 [[32minfo[39m]: Classifying study design {
  "service": "medresearch-ai",
  "version": "4.1.0",
  "title": "Effectiveness of statins for primary prevention: a systematic review",
  "has_abstract": true,
  "has_methods": false,
  "has_full_text": false
}
2025-12-07 01:47:44 [[32minfo[39m]: Starting enhanced hybrid classification {
  "service": "medresearch-ai",
  "version": "4.1.0",
  "title": "Effectiveness of statins for primary prevention: a systematic review",
  "has_mesh": false,
  "has_pub_type": false
}
2025-12-07 01:47:44 [[32minfo[39m]: Starting keyword-based classification {
  "service": "medresearch-ai",
  "version": "4.1.0",
  "title": "Effectiveness of statins for primary prevention: a systematic review",
  "has_abstract": true,
  "has_methods": false
}
2025-12-07 01:47:44 [[32minfo[39m]: Keyword classification complete {
  "service": "medresearch-ai",
  "version": "4.1.0",
  "primary_design": "systematic_review",
  "confidence": 0.6899744811276125,
  "requires_review": true,
  "ambiguous": false
}
2025-12-07 01:47:44 [[32minfo[39m]: Classifying using statistical methods {
  "service": "medresearch-ai",
  "version": "4.1.0",
  "text_length": 321
}
2025-12-07 01:47:44 [[32minfo[39m]: Reporting guideline match {
  "service": "medresearch-ai",
  "version": "4.1.0",
  "description": "PRISMA guideline",
  "designs": [
    "systematic_review",
    "meta_analysis"
  ],
  "weight": 10
}
2025-12-07 01:47:44 [[32minfo[39m]: Enhanced hybrid classification complete {
  "service": "medresearch-ai",
  "version": "4.1.0",
  "primary_design": "systematic_review",
  "confidence": 0.6009897924510449,
  "method": "ensemble",
  "keyword_weight": 0.4,
  "mesh_weight": 0.3,
  "statistical_weight": 0.3
}
Expected: systematic_review
Predicted: systematic_review
Confidence: 60.1%
Status: ✅ PASS
Top Keywords: systematic review, PRISMA, quality assessment

📋 Test: Meta-Analysis
--------------------------------------------------------------------------------
2025-12-07 01:47:44 [[32minfo[39m]: Classifying study design {
  "service": "medresearch-ai",
  "version": "4.1.0",
  "title": "Aspirin for cardiovascular prevention: a meta-analysis of randomized trials",
  "has_abstract": true,
  "has_methods": false,
  "has_full_text": false
}
2025-12-07 01:47:44 [[32minfo[39m]: Starting enhanced hybrid classification {
  "service": "medresearch-ai",
  "version": "4.1.0",
  "title": "Aspirin for cardiovascular prevention: a meta-analysis of randomized trials",
  "has_mesh": false,
  "has_pub_type": false
}
2025-12-07 01:47:44 [[32minfo[39m]: Starting keyword-based classification {
  "service": "medresearch-ai",
  "version": "4.1.0",
  "title": "Aspirin for cardiovascular prevention: a meta-analysis of randomized trials",
  "has_abstract": true,
  "has_methods": false
}
2025-12-07 01:47:44 [[32minfo[39m]: Keyword classification complete {
  "service": "medresearch-ai",
  "version": "4.1.0",
  "primary_design": "meta_analysis",
  "confidence": 0.7086608250294354,
  "requires_review": false,
  "ambiguous": false
}
2025-12-07 01:47:44 [[32minfo[39m]: Classifying using statistical methods {
  "service": "medresearch-ai",
  "version": "4.1.0",
  "text_length": 316
}
2025-12-07 01:47:44 [[32minfo[39m]: Statistical pattern match {
  "service": "medresearch-ai",
  "version": "4.1.0",
  "description": "Randomization mentioned",
  "designs": [
    "rct_parallel",
    "rct_crossover",
    "rct_cluster",
    "rct_factorial"
  ],
  "weight": 9
}
2025-12-07 01:47:44 [[32minfo[39m]: Statistical pattern match {
  "service": "medresearch-ai",
  "version": "4.1.0",
  "description": "Relative risk",
  "designs": [
    "cohort_prospective",
    "cohort_retrospective"
  ],
  "weight": 7
}
2025-12-07 01:47:44 [[32minfo[39m]: Statistical pattern match {
  "service": "medresearch-ai",
  "version": "4.1.0",
  "description": "Forest/funnel plot",
  "designs": [
    "meta_analysis"
  ],
  "weight": 10
}
2025-12-07 01:47:44 [[32minfo[39m]: Statistical pattern match {
  "service": "medresearch-ai",
  "version": "4.1.0",
  "description": "Heterogeneity assessment",
  "designs": [
    "meta_analysis"
  ],
  "weight": 9
}
2025-12-07 01:47:44 [[32minfo[39m]: Statistical pattern match {
  "service": "medresearch-ai",
  "version": "4.1.0",
  "description": "Meta-analysis models",
  "designs": [
    "meta_analysis"
  ],
  "weight": 8
}
2025-12-07 01:47:44 [[32minfo[39m]: Statistical pattern match {
  "service": "medresearch-ai",
  "version": "4.1.0",
  "description": "Publication bias assessment",
  "designs": [
    "meta_analysis"
  ],
  "weight": 7
}
2025-12-07 01:47:44 [[32minfo[39m]: Enhanced hybrid classification complete {
  "service": "medresearch-ai",
  "version": "4.1.0",
  "primary_design": "meta_analysis",
  "confidence": 0.7274643300117741,
  "method": "ensemble",
  "keyword_weight": 0.4,
  "mesh_weight": 0.3,
  "statistical_weight": 0.3
}
Expected: meta_analysis
Predicted: meta_analysis
Confidence: 72.7%
Status: ✅ PASS
Top Keywords: meta-analysis, pooled analysis, heterogeneity

📋 Test: Case Report
--------------------------------------------------------------------------------
2025-12-07 01:47:44 [[32minfo[39m]: Classifying study design {
  "service": "medresearch-ai",
  "version": "4.1.0",
  "title": "Rare presentation of COVID-19 with neurological symptoms: a case report",
  "has_abstract": true,
  "has_methods": false,
  "has_full_text": false
}
2025-12-07 01:47:44 [[32minfo[39m]: Starting enhanced hybrid classification {
  "service": "medresearch-ai",
  "version": "4.1.0",
  "title": "Rare presentation of COVID-19 with neurological symptoms: a case report",
  "has_mesh": false,
  "has_pub_type": false
}
2025-12-07 01:47:44 [[32minfo[39m]: Starting keyword-based classification {
  "service": "medresearch-ai",
  "version": "4.1.0",
  "title": "Rare presentation of COVID-19 with neurological symptoms: a case report",
  "has_abstract": true,
  "has_methods": false
}
2025-12-07 01:47:44 [[32minfo[39m]: Keyword classification complete {
  "service": "medresearch-ai",
  "version": "4.1.0",
  "primary_design": "case_report",
  "confidence": 0.3175145874438255,
  "requires_review": true,
  "ambiguous": false
}
2025-12-07 01:47:44 [[32minfo[39m]: Classifying using statistical methods {
  "service": "medresearch-ai",
  "version": "4.1.0",
  "text_length": 230
}
2025-12-07 01:47:44 [[32minfo[39m]: Enhanced hybrid classification complete {
  "service": "medresearch-ai",
  "version": "4.1.0",
  "primary_design": "case_report",
  "confidence": 0.1270058349775302,
  "method": "ensemble",
  "keyword_weight": 0.4,
  "mesh_weight": 0.3,
  "statistical_weight": 0.3
}
Expected: case_report
Predicted: case_report
Confidence: 12.7%
Status: ✅ PASS
Top Keywords: case report, we report, rare presentation

📋 Test: Diagnostic Accuracy
--------------------------------------------------------------------------------
2025-12-07 01:47:44 [[32minfo[39m]: Classifying study design {
  "service": "medresearch-ai",
  "version": "4.1.0",
  "title": "Diagnostic accuracy of rapid antigen tests for COVID-19",
  "has_abstract": true,
  "has_methods": false,
  "has_full_text": false
}
2025-12-07 01:47:44 [[32minfo[39m]: Starting enhanced hybrid classification {
  "service": "medresearch-ai",
  "version": "4.1.0",
  "title": "Diagnostic accuracy of rapid antigen tests for COVID-19",
  "has_mesh": false,
  "has_pub_type": false
}
2025-12-07 01:47:44 [[32minfo[39m]: Starting keyword-based classification {
  "service": "medresearch-ai",
  "version": "4.1.0",
  "title": "Diagnostic accuracy of rapid antigen tests for COVID-19",
  "has_abstract": true,
  "has_methods": false
}
2025-12-07 01:47:44 [[32minfo[39m]: Keyword classification complete {
  "service": "medresearch-ai",
  "version": "4.1.0",
  "primary_design": "diagnostic_accuracy",
  "confidence": 0.7463179051006807,
  "requires_review": false,
  "ambiguous": false
}
2025-12-07 01:47:44 [[32minfo[39m]: Classifying using statistical methods {
  "service": "medresearch-ai",
  "version": "4.1.0",
  "text_length": 283
}
2025-12-07 01:47:44 [[32minfo[39m]: Statistical pattern match {
  "service": "medresearch-ai",
  "version": "4.1.0",
  "description": "Diagnostic accuracy metrics",
  "designs": [
    "diagnostic_accuracy"
  ],
  "weight": 9
}
2025-12-07 01:47:44 [[32minfo[39m]: Statistical pattern match {
  "service": "medresearch-ai",
  "version": "4.1.0",
  "description": "Reference standard",
  "designs": [
    "diagnostic_accuracy"
  ],
  "weight": 7
}
2025-12-07 01:47:44 [[32minfo[39m]: Enhanced hybrid classification complete {
  "service": "medresearch-ai",
  "version": "4.1.0",
  "primary_design": "diagnostic_accuracy",
  "confidence": 0.7185271620402723,
  "method": "ensemble",
  "keyword_weight": 0.4,
  "mesh_weight": 0.3,
  "statistical_weight": 0.3
}
Expected: diagnostic_accuracy
Predicted: diagnostic_accuracy
Confidence: 71.9%
Status: ✅ PASS
Top Keywords: diagnostic accuracy, sensitivity, specificity

📋 Test: Qualitative - Phenomenology
--------------------------------------------------------------------------------
2025-12-07 01:47:44 [[32minfo[39m]: Classifying study design {
  "service": "medresearch-ai",
  "version": "4.1.0",
  "title": "Lived experiences of cancer survivors: a phenomenological study",
  "has_abstract": true,
  "has_methods": false,
  "has_full_text": false
}
2025-12-07 01:47:44 [[32minfo[39m]: Starting enhanced hybrid classification {
  "service": "medresearch-ai",
  "version": "4.1.0",
  "title": "Lived experiences of cancer survivors: a phenomenological study",
  "has_mesh": false,
  "has_pub_type": false
}
2025-12-07 01:47:44 [[32minfo[39m]: Starting keyword-based classification {
  "service": "medresearch-ai",
  "version": "4.1.0",
  "title": "Lived experiences of cancer survivors: a phenomenological study",
  "has_abstract": true,
  "has_methods": false
}
2025-12-07 01:47:44 [[32minfo[39m]: Keyword classification complete {
  "service": "medresearch-ai",
  "version": "4.1.0",
  "primary_design": "phenomenology",
  "confidence": 0.8839899871502821,
  "requires_review": false,
  "ambiguous": false
}
2025-12-07 01:47:44 [[32minfo[39m]: Classifying using statistical methods {
  "service": "medresearch-ai",
  "version": "4.1.0",
  "text_length": 284
}
2025-12-07 01:47:44 [[32minfo[39m]: Enhanced hybrid classification complete {
  "service": "medresearch-ai",
  "version": "4.1.0",
  "primary_design": "phenomenology",
  "confidence": 0.35359599486011284,
  "method": "ensemble",
  "keyword_weight": 0.4,
  "mesh_weight": 0.3,
  "statistical_weight": 0.3
}
Expected: phenomenology
Predicted: phenomenology
Confidence: 35.4%
Status: ✅ PASS
Top Keywords: phenomenological, lived experience, interpretive phenomenological

📋 Test: Mixed Methods - Convergent
--------------------------------------------------------------------------------
2025-12-07 01:47:44 [[32minfo[39m]: Classifying study design {
  "service": "medresearch-ai",
  "version": "4.1.0",
  "title": "Patient satisfaction with telemedicine: a convergent mixed methods study",
  "has_abstract": true,
  "has_methods": false,
  "has_full_text": false
}
2025-12-07 01:47:44 [[32minfo[39m]: Starting enhanced hybrid classification {
  "service": "medresearch-ai",
  "version": "4.1.0",
  "title": "Patient satisfaction with telemedicine: a convergent mixed methods study",
  "has_mesh": false,
  "has_pub_type": false
}
2025-12-07 01:47:44 [[32minfo[39m]: Starting keyword-based classification {
  "service": "medresearch-ai",
  "version": "4.1.0",
  "title": "Patient satisfaction with telemedicine: a convergent mixed methods study",
  "has_abstract": true,
  "has_methods": false
}
2025-12-07 01:47:44 [[32minfo[39m]: Keyword classification complete {
  "service": "medresearch-ai",
  "version": "4.1.0",
  "primary_design": "convergent",
  "confidence": 0.11765621543622433,
  "requires_review": true,
  "ambiguous": false
}
2025-12-07 01:47:44 [[32minfo[39m]: Classifying using statistical methods {
  "service": "medresearch-ai",
  "version": "4.1.0",
  "text_length": 264
}
2025-12-07 01:47:44 [[32minfo[39m]: Enhanced hybrid classification complete {
  "service": "medresearch-ai",
  "version": "4.1.0",
  "primary_design": "convergent",
  "confidence": 0.047062486174489736,
  "method": "ensemble",
  "keyword_weight": 0.4,
  "mesh_weight": 0.3,
  "statistical_weight": 0.3
}
Expected: convergent
Predicted: convergent
Confidence: 4.7%
Status: ✅ PASS
Top Keywords: convergent, mixed methods

================================================================================
📊 TEST SUMMARY
================================================================================
Total Tests: 12
Passed: 12 (100.0%)
Failed: 0 (0.0%)
Accuracy: 100.0%

📋 DETAILED RESULTS:
--------------------------------------------------------------------------------
1. ✅ RCT - Parallel Group: rct_parallel (26.4%) ⚠️ Review 🔀 Ambiguous
2. ✅ RCT - Crossover: rct_crossover (61.3%) ⚠️ Review 
3. ✅ RCT - Cluster: rct_cluster (37.6%) ⚠️ Review 
4. ✅ Cohort - Prospective: cohort_prospective (64.8%) ⚠️ Review 🔀 Ambiguous
5. ✅ Case-Control: case_control (75.3%)  
6. ✅ Cross-Sectional: cross_sectional (46.0%) ⚠️ Review 
7. ✅ Systematic Review: systematic_review (60.1%) ⚠️ Review 🔀 Ambiguous
8. ✅ Meta-Analysis: meta_analysis (72.7%)  
9. ✅ Case Report: case_report (12.7%) ⚠️ Review 
10. ✅ Diagnostic Accuracy: diagnostic_accuracy (71.9%)  
11. ✅ Qualitative - Phenomenology: phenomenology (35.4%) ⚠️ Review 
12. ✅ Mixed Methods - Convergent: convergent (4.7%) ⚠️ Review 

📈 CONFIDENCE DISTRIBUTION:
--------------------------------------------------------------------------------
High (≥0.9): 0 (0.0%)
Medium (0.7-0.9): 3 (25.0%)
Low (<0.7): 9 (75.0%)

🎯 TARGET CHECK:
--------------------------------------------------------------------------------
✅ Target met! Accuracy 100.0% ≥ 70%

================================================================================

✅ All tests complete! Keyword classifier is ready.
✔ tests\test-study-design-classifier.js (322.7801ms)
═══════════════════════════════════════════════════════════
🧪 MCP Tool Registration Test Suite
═══════════════════════════════════════════════════════════
Testing 5 Phase 1 tools: verify_citations_batch, screen_citations_ml, check_grammar, check_prisma_compliance, create_project_dashboard
═══════════════════════════════════════════════════════════


🧪 Testing: 1. Index file exists and is readable...
   ✓ index.ts found (55423 bytes)
✅ PASSED: 1. Index file exists and is readable

🧪 Testing: 2. All 5 tools defined in TOOLS array...
   ✓ All 5 tools found in TOOLS array
✅ PASSED: 2. All 5 tools defined in TOOLS array

🧪 Testing: 3. All 5 tool imports exist...
   ✓ All 5 tool imports found
✅ PASSED: 3. All 5 tool imports exist

🧪 Testing: 4. All 5 tool handlers exist in switch statement...
   ✓ All 5 tool handlers found in switch statement
✅ PASSED: 4. All 5 tool handlers exist in switch statement

🧪 Testing: 5. All 5 tool schemas have required fields...
   ✓ All 5 tool schemas have required fields
✅ PASSED: 5. All 5 tool schemas have required fields

🧪 Testing: 6. All 5 compiled JavaScript files exist...
   ✓ All 5 compiled JavaScript files exist
✅ PASSED: 6. All 5 compiled JavaScript files exist

🧪 Testing: 7. All 5 TypeScript source files exist...
   ✓ All 5 TypeScript source files exist
✅ PASSED: 7. All 5 TypeScript source files exist

🧪 Testing: 8. Tool count verification (≥19 tools)...
   ✓ TOOLS array contains 42 tools (expected ≥19)
✅ PASSED: 8. Tool count verification (≥19 tools)

═══════════════════════════════════════════════════════════
📊 Test Summary
═══════════════════════════════════════════════════════════
Total Tests:  8
✅ Passed:    8
❌ Failed:    0
Duration:     0.01s
═══════════════════════════════════════════════════════════

✅ All tests passed!
✔ tests\test-tool-registration.js (155.5331ms)
╔════════════════════════════════════════════════════════════╗
║   Treatment Ranking - Test Suite                          ║
║   Version: 6.0.0-beta                                      ║
╚════════════════════════════════════════════════════════════╝

=== Test 1: Simple Ranking (3 Treatments) ===
  ✓ Best treatment: A
  ✓ SUCRA A: 98.3%
  ✓ SUCRA B: 44.3%
  ✓ SUCRA C: 7.4%
✅ Test 1 passed: Simple ranking

=== Test 2: SUCRA Range ===
  ✓ All SUCRA values in valid range
  ✓ All P-scores in valid range
  ✓ All probabilities in valid range
✅ Test 2 passed: SUCRA range validation

=== Test 3: Probability of Being Best ===
  ✓ Sum of prob_best: 1.000
  ✓ Best treatment prob_best: 99.9%
✅ Test 3 passed: Probability of being best

=== Test 4: Mean Rank ===
  ✓ Best treatment mean rank: 1.04
  ✓ Best treatment median rank: 1
✅ Test 4 passed: Mean rank calculation

=== Test 5: Rank Probabilities ===
  ✓ Rank probabilities sum to 1
✅ Test 5 passed: Rank probabilities

=== Test 6: Higher vs Lower is Better ===
  ✓ Higher is better - best: A
  ✓ Lower is better - best: B
✅ Test 6 passed: Higher vs lower is better

=== Test 7: Interpretation ===
  ✓ Interpretation: Based on 1,000 simulations, A ranks highest (SUCRA = 100.0%, 100.0% probability ...
✅ Test 7 passed: Interpretation generated

=== Test 8: Confidence Scoring ===
  ✓ Clear ranking confidence: 60.0%
  ✓ Uncertain ranking confidence: 50.0%
✅ Test 8 passed: Confidence scoring

=== Test 9: Recommendations ===
  ✓ Recommendations: 3
✅ Test 9 passed: Recommendations generated

=== Test 10: Warnings ===
  ✓ Warnings: 1
✅ Test 10 passed: Warnings generated

============================================================
TEST SUMMARY
============================================================
Total tests: 10
Passed: 10 ✅
Failed: 0 ❌
Success rate: 100.0%
============================================================
✔ tests\test-treatment-ranking.js (301.5045ms)
ℹ tests 98
ℹ suites 0
ℹ pass 92
ℹ fail 6
ℹ cancelled 0
ℹ skipped 0
ℹ todo 0
ℹ duration_ms 14197.8395

✖ failing tests:

test at tests\test-databases.js:1:1
✖ tests\test-databases.js (14004.9995ms)
  'test failed'

test at tests\test-grammar-checking.js:1:1
✖ tests\test-grammar-checking.js (395.3992ms)
  'test failed'

test at tests\test-meta-analysis.js:1:1
✖ tests\test-meta-analysis.js (169.0975ms)
  'test failed'

test at tests\test-ml-screening.js:1:1
✖ tests\test-ml-screening.js (477.3719ms)
  'test failed'

test at tests\test-plagiarism.js:1:1
✖ tests\test-plagiarism.js (139.7089ms)
  'test failed'

test at tests\test-prisma-compliance.js:1:1
✖ tests\test-prisma-compliance.js (341.9095ms)
  'test failed'
